Component: ARM Compiler 5.06 update 4 (build 422) Tool: armlink [4d35d2]

==============================================================================

Section Cross References

    main.o(.text) refers to segger_rtt_printf.o(.text) for SEGGER_RTT_printf
    main.o(.text) refers to heap_4.o(.text) for pvPortMalloc
    main.o(.text) refers to tasks.o(.text) for vTaskList
    main.o(.text) refers to timers.o(.text) for xTimerGenericCommand
    main.o(.text) refers to main.o(.text) for GPADC_Get_Calibration
    main.o(.text) refers to gpadc.o(.text) for GPADC_Init
    main.o(.text) refers to main.o(i.__ARM_common_switch8) for __ARM_common_switch8
    main.o(.text) refers to gpio.o(.text) for GPIO_Set_Output
    main.o(.text) refers to queue.o(.text) for xQueueGenericCreate
    main.o(.text) refers to lock.o(.text) for queue_en
    main.o(.text) refers to cat1.o(.text) for cat1_recv_reset
    main.o(.text) refers to gpio.o(.data) for GPIO_IRQ_CTRL
    main.o(.text) refers to main.o(.bss) for lock_info
    main.o(.text) refers to softtimer.o(.data) for KEY_DEBOUNCE_TIMER_EVT_ID
    main.o(.text) refers to lock.o(.data) for pcat1_handle
    main.o(.text) refers to ble.o(.text) for wake_up_souce_cfg
    main.o(.text) refers to uart.o(.text) for uart1_init
    main.o(.text) refers to memseta.o(.text) for __aeabi_memclr
    main.o(.text) refers to port.o(.text) for vPortEnterCritical
    main.o(.text) refers to timer.o(.text) for Timer_Evt_Start
    main.o(.text) refers to main.o(.data) for p_cat1_info
    main.o(.text) refers to uart.o(.bss) for otg_recv
    main.o(.text) refers to lock.o(.bss) for flash_data
    main.o(.text) refers to segger_rtt.o(.text) for SEGGER_RTT_Init
    main.o(.text) refers to softtimer.o(.text) for timers_init
    main.o(.text) refers to softtimer_task.o(.text) for SofttimerTask
    main.o(.text) refers to gpadc.o(.data) for channel
    softtimer.o(.text) refers to main.o(.text) for vTaskSendQueueEvt
    softtimer.o(.text) refers to gpio.o(.text) for GPIO_Pin_Turn
    softtimer.o(.text) refers to timers.o(.text) for xTimerGenericCommand
    softtimer.o(.text) refers to segger_rtt_printf.o(.text) for SEGGER_RTT_printf
    softtimer.o(.text) refers to main.o(.text) for GAPBBDelayMS
    softtimer.o(.text) refers to lock.o(.text) for gatt_send_data
    softtimer.o(.text) refers to tasks.o(.text) for xTaskGetTickCount
    softtimer.o(.text) refers to softtimer.o(.data) for cnt
    softtimer.o(.text) refers to main.o(.bss) for lock_info
    softtimer.o(.text) refers to memseta.o(.text) for __aeabi_memclr
    softtimer.o(.text) refers to cat1.o(.text) for cat1_error_led
    softtimer.o(.text) refers to timer.o(.text) for SYD_Timer_Init
    softtimer.o(.text) refers to main.o(.data) for lock_irq
    softtimer.o(.text) refers to lock.o(.data) for pcat1_handle
    softtimer.o(.text) refers to softtimer.o(.bss) for syd_sysTimer
    softtimer.o(.text) refers to rtc.o(.text) for SYD_RTC_Init
    softtimer.o(.text) refers to lock.o(.bss) for flash_data
    lock.o(.text) refers to segger_rtt_printf.o(.text) for SEGGER_RTT_printf
    lock.o(.text) refers to gpio.o(.text) for GPIO_Pin_Set
    lock.o(.text) refers to main.o(.text) for GAPBBDelayMS
    lock.o(.text) refers to aes.o(.text) for aes_encrypt_ccm
    lock.o(.text) refers to memcpya.o(.text) for __aeabi_memcpy
    lock.o(.text) refers to aes_ecb.o(.text) for aes_ecb_encrypt
    lock.o(.text) refers to lock.o(.data) for aesBuf
    lock.o(.text) refers to main.o(.bss) for lock_info
    lock.o(.text) refers to lock.o(.bss) for flash_data
    lock.o(.text) refers to ble.o(.data) for advertData
    lock.o(.text) refers to ble.o(.bss) for ble_gatt_data
    lock.o(.text) refers to ble.o(.text) for BLE_SendData
    lock.o(.text) refers to tasks.o(.text) for xTaskGetTickCount
    lock.o(.text) refers to timers.o(.text) for xTimerGenericCommand
    lock.o(.text) refers to cat1.o(.text) for ipaddrBuf_transition_char
    lock.o(.text) refers to softtimer.o(.data) for MOTOR_TIMEOUT_TIMER_EVT_ID
    lock.o(.text) refers to idiv.o(.text) for __aeabi_idivmod
    lock.o(.text) refers to memseta.o(.text) for __aeabi_memclr
    lock.o(.text) refers to heap_4.o(.text) for pvPortMalloc
    aes.o(.text) refers to aes.o(.constdata) for aes_sbox
    aes.o(.text) refers to memcpya.o(.text) for __aeabi_memcpy
    aes.o(.text) refers to memseta.o(.text) for __aeabi_memclr
    aes.o(.text) refers to idiv.o(.text) for __aeabi_idivmod
    aes.o(.text) refers to heap_4.o(.text) for pvPortMalloc
    aes.o(.text) refers to memcmp.o(.text) for memcmp
    aes_ecb.o(.text) refers to aes_ecb.o(.constdata) for sbox
    ota.o(.text) refers to memcpya.o(.text) for __aeabi_memcpy
    ota.o(.text) refers to main.o(.text) for CodeErase
    ota.o(.text) refers to segger_rtt_printf.o(.text) for SEGGER_RTT_printf
    ota.o(.text) refers to uread4.o(.text) for __aeabi_uread4
    ota.o(.text) refers to ble.o(.text) for BLSetConnectionUpdate
[...]
    _printf_int_dec                          0x00000000   Number         0  stubs.o ABSOLUTE
    _printf_l                                0x00000000   Number         0  stubs.o ABSOLUTE
    _printf_lc                               0x00000000   Number         0  stubs.o ABSOLUTE
    _printf_ll                               0x00000000   Number         0  stubs.o ABSOLUTE
    _printf_lld                              0x00000000   Number         0  stubs.o ABSOLUTE
    _printf_lli                              0x00000000   Number         0  stubs.o ABSOLUTE
    _printf_llo                              0x00000000   Number         0  stubs.o ABSOLUTE
    _printf_llu                              0x00000000   Number         0  stubs.o ABSOLUTE
    _printf_llx                              0x00000000   Number         0  stubs.o ABSOLUTE
    _printf_longlong_dec                     0x00000000   Number         0  stubs.o ABSOLUTE
    _printf_longlong_hex                     0x00000000   Number         0  stubs.o ABSOLUTE
    _printf_longlong_oct                     0x00000000   Number         0  stubs.o ABSOLUTE
    _printf_ls                               0x00000000   Number         0  stubs.o ABSOLUTE
    _printf_mbtowc                           0x00000000   Number         0  stubs.o ABSOLUTE
    _printf_n                                0x00000000   Number         0  stubs.o ABSOLUTE
    _printf_o                                0x00000000   Number         0  stubs.o ABSOLUTE
    _printf_p                                0x00000000   Number         0  stubs.o ABSOLUTE
    _printf_percent                          0x00000000   Number         0  stubs.o ABSOLUTE
    _printf_pre_padding                      0x00000000   Number         0  stubs.o ABSOLUTE
    _printf_return_value                     0x00000000   Number         0  stubs.o ABSOLUTE
    _printf_s                                0x00000000   Number         0  stubs.o ABSOLUTE
    _printf_sizespec                         0x00000000   Number         0  stubs.o ABSOLUTE
    _printf_str                              0x00000000   Number         0  stubs.o ABSOLUTE
    _printf_truncate_signed                  0x00000000   Number         0  stubs.o ABSOLUTE
    _printf_truncate_unsigned                0x00000000   Number         0  stubs.o ABSOLUTE
    _printf_u                                0x00000000   Number         0  stubs.o ABSOLUTE
    _printf_wc                               0x00000000   Number         0  stubs.o ABSOLUTE
    _printf_wctomb                           0x00000000   Number         0  stubs.o ABSOLUTE
    _printf_widthprec                        0x00000000   Number         0  stubs.o ABSOLUTE
    _printf_x                                0x00000000   Number         0  stubs.o ABSOLUTE
    __cpp_initialize__aeabi_                  - Undefined Weak Reference
    __cxa_finalize                            - Undefined Weak Reference
    _clock_init                               - Undefined Weak Reference
    _microlib_exit                            - Undefined Weak Reference
    __Vectors_Size                           0x000000c0   Number         0  startup_armcm0.o ABSOLUTE
    __Vectors                                0x10000000   Data           4  startup_armcm0.o(RESET)
    __Vectors_End                            0x100000c0   Data           0  startup_armcm0.o(RESET)
    __main                                   0x100000c1   Thumb Code     0  entry.o(.ARM.Collect$$$$00000000)
    _main_stk                                0x100000c1   Thumb Code     0  entry2.o(.ARM.Collect$$$$00000001)
    _main_scatterload                        0x100000c5   Thumb Code     0  entry5.o(.ARM.Collect$$$$00000004)
    __main_after_scatterload                 0x100000c9   Thumb Code     0  entry5.o(.ARM.Collect$$$$00000004)
    _main_clock                              0x100000c9   Thumb Code     0  entry7b.o(.ARM.Collect$$$$00000008)
    _main_cpp_init                           0x100000c9   Thumb Code     0  entry8b.o(.ARM.Collect$$$$0000000A)
    _main_init                               0x100000c9   Thumb Code     0  entry9a.o(.ARM.Collect$$$$0000000B)
    __rt_final_cpp                           0x100000d1   Thumb Code     0  entry10a.o(.ARM.Collect$$$$0000000D)
    __rt_final_exit                          0x100000d1   Thumb Code     0  entry11a.o(.ARM.Collect$$$$0000000F)
    __asm___6_port_c_39a90d8d__prvPortStartFirstTask 0x100000d5   Thumb Code    28  port.o(.emb_text)
    ulSetInterruptMaskFromISR                0x100000f5   Thumb Code     8  port.o(.emb_text)
    vClearInterruptMaskFromISR               0x100000fd   Thumb Code     6  port.o(.emb_text)
    PendSV_Handler                           0x10000103   Thumb Code    62  port.o(.emb_text)
    tasklist_monitor                         0x10000145   Thumb Code    62  main.o(.text)
    adc_init                                 0x1000024d   Thumb Code    34  main.o(.text)
    board_init                               0x1000026f   Thumb Code   396  main.o(.text)
    gpio_pin_sleep                           0x100003fb   Thumb Code    58  main.o(.text)
    KeyHandle_Task                           0x10000435   Thumb Code  3590  main.o(.text)
    vTaskSendQueueEvt                        0x1000123b   Thumb Code    68  main.o(.text)
    vStartThreadTasks                        0x1000127f   Thumb Code   150  main.o(.text)
    test                                     0x10001315   Thumb Code    16  main.o(.text)
    main                                     0x10001325   Thumb Code   704  main.o(.text)
    connection_latency_timer_evt_irq_handle  0x100015f1   Thumb Code    16  softtimer.o(.text)
    hall_tightend_timer_evt_irq_handle       0x1000175d   Thumb Code   378  softtimer.o(.text)
    hall_alarm_protect_timer_evt_irq_handle  0x100018d7   Thumb Code    16  softtimer.o(.text)
    hall_alarm_detect_timer_evt_irq_handle   0x100018e7   Thumb Code   124  softtimer.o(.text)
    ble_connect_timeout_evt_irq_handle       0x10001963   Thumb Code    16  softtimer.o(.text)
    open_lock_rotation_timeout_evt_irq_handle 0x10001973   Thumb Code    46  softtimer.o(.text)
    app_sleep_timer_evt_irq_handle           0x100019a1   Thumb Code    16  softtimer.o(.text)
    timers_init                              0x10001eff   Thumb Code   754  softtimer.o(.text)
    rtcs_init                                0x10002257   Thumb Code    86  softtimer.o(.text)
    hexprintf                                0x10002489   Thumb Code    48  lock.o(.text)
    hexprint                                 0x100024b9   Thumb Code    48  lock.o(.text)
    motor_brake                              0x100024e9   Thumb Code    20  lock.o(.text)
    motor_stop                               0x100024fd   Thumb Code    36  lock.o(.text)
    motor_forward                            0x10002521   Thumb Code    20  lock.o(.text)
    motor_reverse                            0x10002535   Thumb Code    20  lock.o(.text)
    Random_4                                 0x10002549   Thumb Code    30  lock.o(.text)
    app_aes_ccm_encypt                       0x10002567   Thumb Code    66  lock.o(.text)
    app_aes_ccm_decrypt                      0x100025a9   Thumb Code    82  lock.o(.text)
    get_lock_status                          0x100025fb   Thumb Code    58  lock.o(.text)
    get_lock_info                            0x10002635   Thumb Code   118  lock.o(.text)
    aes_ccm_key_init                         0x100026ab   Thumb Code   196  lock.o(.text)
    communicate_init                         0x1000276f   Thumb Code    66  lock.o(.text)
    write_flash                              0x100027b1   Thumb Code    24  lock.o(.text)
    Read_aesKey                              0x100027c9   Thumb Code     2  lock.o(.text)
    gatt_send_data                           0x100027cb   Thumb Code   498  lock.o(.text)
    handle_chg_key                           0x100029bd   Thumb Code     2  lock.o(.text)
    read_flash                               0x100029bf   Thumb Code    20  lock.o(.text)
    handle_chg_pwd                           0x100029d3   Thumb Code   152  lock.o(.text)
    revmemcpy                                0x10002a6b   Thumb Code    32  lock.o(.text)
    Gatt_Rx_Handle                           0x10002a8b   Thumb Code  2234  lock.o(.text)
    queue_create                             0x10003345   Thumb Code    86  lock.o(.text)
    flash_data_init                          0x1000339b   Thumb Code   290  lock.o(.text)
    ByteToHexStr                             0x100034bd   Thumb Code    76  lock.o(.text)
    feed_dog                                 0x10003509   Thumb Code    26  lock.o(.text)
    delay_ms                                 0x10003523   Thumb Code    36  lock.o(.text)
    queue_is_empty                           0x10003547   Thumb Code    26  lock.o(.text)
    queue_is_full                            0x10003561   Thumb Code    28  lock.o(.text)
    queue_en                                 0x1000357d   Thumb Code    90  lock.o(.text)
    queue_de                                 0x100035d7   Thumb Code    64  lock.o(.text)
    queue_clear                              0x10003617   Thumb Code    34  lock.o(.text)
    ecb_test                                 0x10003639   Thumb Code   476  lock.o(.text)
    xor_buf                                  0x1000385d   Thumb Code    24  aes.o(.text)
    Cx_AddRoundKey                           0x10003875   Thumb Code   284  aes.o(.text)
    Cx_ShiftRows                             0x10003991   Thumb Code    50  aes.o(.text)
    Cx_SubBytes                              0x100039c3   Thumb Code   322  aes.o(.text)
    Cx_MixColumns                            0x10003b05   Thumb Code   930  aes.o(.text)
    aes_encrypt                              0x10003ea7   Thumb Code   622  aes.o(.text)
    aes_encrypt_cbc                          0x10004115   Thumb Code   156  aes.o(.text)
    Cx_InvSubBytes                           0x100041b1   Thumb Code   332  aes.o(.text)
    Cx_InvShiftRows                          0x100042fd   Thumb Code    50  aes.o(.text)
    Cx_InvMixColumns                         0x1000432f   Thumb Code  1294  aes.o(.text)
    aes_decrypt                              0x1000483d   Thumb Code   604  aes.o(.text)
    aes_decrypt_cbc                          0x10004a99   Thumb Code    96  aes.o(.text)
    aes_encrypt_cbc_mac                      0x10004af9   Thumb Code   108  aes.o(.text)
    increment_iv                             0x10004b65   Thumb Code    42  aes.o(.text)
    aes_encrypt_ctr                          0x10004b8f   Thumb Code   114  aes.o(.text)
    aes_decrypt_ctr                          0x10004c01   Thumb Code    34  aes.o(.text)
    ccm_prepare_first_ctr_blk                0x10004c23   Thumb Code    38  aes.o(.text)
    ccm_format_payload_data                  0x10004c49   Thumb Code    70  aes.o(.text)
    ccm_format_assoc_data                    0x10004c8f   Thumb Code    88  aes.o(.text)
    ccm_prepare_first_format_blk             0x10004ce7   Thumb Code    82  aes.o(.text)
    SubWord                                  0x10004d39   Thumb Code    78  aes.o(.text)
    aes_key_setup                            0x10004d87   Thumb Code   244  aes.o(.text)
    aes_encrypt_ccm                          0x10004e7b   Thumb Code   302  aes.o(.text)
    aes_decrypt_ccm                          0x10004fa9   Thumb Code   298  aes.o(.text)
    aes_ecb_encrypt                          0x10005d1b   Thumb Code    28  aes_ecb.o(.text)
    aes_ecb_decrypt                          0x10005d37   Thumb Code    28  aes_ecb.o(.text)
    CmdFwErase                               0x10005d87   Thumb Code    22  ota.o(.text)
    ota_variable_clear                       0x10005f77   Thumb Code    38  ota.o(.text)
    ota_cmd                                  0x10005f9d   Thumb Code  1114  ota.o(.text)
    ota_rsp                                  0x100063f7   Thumb Code    42  ota.o(.text)
    compare_str                              0x10006581   Thumb Code   108  cat1.o(.text)
    cat1_recv_reset                          0x1000673b   Thumb Code    14  cat1.o(.text)
    chk8xor                                  0x100067ef   Thumb Code    42  cat1.o(.text)
    get_file_data                            0x10006819   Thumb Code   596  cat1.o(.text)
    get_filehandle                           0x10006a6d   Thumb Code    78  cat1.o(.text)
    get_file_size                            0x10006abb   Thumb Code   134  cat1.o(.text)
    get_gps_info                             0x10006b41   Thumb Code  1126  cat1.o(.text)
    get_current_time                         0x10006fa7   Thumb Code   116  cat1.o(.text)
    fill_apn_msg                             0x1000701b   Thumb Code   356  cat1.o(.text)
    compare_buf                              0x1000717f   Thumb Code    44  cat1.o(.text)
    iccid_trans_byte                         0x100071ab   Thumb Code   264  cat1.o(.text)
    imei_trans_byte                          0x100072b3   Thumb Code   460  cat1.o(.text)
    get_gps_state                            0x1000747f   Thumb Code    24  cat1.o(.text)
    ec800g_power_on                          0x10008817   Thumb Code   326  cat1.o(.text)
    cat1_error_led                           0x10008979   Thumb Code   110  cat1.o(.text)
    ec800g_send_lock_cmd                     0x100089e7   Thumb Code    18  cat1.o(.text)
    ipaddrBuf_transition_char                0x100089f9   Thumb Code   380  cat1.o(.text)
    cat1_init                                0x10008b75   Thumb Code    14  cat1.o(.text)
    string_to_hex                            0x10009793   Thumb Code   220  udp.o(.text)
    hex_to_string                            0x1000986f   Thumb Code   384  udp.o(.text)
    udp_msg_init                             0x100099ef   Thumb Code     4  udp.o(.text)
    ota_manage                               0x100099f9   Thumb Code   242  softtimer_task.o(.text)
    SofttimerTask                            0x10009aeb   Thumb Code  1482  softtimer_task.o(.text)
    scanRspData_set_dev_id                   0x1000a179   Thumb Code    78  ble.o(.text)
    setup_adv_data                           0x1000a1c7   Thumb Code   164  ble.o(.text)
    BLE_SendData                             0x1000a26b   Thumb Code    76  ble.o(.text)
    BLSetConnectionUpdate                    0x1000a2b7   Thumb Code   226  ble.o(.text)
    ble_evt_callback                         0x1000a575   Thumb Code  1050  ble.o(.text)
    ble_init                                 0x1000a98f   Thumb Code   172  ble.o(.text)
    wake_up_souce_cfg                        0x1000aa3b   Thumb Code   144  ble.o(.text)
    wake_up_ble_init                         0x1000aacb   Thumb Code   466  ble.o(.text)
    GPIO_Pin_Read                            0x1000ac9d   Thumb Code    34  gpio.o(.text)
    GPIO_Pin_Clear                           0x1000acbf   Thumb Code    50  gpio.o(.text)
    GPIO_Pin_Set                             0x1000acf1   Thumb Code    50  gpio.o(.text)
    hw_gpio_init                             0x1000ad23   Thumb Code   272  gpio.o(.text)
    PIN_Set_GPIO                             0x1000ae33   Thumb Code    50  gpio.o(.text)
    PIN_Pullup_Enable                        0x1000ae65   Thumb Code   150  gpio.o(.text)
    PIN_Pullup_Disable                       0x1000aefb   Thumb Code   148  gpio.o(.text)
    GPIO_Set_Output                          0x1000af8f   Thumb Code    50  gpio.o(.text)
    GPIO_Set_Input                           0x1000afc1   Thumb Code   312  gpio.o(.text)
    GPIO_Set_Input_DIR                       0x1000b0f9   Thumb Code    50  gpio.o(.text)
    GPIO_Input_Enable                        0x1000b12b   Thumb Code    50  gpio.o(.text)
    GPIO_Input_Disable                       0x1000b15d   Thumb Code    50  gpio.o(.text)
    GPIO_Pin_Turn                            0x1000b18f   Thumb Code    50  gpio.o(.text)
    io_irq_enable                            0x1000b1c1   Thumb Code   150  gpio.o(.text)
    io_irq_disable                           0x1000b257   Thumb Code    52  gpio.o(.text)
    io_irq_disable_all                       0x1000b28b   Thumb Code   100  gpio.o(.text)
    GPIO_IRQHandler                          0x1000b2ef   Thumb Code   132  gpio.o(.text)
    uart0_init                               0x1000b3bf   Thumb Code   342  uart.o(.text)
    uart0_write_one                          0x1000b515   Thumb Code    40  uart.o(.text)
    uart0_write                              0x1000b53d   Thumb Code    28  uart.o(.text)
    uart0_read                               0x1000b559   Thumb Code    72  uart.o(.text)
    uart0_close                              0x1000b5a1   Thumb Code    26  uart.o(.text)
    UART0_RxCpltCallback                     0x1000b5bb   Thumb Code   102  uart.o(.text)
    UART0_IRQHandler                         0x1000b621   Thumb Code   100  uart.o(.text)
    uart1_init                               0x1000b685   Thumb Code   372  uart.o(.text)
    uart1_write_one                          0x1000b7f9   Thumb Code    40  uart.o(.text)
    uart1_write                              0x1000b821   Thumb Code    28  uart.o(.text)
    uart1_read                               0x1000b83d   Thumb Code    72  uart.o(.text)
    uart1_close                              0x1000b885   Thumb Code    26  uart.o(.text)
    UART1_RxCpltCallback                     0x1000b89f   Thumb Code   130  uart.o(.text)
    UART1_IRQHandler                         0x1000b921   Thumb Code   100  uart.o(.text)
    uart0_recv_data                          0x1000b985   Thumb Code   342  uart.o(.text)
    uart1_recv_data                          0x1000badb   Thumb Code   716  uart.o(.text)
    receive_cmd_timeout                      0x1000bda7   Thumb Code   550  uart.o(.text)
    send_at_cmd                              0x1000bfcd   Thumb Code    30  uart.o(.text)
    UartHandle_Task                          0x1000bfeb   Thumb Code   324  uart.o(.text)
    GPADC_channel_sel                        0x1000c18d   Thumb Code    48  gpadc.o(.text)
    GPADC_Init                               0x1000c1bd   Thumb Code   300  gpadc.o(.text)
    GPADC_start                              0x1000c2e9   Thumb Code    42  gpadc.o(.text)
    GPADC_stop                               0x1000c313   Thumb Code   142  gpadc.o(.text)
    GPADC_get_value                          0x1000c3a1   Thumb Code    20  gpadc.o(.text)
    compDec                                  0x1000c3b5   Thumb Code    10  gpadc.o(.text)
    get_battery                              0x1000c3bf   Thumb Code   578  gpadc.o(.text)
    GPADC_IRQHandler                         0x1000c601   Thumb Code   224  gpadc.o(.text)
    pwm_enable                               0x1000c73d   Thumb Code   194  pwm.o(.text)
    pwm_disable                              0x1000c7ff   Thumb Code    72  pwm.o(.text)
    Hpwm_Stop                                0x1000c847   Thumb Code    16  pwm.o(.text)
    Hpwm_Init                                0x1000c857   Thumb Code   408  pwm.o(.text)
    Hpwm_Set_duty                            0x1000c9ef   Thumb Code   114  pwm.o(.text)
    Hpwm_Set_period                          0x1000ca61   Thumb Code    18  pwm.o(.text)
    Hpwm_Set_mode                            0x1000ca73   Thumb Code    20  pwm.o(.text)
    Hpwm_Start                               0x1000ca87   Thumb Code    16  pwm.o(.text)
    HPWM_IRQHandler                          0x1000ca97   Thumb Code    96  pwm.o(.text)
    LPWM_Init                                0x1000caf7   Thumb Code   188  pwm.o(.text)
    HPWM_Handler                             0x1000cbb3   Thumb Code    32  pwm.o(.text)
    pwm_init                                 0x1000cbd3   Thumb Code    18  pwm.o(.text)
    vListInitialise                          0x1000cbe5   Thumb Code    26  list.o(.text)
    vListInitialiseItem                      0x1000cbff   Thumb Code     6  list.o(.text)
    vListInsertEnd                           0x1000cc05   Thumb Code    24  list.o(.text)
    vListInsert                              0x1000cc1d   Thumb Code    54  list.o(.text)
    uxListRemove                             0x1000cc53   Thumb Code    40  list.o(.text)
    xQueueGenericReset                       0x1000cc7d   Thumb Code   126  queue.o(.text)
    xQueueGenericCreate                      0x1000ccfb   Thumb Code   124  queue.o(.text)
    xQueueGenericSend                        0x1000cf2d   Thumb Code   358  queue.o(.text)
    xQueueCreateMutex                        0x1000d093   Thumb Code    92  queue.o(.text)
    xQueueGiveMutexRecursive                 0x1000d0ef   Thumb Code    60  queue.o(.text)
    xQueueGenericReceive                     0x1000d173   Thumb Code   368  queue.o(.text)
    xQueueTakeMutexRecursive                 0x1000d2e3   Thumb Code    66  queue.o(.text)
    xQueueCreateCountingSemaphore            0x1000d325   Thumb Code    78  queue.o(.text)
    xQueueGenericSendFromISR                 0x1000d373   Thumb Code   204  queue.o(.text)
    xQueueGiveFromISR                        0x1000d43f   Thumb Code   182  queue.o(.text)
    xQueueReceiveFromISR                     0x1000d4f5   Thumb Code   144  queue.o(.text)
    xQueuePeekFromISR                        0x1000d585   Thumb Code   108  queue.o(.text)
    uxQueueMessagesWaiting                   0x1000d5f1   Thumb Code    28  queue.o(.text)
    uxQueueSpacesAvailable                   0x1000d60d   Thumb Code    34  queue.o(.text)
    uxQueueMessagesWaitingFromISR            0x1000d62f   Thumb Code    16  queue.o(.text)
    vQueueUnregisterQueue                    0x1000d63f   Thumb Code    40  queue.o(.text)
    vQueueDelete                             0x1000d667   Thumb Code    30  queue.o(.text)
    uxQueueGetQueueNumber                    0x1000d685   Thumb Code     6  queue.o(.text)
    vQueueSetQueueNumber                     0x1000d68b   Thumb Code     4  queue.o(.text)
    ucQueueGetQueueType                      0x1000d68f   Thumb Code     8  queue.o(.text)
    xQueueIsQueueEmptyFromISR                0x1000d697   Thumb Code    26  queue.o(.text)
    xQueueIsQueueFullFromISR                 0x1000d6b1   Thumb Code    28  queue.o(.text)
    vQueueAddToRegistry                      0x1000d6cd   Thumb Code    40  queue.o(.text)
    vQueueWaitForMessageRestricted           0x1000d6f5   Thumb Code    60  queue.o(.text)
    xQueueCreateSet                          0x1000d731   Thumb Code    20  queue.o(.text)
    xQueueAddToSet                           0x1000d745   Thumb Code    42  queue.o(.text)
    xQueueRemoveFromSet                      0x1000d76f   Thumb Code    46  queue.o(.text)
    xQueueSelectFromSet                      0x1000d79d   Thumb Code    26  queue.o(.text)
    xQueueSelectFromSetFromISR               0x1000d7b7   Thumb Code    22  queue.o(.text)
    xTaskGenericCreate                       0x1000d8b7   Thumb Code   288  tasks.o(.text)
    vTaskDelete                              0x1000da05   Thumb Code   134  tasks.o(.text)
    xTaskIncrementTick                       0x1000da8b   Thumb Code   250  tasks.o(.text)
    xTaskResumeAll                           0x1000db85   Thumb Code   284  tasks.o(.text)
    vTaskSuspendAll                          0x1000dcdf   Thumb Code    12  tasks.o(.text)
    vTaskDelayUntil                          0x1000dceb   Thumb Code   160  tasks.o(.text)
    vTaskDelay                               0x1000dd8b   Thumb Code    76  tasks.o(.text)
    eTaskGetState                            0x1000ddd7   Thumb Code    94  tasks.o(.text)
    uxTaskPriorityGet                        0x1000de35   Thumb Code    32  tasks.o(.text)
    uxTaskPriorityGetFromISR                 0x1000de55   Thumb Code    36  tasks.o(.text)
    vTaskPrioritySet                         0x1000de79   Thumb Code   214  tasks.o(.text)
    vTaskSwitchContext                       0x1000df4f   Thumb Code   120  tasks.o(.text)
    vTaskSuspend                             0x1000dfc7   Thumb Code   202  tasks.o(.text)
    vTaskResume                              0x1000e0db   Thumb Code   102  tasks.o(.text)
    xTaskResumeFromISR                       0x1000e141   Thumb Code   116  tasks.o(.text)
    vPortSuppressTicksAndSleep               0x1000e1b5   Thumb Code    56  tasks.o(.text)
    vTaskStartScheduler                      0x1000e2d1   Thumb Code    76  tasks.o(.text)
    vTaskEndScheduler                        0x1000e31d   Thumb Code    16  tasks.o(.text)
    xTaskGetTickCount                        0x1000e32d   Thumb Code    18  tasks.o(.text)
    xTaskGetTickCountFromISR                 0x1000e33f   Thumb Code    22  tasks.o(.text)
    uxTaskGetNumberOfTasks                   0x1000e355   Thumb Code     6  tasks.o(.text)
    pcTaskGetTaskName                        0x1000e35b   Thumb Code    32  tasks.o(.text)
    uxTaskGetSystemState                     0x1000e489   Thumb Code   128  tasks.o(.text)
    xTaskGetIdleTaskHandle                   0x1000e509   Thumb Code    30  tasks.o(.text)
    vTaskStepTick                            0x1000e527   Thumb Code    42  tasks.o(.text)
    vTaskPlaceOnEventList                    0x1000e551   Thumb Code    72  tasks.o(.text)
    vTaskPlaceOnUnorderedEventList           0x1000e599   Thumb Code   110  tasks.o(.text)
    vTaskPlaceOnEventListRestricted          0x1000e607   Thumb Code    52  tasks.o(.text)
    xTaskRemoveFromEventList                 0x1000e63b   Thumb Code   116  tasks.o(.text)
    xTaskRemoveFromUnorderedEventList        0x1000e6af   Thumb Code   122  tasks.o(.text)
    vTaskSetTimeOutState                     0x1000e729   Thumb Code    24  tasks.o(.text)
    xTaskCheckForTimeOut                     0x1000e741   Thumb Code   106  tasks.o(.text)
    vTaskMissedYield                         0x1000e7ab   Thumb Code     8  tasks.o(.text)
    uxTaskGetTaskNumber                      0x1000e7b3   Thumb Code    16  tasks.o(.text)
    vTaskSetTaskNumber                       0x1000e7c3   Thumb Code    10  tasks.o(.text)
    eTaskConfirmSleepModeStatus              0x1000e7cd   Thumb Code    26  tasks.o(.text)
    uxTaskGetStackHighWaterMark              0x1000e7e7   Thumb Code    32  tasks.o(.text)
    xTaskGetCurrentTaskHandle                0x1000e807   Thumb Code     6  tasks.o(.text)
    xTaskGetSchedulerState                   0x1000e80d   Thumb Code    28  tasks.o(.text)
    vTaskPriorityInherit                     0x1000e829   Thumb Code   194  tasks.o(.text)
    xTaskPriorityDisinherit                  0x1000e8eb   Thumb Code   124  tasks.o(.text)
    vTaskList                                0x1000e991   Thumb Code   180  tasks.o(.text)
    uxTaskResetEventItemValue                0x1000ea45   Thumb Code    24  tasks.o(.text)
    pvTaskIncrementMutexHeldCount            0x1000ea5d   Thumb Code    28  tasks.o(.text)
    ulTaskNotifyTake                         0x1000ea79   Thumb Code   144  tasks.o(.text)
    xTaskNotifyWait                          0x1000eb09   Thumb Code   176  tasks.o(.text)
    xTaskGenericNotify                       0x1000ebb9   Thumb Code   200  tasks.o(.text)
    xTaskNotifyFromISR                       0x1000ec81   Thumb Code   262  tasks.o(.text)
    vTaskNotifyGiveFromISR                   0x1000ed87   Thumb Code   150  tasks.o(.text)
    xTimerGenericCommand                     0x1000ee7d   Thumb Code   100  timers.o(.text)
    xTimerCreateTimerTask                    0x1000f1c3   Thumb Code    60  timers.o(.text)
    xTimerCreate                             0x1000f1ff   Thumb Code   128  timers.o(.text)
    xTimerGetTimerDaemonTaskHandle           0x1000f27f   Thumb Code    30  timers.o(.text)
    pcTimerGetTimerName                      0x1000f29d   Thumb Code     8  timers.o(.text)
    xTimerIsTimerActive                      0x1000f2a5   Thumb Code    36  timers.o(.text)
    pvTimerGetTimerID                        0x1000f2c9   Thumb Code    30  timers.o(.text)
    vTimerSetTimerID                         0x1000f2e7   Thumb Code    30  timers.o(.text)
    xTimerPendFunctionCallFromISR            0x1000f305   Thumb Code    46  timers.o(.text)
    xTimerPendFunctionCall                   0x1000f333   Thumb Code    58  timers.o(.text)
    pvPortMalloc                             0x1000f439   Thumb Code   264  heap_4.o(.text)
    vPortFree                                0x1000f541   Thumb Code   120  heap_4.o(.text)
    xPortGetFreeHeapSize                     0x1000f5b9   Thumb Code     6  heap_4.o(.text)
    xPortGetMinimumEverFreeHeapSize          0x1000f5bf   Thumb Code     6  heap_4.o(.text)
    vPortInitialiseBlocks                    0x1000f5c5   Thumb Code     2  heap_4.o(.text)
    pxPortInitialiseStack                    0x1000f601   Thumb Code    26  port.o(.text)
    SVC_Handler                              0x1000f61b   Thumb Code     2  port.o(.text)
    xPortSysTickHandler                      0x1000f61d   Thumb Code    32  port.o(.text)
    xPortStartScheduler                      0x1000f649   Thumb Code    48  port.o(.text)
    vPortEndScheduler                        0x1000f679   Thumb Code    30  port.o(.text)
    vPortYield                               0x1000f697   Thumb Code    18  port.o(.text)
    vPortEnterCritical                       0x1000f6a9   Thumb Code    22  port.o(.text)
    vPortExitCritical                        0x1000f6bf   Thumb Code    36  port.o(.text)
    SEGGER_RTT_ReadNoLock                    0x1000f83f   Thumb Code   168  segger_rtt.o(.text)
    SEGGER_RTT_Read                          0x1000f8e7   Thumb Code    50  segger_rtt.o(.text)
    SEGGER_RTT_WriteWithOverwriteNoLock      0x1000f919   Thumb Code   170  segger_rtt.o(.text)
    SEGGER_RTT_WriteSkipNoLock               0x1000f9c3   Thumb Code   178  segger_rtt.o(.text)
    SEGGER_RTT_WriteNoLock                   0x1000fa75   Thumb Code   170  segger_rtt.o(.text)
    SEGGER_RTT_Write                         0x1000fb1f   Thumb Code    66  segger_rtt.o(.text)
    SEGGER_RTT_WriteString                   0x1000fb61   Thumb Code    26  segger_rtt.o(.text)
    SEGGER_RTT_PutCharSkipNoLock             0x1000fb7b   Thumb Code    50  segger_rtt.o(.text)
    SEGGER_RTT_PutCharSkip                   0x1000fbad   Thumb Code    94  segger_rtt.o(.text)
    SEGGER_RTT_PutChar                       0x1000fc0b   Thumb Code   108  segger_rtt.o(.text)
    SEGGER_RTT_GetKey                        0x1000fc77   Thumb Code    32  segger_rtt.o(.text)
    SEGGER_RTT_WaitKey                       0x1000fc97   Thumb Code    14  segger_rtt.o(.text)
    SEGGER_RTT_HasKey                        0x1000fca5   Thumb Code    38  segger_rtt.o(.text)
    SEGGER_RTT_HasData                       0x1000fccb   Thumb Code    22  segger_rtt.o(.text)
    SEGGER_RTT_AllocDownBuffer               0x1000fce1   Thumb Code   164  segger_rtt.o(.text)
    SEGGER_RTT_AllocUpBuffer                 0x1000fd85   Thumb Code   164  segger_rtt.o(.text)
    SEGGER_RTT_ConfigUpBuffer                0x1000fe29   Thumb Code   142  segger_rtt.o(.text)
    SEGGER_RTT_ConfigDownBuffer              0x1000feb7   Thumb Code   146  segger_rtt.o(.text)
    SEGGER_RTT_SetNameUpBuffer               0x1000ff49   Thumb Code    80  segger_rtt.o(.text)
    SEGGER_RTT_SetNameDownBuffer             0x1000ff99   Thumb Code    78  segger_rtt.o(.text)
    SEGGER_RTT_SetFlagsUpBuffer              0x1000ffe7   Thumb Code    82  segger_rtt.o(.text)
    SEGGER_RTT_SetFlagsDownBuffer            0x10010039   Thumb Code    80  segger_rtt.o(.text)
    SEGGER_RTT_Init                          0x10010089   Thumb Code     8  segger_rtt.o(.text)
    SEGGER_RTT_SetTerminal                   0x10010091   Thumb Code   140  segger_rtt.o(.text)
    SEGGER_RTT_TerminalOut                   0x1001011d   Thumb Code   248  segger_rtt.o(.text)
    SEGGER_RTT_vprintf                       0x1001048b   Thumb Code   646  segger_rtt_printf.o(.text)
    SEGGER_RTT_printf                        0x10010711   Thumb Code    36  segger_rtt_printf.o(.text)
    SEGGER_RTT_hexdump                       0x10010735   Thumb Code   122  segger_rtt_printf.o(.text)
    Reset_Handler                            0x100107c5   Thumb Code     8  startup_armcm0.o(.text)
    NMI_Handler                              0x100107cd   Thumb Code     2  startup_armcm0.o(.text)
    HardFault_Handler                        0x100107cf   Thumb Code     2  startup_armcm0.o(.text)
    SysTick_Handler                          0x100107d5   Thumb Code     2  startup_armcm0.o(.text)
    CAP_IRQHandler                           0x100107d7   Thumb Code     0  startup_armcm0.o(.text)
    HID_IRQHandler                           0x100107d7   Thumb Code     0  startup_armcm0.o(.text)
    HTIMER_IRQHandler                        0x100107d7   Thumb Code     0  startup_armcm0.o(.text)
    I2C0_IRQHandler                          0x100107d7   Thumb Code     0  startup_armcm0.o(.text)
    I2C1_IRQHandler                          0x100107d7   Thumb Code     0  startup_armcm0.o(.text)
    IR_Rx_IRQHandler                         0x100107d7   Thumb Code     0  startup_armcm0.o(.text)
    IR_Tx_IRQHandler                         0x100107d7   Thumb Code     0  startup_armcm0.o(.text)
    ISO_7816_IRQHandler                      0x100107d7   Thumb Code     0  startup_armcm0.o(.text)
    LLC2_IRQHandler                          0x100107d7   Thumb Code     0  startup_armcm0.o(.text)
    LLC_IRQHandler                           0x100107d7   Thumb Code     0  startup_armcm0.o(.text)
    SPIM_IRQHandler                          0x100107d7   Thumb Code     0  startup_armcm0.o(.text)
    SW_IRQHandler                            0x100107d7   Thumb Code     0  startup_armcm0.o(.text)
    TIMER3_IRQHandler                        0x100107d7   Thumb Code     0  startup_armcm0.o(.text)
    TOUCH_IRQHandler                         0x100107d7   Thumb Code     0  startup_armcm0.o(.text)
    SystemCoreClockUpdate                    0x100107e1   Thumb Code     8  system_armcm0.o(.text)
    SystemInit                               0x100107e9   Thumb Code     8  system_armcm0.o(.text)
    LLPingReq                                0x1001091f   Thumb Code    26  main.o(.text)
    _BBGetMask                               0x10010b8d   Thumb Code   158  main.o(.text)
    Lib_LLEvtCallback                        0x10010c2b   Thumb Code   186  main.o(.text)
    ConnectionLatencyMode                    0x10010ce5   Thumb Code   112  main.o(.text)
    sw_timer_latency_callback                0x10010d55   Thumb Code    42  main.o(.text)
    TimerStart                               0x10010d7f   Thumb Code    10  main.o(.text)
    smart_latency_start                      0x10010d89   Thumb Code   212  main.o(.text)
    smart_update_latency_updatersp           0x10010e5d   Thumb Code   162  main.o(.text)
    BBRFRead                                 0x10010eff   Thumb Code     4  main.o(.text)
    BBRFWrite                                0x10010f03   Thumb Code     6  main.o(.text)
    RCOSCCalibration                         0x10010f09   Thumb Code    64  main.o(.text)
    RFSleep                                  0x10010f49   Thumb Code    10  main.o(.text)
    UartEn                                   0x10010f53   Thumb Code    32  main.o(.text)
    _SYS32kClockSwitch                       0x10010f73   Thumb Code   264  main.o(.text)
    ClockSwitch                              0x1001107b   Thumb Code    10  main.o(.text)
    RFWakeup                                 0x10011085   Thumb Code    22  main.o(.text)
    LPOCalibration                           0x1001109b   Thumb Code   242  main.o(.text)
    smart_latency_clear                      0x1001118d   Thumb Code    12  main.o(.text)
    Lib_EvtCallback                          0x10011199   Thumb Code   248  main.o(.text)
    _BMGetNextBondDevice                     0x10011291   Thumb Code   144  main.o(.text)
    __LLVersionIndRxHandler                  0x10011415   Thumb Code    66  main.o(.text)
    GetMasterSystem                          0x10011457   Thumb Code     6  main.o(.text)
    TimerStop                                0x1001145d   Thumb Code    56  main.o(.text)
    smart_update_retry                       0x10011495   Thumb Code   158  main.o(.text)
    sw_timer_update_callback                 0x10011533   Thumb Code    60  main.o(.text)
    smart_update_latency_updatareq           0x1001156f   Thumb Code   496  main.o(.text)
    Lib_ProtocolHookCallback                 0x1001175f   Thumb Code   116  main.o(.text)
    Lib_MiscCallback                         0x100117d3   Thumb Code    14  main.o(.text)
    BleInit                                  0x100117e1   Thumb Code   348  main.o(.text)
    DisConnect                               0x1001193d   Thumb Code    10  main.o(.text)
    SetDevAddr                               0x10011947   Thumb Code    12  main.o(.text)
    GetDevAddr                               0x10011953   Thumb Code    12  main.o(.text)
    SetLEFeature                             0x1001195f   Thumb Code    12  main.o(.text)
    SetAdvAccCode                            0x1001196b   Thumb Code    12  main.o(.text)
    SetAdvParams                             0x10011977   Thumb Code    12  main.o(.text)
    SetAdvData                               0x10011983   Thumb Code    12  main.o(.text)
    StartAdv                                 0x10011bbd   Thumb Code    10  main.o(.text)
    StopAdv                                  0x10011bc7   Thumb Code    24  main.o(.text)
    StopAdv_Noreset                          0x10011bdf   Thumb Code    38  main.o(.text)
    SetScanParams                            0x10011c05   Thumb Code    10  main.o(.text)
    _BBSetScan                               0x10011c0f   Thumb Code    46  main.o(.text)
    _GAPStartScan                            0x10011c3d   Thumb Code   230  main.o(.text)
    StartScan                                0x10011d23   Thumb Code    10  main.o(.text)
    StopScan                                 0x10011d2d   Thumb Code    10  main.o(.text)
    SetSecParams                             0x10011d37   Thumb Code    12  main.o(.text)
    SetConnectionUpdate                      0x10011d43   Thumb Code    12  main.o(.text)
    GetLinkParameters                        0x10011d4f   Thumb Code    12  main.o(.text)
    SetWinWideMinusCnt                       0x10011d5b   Thumb Code     8  main.o(.text)
    SetPasskey                               0x10011d63   Thumb Code    12  main.o(.text)
    SecurityReq                              0x10011d6f   Thumb Code    12  main.o(.text)
    SetEvtCallback                           0x10011d7b   Thumb Code    54  main.o(.text)
    GetGATTReportHandle                      0x10011db1   Thumb Code    10  main.o(.text)
    SetGATTReadRsp                           0x10011dbb   Thumb Code    12  main.o(.text)
    CheckFIFOFull                            0x10011dc7   Thumb Code    18  main.o(.text)
    GATTDataSend                             0x10011dd9   Thumb Code    86  main.o(.text)
    ATTCSetCallback                          0x10011e2f   Thumb Code     4  main.o(.text)
    ATTCMTUReq                               0x10011e33   Thumb Code    24  main.o(.text)
    ATTCFindInfoReq                          0x10011e4b   Thumb Code    28  main.o(.text)
    ATTCFindByTypeValueReq                   0x10011e67   Thumb Code    40  main.o(.text)
    ATTCReadByTypeReq                        0x10011e8f   Thumb Code    36  main.o(.text)
    ATTCReadReq                              0x10011eb3   Thumb Code    24  main.o(.text)
    ATTCReadBlobReq                          0x10011ecb   Thumb Code    28  main.o(.text)
    ATTCReadMultipleReq                      0x10011ee7   Thumb Code    28  main.o(.text)
    ATTCReadByGroupTypeReq                   0x10011f03   Thumb Code    34  main.o(.text)
    ATTCWriteReq                             0x10011f25   Thumb Code    32  main.o(.text)
    ATTCWriteCmdReq                          0x10011f45   Thumb Code    32  main.o(.text)
    ATTCPrepareWriteReq                      0x10011f65   Thumb Code    36  main.o(.text)
    ATTCExecuteWriteReq                      0x10011f89   Thumb Code    24  main.o(.text)
    ATTCConfirmation                         0x10011fa1   Thumb Code    20  main.o(.text)
    _SYSClockSwitch                          0x10011fb5   Thumb Code    86  main.o(.text)
    MCUClockSwitch                           0x1001200b   Thumb Code     2  main.o(.text)
    GetMCUClock                              0x1001200d   Thumb Code    14  main.o(.text)
    GetClock                                 0x1001201b   Thumb Code    16  main.o(.text)
    WakeupConfig                             0x1001202b   Thumb Code    12  main.o(.text)
    LLSleep                                  0x10012037   Thumb Code    12  main.o(.text)
    Rand                                     0x10012043   Thumb Code     4  main.o(.text)
    DelayUS                                  0x10012047   Thumb Code     4  main.o(.text)
    DelayMS                                  0x1001204b   Thumb Code     6  main.o(.text)
    GetCompanyID                             0x10012051   Thumb Code    18  main.o(.text)
    GetQFNType                               0x10012063   Thumb Code    20  main.o(.text)
    RFRead                                   0x10012077   Thumb Code     8  main.o(.text)
    RFWrite                                  0x1001207f   Thumb Code     8  main.o(.text)
    lib_check_ble_fsm_state                  0x10012087   Thumb Code    26  main.o(.text)
    SystemSleep                              0x100120a1   Thumb Code    20  main.o(.text)
    SystemPowerDown                          0x100120b5   Thumb Code   140  main.o(.text)
    SystemReset                              0x10012141   Thumb Code    10  main.o(.text)
    CapdetEn                                 0x1001214b   Thumb Code    10  main.o(.text)
    PowerDownLPOEn                           0x10012155   Thumb Code    12  main.o(.text)
    SetBondManagerIndex                      0x10012161   Thumb Code    12  main.o(.text)
    GetBondDevice                            0x1001216d   Thumb Code     6  main.o(.text)
    AddBondDevice                            0x10012173   Thumb Code    12  main.o(.text)
    DelAllBondDevice                         0x1001217f   Thumb Code    10  main.o(.text)
    DelBondDevice                            0x10012189   Thumb Code    12  main.o(.text)
    ReadProfileData                          0x10012195   Thumb Code     6  main.o(.text)
    WriteProfileData                         0x1001219b   Thumb Code     6  main.o(.text)
    EraseFlashData                           0x100121a1   Thumb Code    78  main.o(.text)
    ReadFlashData                            0x100121ef   Thumb Code    56  main.o(.text)
    WriteFlashData                           0x10012227   Thumb Code    56  main.o(.text)
    CodeErase                                0x1001225f   Thumb Code   100  main.o(.text)
    CodeErase_sector                         0x100122c3   Thumb Code    72  main.o(.text)
    _FMCodeWrite                             0x1001230b   Thumb Code    58  main.o(.text)
    CodeWrite                                0x10012345   Thumb Code    30  main.o(.text)
    CodeUpdate                               0x10012363   Thumb Code    10  main.o(.text)
    FlashDataUpdate                          0x1001236d   Thumb Code   124  main.o(.text)
    ble_sched_execute                        0x100123e9   Thumb Code   150  main.o(.text)
    ble_sched_finish                         0x1001247f   Thumb Code     4  main.o(.text)
    syd52832_chip_confirm                    0x10012483   Thumb Code    26  main.o(.text)
    gap_s_smart_update_latency               0x1001249d   Thumb Code   238  main.o(.text)
    eFuseManual                              0x1001258b   Thumb Code    28  main.o(.text)
    GPADC_Manual_Calibration                 0x100125a7   Thumb Code    34  main.o(.text)
    GPADC_Get_Calibration                    0x100125c9   Thumb Code    22  main.o(.text)
    GAPGetUartEn                             0x100125df   Thumb Code     6  main.o(.text)
    GAPUartEn                                0x100125e5   Thumb Code     6  main.o(.text)
    GAPBBDelayUS                             0x100125eb   Thumb Code     4  main.o(.text)
    GAPBBDelayMS                             0x100125ef   Thumb Code     6  main.o(.text)
    GAPGetRFAutoSleep                        0x100125f5   Thumb Code     4  main.o(.text)
    GAPSetRFAutoSleep                        0x100125f9   Thumb Code     6  main.o(.text)
    Setting4kUpdate                          0x100125ff   Thumb Code   114  main.o(.text)
    SetDevAddr_toflash                       0x10012671   Thumb Code    72  main.o(.text)
    gap_s_verdor_datas_get                   0x100126b9   Thumb Code    28  main.o(.text)
    gap_s_verdor_datas_set                   0x100126d5   Thumb Code    66  main.o(.text)
    gap_s_is_ll_start_enc                    0x10012717   Thumb Code    26  main.o(.text)
    GAPBBTXFIFO0Write                        0x10012731   Thumb Code     4  main.o(.text)
    flash_peotect_key_confirm                0x10012735   Thumb Code   148  main.o(.text)
    swd_lock                                 0x100127c9   Thumb Code    36  main.o(.text)
    flash_data_offect_get                    0x100127ed   Thumb Code    50  main.o(.text)
    EraseCodeB                               0x1001281f   Thumb Code    56  main.o(.text)
    ReadCodeB                                0x10012857   Thumb Code    62  main.o(.text)
    WriteCodeB                               0x10012895   Thumb Code    62  main.o(.text)
    ble_SetTxPower                           0x100128d3   Thumb Code   284  main.o(.text)
    flash_data_size_get                      0x100129ef   Thumb Code    18  main.o(.text)
    code_idx_get                             0x10012a01   Thumb Code     6  main.o(.text)
    flash_data_size_set                      0x10012a07   Thumb Code   146  main.o(.text)
    Get_RSSI_Last_RX                         0x10012a99   Thumb Code    82  main.o(.text)
    APP_Read_Attribute_Encrypt               0x10012aeb   Thumb Code    62  main.o(.text)
    APP_Write_Attribute_Encrypt              0x10012b29   Thumb Code    66  main.o(.text)
    APP_Read_Charact_Permission              0x10012b6b   Thumb Code    66  main.o(.text)
    smart_latency_target                     0x10012bad   Thumb Code    30  main.o(.text)
    smp_aes_encrypt                          0x10012bcb   Thumb Code     4  main.o(.text)
    gap_get_flash_data_info                  0x10012bcf   Thumb Code    26  main.o(.text)
    gap_set_flash_data_info                  0x10012be9   Thumb Code    70  main.o(.text)
    gap_check_dev_bonded                     0x10012c2f   Thumb Code     6  main.o(.text)
    syd_set_chip_flash_all_size              0x10012c35   Thumb Code     6  main.o(.text)
    Xtal_trim_get                            0x10012c3b   Thumb Code   106  main.o(.text)
    Xtal_trim_set                            0x10012ca5   Thumb Code   164  main.o(.text)
    Timer_Evt_Creat                          0x10012f61   Thumb Code    54  timer.o(.text)
    Min                                      0x10012f97   Thumb Code     8  timer.o(.text)
    TimerDelayUS                             0x10012f9f   Thumb Code    24  timer.o(.text)
    timer_0_disable                          0x10012fb7   Thumb Code    48  timer.o(.text)
    timer_0_enable                           0x10012fe7   Thumb Code    96  timer.o(.text)
    timer_0_start                            0x10013047   Thumb Code     2  timer.o(.text)
    timer_0_get                              0x100130b7   Thumb Code    92  timer.o(.text)
    Timer_Evt_Stop                           0x10013113   Thumb Code   120  timer.o(.text)
    Timer_Evt_ReSet                          0x1001318b   Thumb Code    64  timer.o(.text)
    Timer_Evt_Clr                            0x100131cb   Thumb Code    10  timer.o(.text)
    Timer_Evt_Start                          0x100131d5   Thumb Code   156  timer.o(.text)
    Timer_Evt_ReStart                        0x10013271   Thumb Code   132  timer.o(.text)
    Timer_Get_State                          0x100132f5   Thumb Code    34  timer.o(.text)
    SYD_Timer_Init                           0x10013317   Thumb Code    34  timer.o(.text)
    timer_0_delay_32us                       0x10013339   Thumb Code    92  timer.o(.text)
    TIMER0_IRQHandler                        0x10013395   Thumb Code    32  timer.o(.text)
    timer_1_enable                           0x100133b5   Thumb Code    96  timer.o(.text)
    timer_1_disable                          0x10013415   Thumb Code    48  timer.o(.text)
    TIMER1_IRQHandler                        0x10013445   Thumb Code    32  timer.o(.text)
    timer_2_enable                           0x10013465   Thumb Code    96  timer.o(.text)
    timer_1_get                              0x100134c5   Thumb Code    34  timer.o(.text)
    timer_2_get                              0x100134e7   Thumb Code    34  timer.o(.text)
    timer_2_disable                          0x10013509   Thumb Code    48  timer.o(.text)
    TIMER2_IRQHandler                        0x10013539   Thumb Code    32  timer.o(.text)
    rtc_get_calendar                         0x10013595   Thumb Code    40  rtc.o(.text)
    RTC_RUN                                  0x100135bd   Thumb Code    66  rtc.o(.text)
    rtc_set_compare                          0x100135ff   Thumb Code    68  rtc.o(.text)
    RTC_SET                                  0x10013643   Thumb Code    84  rtc.o(.text)
    RTC_Refressh                             0x10013697   Thumb Code    76  rtc.o(.text)
    RTC_EVT_Creat                            0x100136e3   Thumb Code    32  rtc.o(.text)
    Min_RTC                                  0x10013703   Thumb Code     8  rtc.o(.text)
    rtc_int_disable                          0x1001370b   Thumb Code    24  rtc.o(.text)
    RTC_EVT_Clr                              0x100137b9   Thumb Code    10  rtc.o(.text)
    RTC_EVT_Stop                             0x100137c3   Thumb Code   112  rtc.o(.text)
    RTC_EVT_Start                            0x10013833   Thumb Code   146  rtc.o(.text)
    RTC_EVT_whole_minute_setid               0x100138c5   Thumb Code     6  rtc.o(.text)
    RTC_EVT_whole_minute_adj                 0x100138cb   Thumb Code   132  rtc.o(.text)
    RTC_Get_State                            0x1001394f   Thumb Code    54  rtc.o(.text)
    rtc_start                                0x10013985   Thumb Code    28  rtc.o(.text)
    rtc_set_interrupt_callback               0x100139a1   Thumb Code     6  rtc.o(.text)
    rtc_int_enable                           0x100139a7   Thumb Code    22  rtc.o(.text)
    rtc_int_clear                            0x100139bd   Thumb Code    22  rtc.o(.text)
    rtc_set_calendar                         0x100139d3   Thumb Code    40  rtc.o(.text)
    rtc_set_prescaler                        0x100139fb   Thumb Code    34  rtc.o(.text)
    rtc_clear                                0x10013a1d   Thumb Code    18  rtc.o(.text)
    rtc_stop                                 0x10013a2f   Thumb Code    30  rtc.o(.text)
    rtc_init                                 0x10013a4d   Thumb Code   126  rtc.o(.text)
    SYD_RTC_Init                             0x10013acb   Thumb Code    40  rtc.o(.text)
    RTC_IRQHandler                           0x10013af3   Thumb Code    30  rtc.o(.text)
    rtc_status                               0x10013b11   Thumb Code     6  rtc.o(.text)
    rtc_get_compare                          0x10013b17   Thumb Code    52  rtc.o(.text)
    __aeabi_uidiv                            0x10013b5d   Thumb Code     0  uidiv.o(.text)
    __aeabi_uidivmod                         0x10013b5d   Thumb Code    44  uidiv.o(.text)
    __aeabi_idiv                             0x10013b89   Thumb Code     0  idiv.o(.text)
    __aeabi_idivmod                          0x10013b89   Thumb Code    40  idiv.o(.text)
    qsort                                    0x10013bb1   Thumb Code   162  qsort.o(.text)
    __aeabi_memcpy                           0x10013c53   Thumb Code    36  memcpya.o(.text)
    __aeabi_memcpy4                          0x10013c53   Thumb Code     0  memcpya.o(.text)
    __aeabi_memcpy8                          0x10013c53   Thumb Code     0  memcpya.o(.text)
    __aeabi_memset                           0x10013c77   Thumb Code    14  memseta.o(.text)
    __aeabi_memset4                          0x10013c77   Thumb Code     0  memseta.o(.text)
    __aeabi_memset8                          0x10013c77   Thumb Code     0  memseta.o(.text)
    __aeabi_memclr                           0x10013c85   Thumb Code     4  memseta.o(.text)
    __aeabi_memclr4                          0x10013c85   Thumb Code     0  memseta.o(.text)
    __aeabi_memclr8                          0x10013c85   Thumb Code     0  memseta.o(.text)
    _memset$wrapper                          0x10013c89   Thumb Code    18  memseta.o(.text)
    strcat                                   0x10013c9b   Thumb Code    24  strcat.o(.text)
    strstr                                   0x10013cb3   Thumb Code    40  strstr.o(.text)
    strlen                                   0x10013cdb   Thumb Code    14  strlen.o(.text)
    memcmp                                   0x10013ce9   Thumb Code    26  memcmp.o(.text)
    strcpy                                   0x10013d03   Thumb Code    18  strcpy.o(.text)
    __aeabi_uread4                           0x10013d15   Thumb Code    20  uread4.o(.text)
    __rt_uread4                              0x10013d15   Thumb Code     0  uread4.o(.text)
    _uread4                                  0x10013d15   Thumb Code     0  uread4.o(.text)
    __aeabi_uwrite4                          0x10013d29   Thumb Code    18  uwrite4.o(.text)
    __rt_uwrite4                             0x10013d29   Thumb Code     0  uwrite4.o(.text)
    _uwrite4                                 0x10013d29   Thumb Code     0  uwrite4.o(.text)
    __aeabi_fadd                             0x10013d3b   Thumb Code   162  fadd.o(.text)
    __aeabi_fsub                             0x10013ddd   Thumb Code     8  fadd.o(.text)
    __aeabi_frsub                            0x10013de5   Thumb Code     8  fadd.o(.text)
    __aeabi_fmul                             0x10013ded   Thumb Code   122  fmul.o(.text)
    __aeabi_dadd                             0x10013e69   Thumb Code   328  dadd.o(.text)
    __aeabi_dsub                             0x10013fb1   Thumb Code    12  dadd.o(.text)
    __aeabi_drsub                            0x10013fbd   Thumb Code    12  dadd.o(.text)
    __aeabi_dmul                             0x10013fcd   Thumb Code   202  dmul.o(.text)
    __aeabi_ddiv                             0x1001409d   Thumb Code   234  ddiv.o(.text)
    __aeabi_ui2f                             0x1001418d   Thumb Code    14  ffltui.o(.text)
    __aeabi_i2d                              0x1001419d   Thumb Code    34  dflti.o(.text)
    __aeabi_ui2d                             0x100141c5   Thumb Code    24  dfltui.o(.text)
    __aeabi_f2uiz                            0x100141e1   Thumb Code    40  ffixui.o(.text)
    __aeabi_d2uiz                            0x10014209   Thumb Code    50  dfixui.o(.text)
    __aeabi_f2d                              0x10014245   Thumb Code    40  f2d.o(.text)
    __aeabi_cdcmpeq                          0x1001426d   Thumb Code     0  cdcmple.o(.text)
    __aeabi_cdcmple                          0x1001426d   Thumb Code    38  cdcmple.o(.text)
    __aeabi_cdrcmple                         0x10014295   Thumb Code    38  cdrcmple.o(.text)
    __aeabi_d2f                              0x100142bd   Thumb Code    56  d2f.o(.text)
    __aeabi_uldivmod                         0x100142f5   Thumb Code    96  uldiv.o(.text)
    __aeabi_llsl                             0x10014355   Thumb Code    32  llshl.o(.text)
    _ll_shift_l                              0x10014355   Thumb Code     0  llshl.o(.text)
    __aeabi_llsr                             0x10014375   Thumb Code    34  llushr.o(.text)
    _ll_ushift_r                             0x10014375   Thumb Code     0  llushr.o(.text)
    __aeabi_lasr                             0x10014397   Thumb Code    38  llsshr.o(.text)
    _ll_sshift_r                             0x10014397   Thumb Code     0  llsshr.o(.text)
    __I$use$fp                               0x100143bd   Thumb Code     0  iusefp.o(.text)
    _float_round                             0x100143bd   Thumb Code    16  fepilogue.o(.text)
    _float_epilogue                          0x100143cd   Thumb Code   114  fepilogue.o(.text)
    _double_round                            0x1001443f   Thumb Code    26  depilogue.o(.text)
    _double_epilogue                         0x10014459   Thumb Code   164  depilogue.o(.text)
    __aeabi_d2ulz                            0x100144fd   Thumb Code    54  dfixul.o(.text)
    __scatterload                            0x1001453d   Thumb Code    28  init.o(.text)
    __scatterload_rt2                        0x1001453d   Thumb Code     0  init.o(.text)
    __decompress                             0x10014561   Thumb Code     0  __dczerorl2.o(.text)
    __decompress1                            0x10014561   Thumb Code    86  __dczerorl2.o(.text)
    __0snprintf                              0x100145b9   Thumb Code    46  printfa.o(i.__0snprintf)
    __1snprintf                              0x100145b9   Thumb Code     0  printfa.o(i.__0snprintf)
    __2snprintf                              0x100145b9   Thumb Code     0  printfa.o(i.__0snprintf)
    __c89snprintf                            0x100145b9   Thumb Code     0  printfa.o(i.__0snprintf)
    snprintf                                 0x100145b9   Thumb Code     0  printfa.o(i.__0snprintf)
    __0sprintf                               0x100145ed   Thumb Code    36  printfa.o(i.__0sprintf)
    __1sprintf                               0x100145ed   Thumb Code     0  printfa.o(i.__0sprintf)
    __2sprintf                               0x100145ed   Thumb Code     0  printfa.o(i.__0sprintf)
    __c89sprintf                             0x100145ed   Thumb Code     0  printfa.o(i.__0sprintf)
    sprintf                                  0x100145ed   Thumb Code     0  printfa.o(i.__0sprintf)
    __ARM_clz                                0x10014615   Thumb Code    46  depilogue.o(i.__ARM_clz)
    __ARM_common_switch8                     0x10014643   Thumb Code    26  main.o(i.__ARM_common_switch8)
    __scatterload_copy                       0x1001465d   Thumb Code    14  handlers.o(i.__scatterload_copy)
    __scatterload_null                       0x1001466b   Thumb Code     2  handlers.o(i.__scatterload_null)
    __scatterload_zeroinit                   0x1001466d   Thumb Code    14  handlers.o(i.__scatterload_zeroinit)
    adv_chn_to_freq_idx                      0x10015c48   Data           3  main.o(.constdata)
    Region$$Table$$Base                      0x10015efc   Number         0  anon$$obj.o(Region$$Table)
    Region$$Table$$Limit                     0x10015f1c   Number         0  anon$$obj.o(Region$$Table)
    lock_irq                                 0x20003000   Data           4  main.o(.data)
    p_cat1_info                              0x20003004   Data           4  main.o(.data)
    MOTOR_TIMEOUT_TIMER_EVT_ID               0x20003008   Data           4  softtimer.o(.data)
    GREEN_LED_TIMER_EVT_ID                   0x2000300c   Data           4  softtimer.o(.data)
    BLUE_LED_TIMER_EVT_ID                    0x20003010   Data           4  softtimer.o(.data)
    KEY_DEBOUNCE_TIMER_EVT_ID                0x20003014   Data           4  softtimer.o(.data)
    BAT_DET_DEBOUNCE_TIMER_EVT_ID            0x20003018   Data           4  softtimer.o(.data)
    LOCK_DEBOUNCE_TIMER_EVT_ID               0x2000301c   Data           4  softtimer.o(.data)
    NB_TIMEOUT_TIMER_EVT_ID                  0x20003020   Data           4  softtimer.o(.data)
    NB_CMD_INTERVAL_TIMER_EVT_ID             0x20003024   Data           4  softtimer.o(.data)
    NB_ERROR_TIMER_EVT_ID                    0x20003028   Data           4  softtimer.o(.data)
    KEY_HANDLE_TIMER_EVT_ID                  0x2000302c   Data           4  softtimer.o(.data)
    NB_DELAY_TIMER_EVT_ID                    0x20003030   Data           4  softtimer.o(.data)
    LED_ONE_SECOND_TIMER_EVT_ID              0x20003034   Data           4  softtimer.o(.data)
    SLEEP_TIMER_EVT_ID                       0x20003038   Data           4  softtimer.o(.data)
    HALL_ALARM_PROTECT_TIMER_EVT_ID          0x2000303c   Data           4  softtimer.o(.data)
    HALL_ALARM_DETECT_TIMER_EVT_ID           0x20003040   Data           4  softtimer.o(.data)
    BLE_CONNECT_TIMEOUT_TIMER_EVT_ID         0x20003044   Data           4  softtimer.o(.data)
    HALL_TIGHTEND_TIMER_EVT_ID               0x20003048   Data           4  softtimer.o(.data)
    OPEN_LOCK_TIMEOUT_ROTATION_TIMER_EVT_ID  0x2000304c   Data           4  softtimer.o(.data)
    syd_history_setting_str                  0x20003050   Data           4  softtimer.o(.data)
    ownAddress                               0x2000305c   Data           6  lock.o(.data)
    data_type                                0x20003062   Data           1  lock.o(.data)
    pcat1_handle                             0x20003064   Data           4  lock.o(.data)
    EcbKey                                   0x20003068   Data          16  lock.o(.data)
    aesBuf                                   0x20003078   Data         104  lock.o(.data)
    ota_state                                0x200030e0   Data           1  ota.o(.data)
    ota_writecnt                             0x200030e1   Data           1  ota.o(.data)
    ota_section_size                         0x200030e2   Data           2  ota.o(.data)
    ota_receive_size                         0x200030e4   Data           2  ota.o(.data)
    ota_section_check                        0x200030e6   Data           2  ota.o(.data)
    ota_receive_check                        0x200030e8   Data           2  ota.o(.data)
    ota_section_offset                       0x200030ec   Data           4  ota.o(.data)
    pevt                                     0x200030f8   Data           4  ota.o(.data)
    AT_SYNC                                  0x200030fc   Data           4  cat1.o(.data)
    AT_CMEE                                  0x20003100   Data           4  cat1.o(.data)
    AT_ATE1                                  0x20003104   Data           4  cat1.o(.data)
    AT_ATE0                                  0x20003108   Data           4  cat1.o(.data)
    AT_ATI                                   0x2000310c   Data           4  cat1.o(.data)
    AT_CGMI                                  0x20003110   Data           4  cat1.o(.data)
    AT_CGMM                                  0x20003114   Data           4  cat1.o(.data)
    AT_CGMR                                  0x20003118   Data           4  cat1.o(.data)
    AT_CGSN                                  0x2000311c   Data           4  cat1.o(.data)
    AT_CIMI                                  0x20003120   Data           4  cat1.o(.data)
    AT_ICCID                                 0x20003124   Data           4  cat1.o(.data)
    AT_CESQ                                  0x20003128   Data           4  cat1.o(.data)
    AT_CSQ                                   0x2000312c   Data           4  cat1.o(.data)
    AT_CGATT                                 0x20003130   Data           4  cat1.o(.data)
    AT_CEREG                                 0x20003134   Data           4  cat1.o(.data)
    AT_CFUN                                  0x20003138   Data           4  cat1.o(.data)
    AT_CGPADDR                               0x2000313c   Data           4  cat1.o(.data)
    AT_CGREG                                 0x20003140   Data           4  cat1.o(.data)
    AT_QLTS                                  0x20003144   Data           4  cat1.o(.data)
    AT_QICSGP                                0x20003148   Data           4  cat1.o(.data)
    AT_QIACT                                 0x2000314c   Data           4  cat1.o(.data)
    AT_QIOPEN                                0x20003150   Data           4  cat1.o(.data)
    AT_QISEND                                0x20003154   Data           4  cat1.o(.data)
    AT_QICLOSE                               0x20003158   Data           4  cat1.o(.data)
    AT_QGPSCFG                               0x2000315c   Data           4  cat1.o(.data)
    AT_QLBSCFG                               0x20003160   Data           4  cat1.o(.data)
    AT_QLBS                                  0x20003164   Data           4  cat1.o(.data)
    AT_QGPS                                  0x20003168   Data           4  cat1.o(.data)
    AT_QGPSLOC                               0x2000316c   Data           4  cat1.o(.data)
    AT_QGPSEND                               0x20003170   Data           4  cat1.o(.data)
    AT_QGPSGNMEA                             0x20003174   Data           4  cat1.o(.data)
    AT_QFTPCFG                               0x20003178   Data           4  cat1.o(.data)
    AT_QFTPOPEN                              0x2000317c   Data           4  cat1.o(.data)
    AT_QFTPCWD                               0x20003180   Data           4  cat1.o(.data)
    AT_QFTPSIZE                              0x20003184   Data           4  cat1.o(.data)
    AT_QFTPGET                               0x20003188   Data           4  cat1.o(.data)
    AT_QFTPCLOSE                             0x2000318c   Data           4  cat1.o(.data)
    AT_QFDEL                                 0x20003190   Data           4  cat1.o(.data)
    AT_QFLDS                                 0x20003194   Data           4  cat1.o(.data)
    AT_QFOPEN                                0x20003198   Data           4  cat1.o(.data)
    AT_QFSEEK                                0x2000319c   Data           4  cat1.o(.data)
    AT_QFREAD                                0x200031a0   Data           4  cat1.o(.data)
    udp_head                                 0x200031a4   Data           4  cat1.o(.data)
    udp_tail                                 0x200031a8   Data           4  cat1.o(.data)
    filename_com                             0x200031ac   Data           4  cat1.o(.data)
    filename_end                             0x200031b0   Data           4  cat1.o(.data)
    chk_xor                                  0x200031b4   Data           1  cat1.o(.data)
    filename_sd                              0x200031b8   Data           4  cat1.o(.data)
    filename_ufs                             0x200031bc   Data           4  cat1.o(.data)
    file_open_end                            0x200031c0   Data           4  cat1.o(.data)
    file_seek_end                            0x200031c4   Data           4  cat1.o(.data)
    file_read_end                            0x200031c8   Data           4  cat1.o(.data)
    apn_cmnet                                0x200031cc   Data           4  cat1.o(.data)
    apn_ctnet                                0x200031d0   Data           4  cat1.o(.data)
    apn_uninet                               0x200031d4   Data           4  cat1.o(.data)
    apn_symbol                               0x200031d8   Data           4  cat1.o(.data)
    apn_end                                  0x200031dc   Data           4  cat1.o(.data)
    token                                    0x200031e0   Data           4  cat1.o(.data)
    latorder                                 0x200031e4   Data           4  cat1.o(.data)
    cmd_index                                0x20003224   Data           1  cat1.o(.data)
    cat1_imei                                0x20003225   Data           8  cat1.o(.data)
    update_latency_mode                      0x2000338b   Data           1  ble.o(.data)
    latency_state                            0x2000338c   Data           1  ble.o(.data)
    SCAN_DATA                                0x2000338d   Data           1  ble.o(.data)
    SCAN_DATA_SZ                             0x2000338e   Data           2  ble.o(.data)
    advertData                               0x20003390   Data          31  ble.o(.data)
    PIN_CONFIG                               0x200033b0   Data           4  gpio.o(.data)
    GPIO_CTRL                                0x200033b4   Data           4  gpio.o(.data)
    GPO_CTRL                                 0x200033b8   Data           4  gpio.o(.data)
    GPI_CTRL                                 0x200033bc   Data           4  gpio.o(.data)
    GPIO_IRQ_CTRL                            0x200033c0   Data           4  gpio.o(.data)
    GPADC                                    0x20003400   Data           4  gpadc.o(.data)
    channel                                  0x20003404   Data           1  gpadc.o(.data)
    bat_val                                  0x20003405   Data           1  gpadc.o(.data)
    bat_cnt                                  0x20003406   Data           1  gpadc.o(.data)
    bat_cnt1                                 0x20003407   Data           1  gpadc.o(.data)
    pxCurrentTCB                             0x20003414   Data           4  tasks.o(.data)
    SystemCoreClock                          0x20003494   Data           4  system_armcm0.o(.data)
    master_system                            0x2000349d   Data           1  main.o(.data)
    p_gett_db_hdr                            0x200034b4   Data           4  main.o(.data)
    Event_Num                                0x200034d8   Data           1  timer.o(.data)
    max_trigger_timer                        0x200034e0   Data           4  timer.o(.data)
    TIMER_EVT                                0x200034e4   Data           4  timer.o(.data)
    Timer_Evt_Trigger_Loop_now               0x200034e8   Data           4  timer.o(.data)
    sys_timer_max_p                          0x200034ec   Data           4  timer.o(.data)
    sys_timer_current_p                      0x200034f0   Data           4  timer.o(.data)
    RTC_Event_Num                            0x200034f5   Data           1  rtc.o(.data)
    max_trigger_rtc                          0x200034f8   Data           4  rtc.o(.data)
    RTC_EVT                                  0x200034fc   Data           4  rtc.o(.data)
    RTC_RTCEVT_Trigger_Loop_now              0x20003500   Data           4  rtc.o(.data)
    RTC_second_now                           0x20003504   Data           4  rtc.o(.data)
    sys_rtc_max_p                            0x20003508   Data           4  rtc.o(.data)
    sys_rtc_current_p                        0x2000350c   Data           4  rtc.o(.data)
    RTCEVT_whole_minute_id                   0x20003510   Data           4  rtc.o(.data)
    RTC_second_last                          0x20003518   Data           4  rtc.o(.data)
    lock_info                                0x2000351c   Data         100  main.o(.bss)
    queue_msg_hal_array                      0x20003580   Data          12  main.o(.bss)
    syd_sysTimer                             0x2000358c   Data          48  softtimer.o(.bss)
    syd_rtc                                  0x200035bc   Data          48  softtimer.o(.bss)
    flash_data                               0x200035ec   Data         120  lock.o(.bss)
    apn_msg                                  0x20003664   Data          70  lock.o(.bss)
    ota_w                                    0x200036ac   Data          40  ota.o(.bss)
    ip_buf                                   0x200036d4   Data          50  cat1.o(.bss)
    filename                                 0x20003706   Data          30  cat1.o(.bss)
    filename_buf                             0x20003724   Data          50  cat1.o(.bss)
    filehandle_buf                           0x20003756   Data          10  cat1.o(.bss)
    file_seek_set_paragram                   0x20003760   Data          30  cat1.o(.bss)
    file_read_buf                            0x2000377e   Data          30  cat1.o(.bss)
    cat1_recv                                0x2000379c   Data         352  cat1.o(.bss)
    cat1_send                                0x200038fc   Data          92  cat1.o(.bss)
    g_at_cmd                                 0x20003958   Data          28  cat1.o(.bss)
    gps_info_old                             0x20003974   Data          20  cat1.o(.bss)
    gps_info                                 0x20003988   Data          20  cat1.o(.bss)
    ftp_update                               0x2000399c   Data          24  cat1.o(.bss)
    ble_imei                                 0x20003a0e   Data           9  cat1.o(.bss)
    ble_iccid                                0x20003a17   Data          10  cat1.o(.bss)
    udp_buf                                  0x20003a5d   Data         128  udp.o(.bss)
    ble_gatt_data                            0x20003add   Data          40  ble.o(.bss)
    otg_recv                                 0x20003b05   Data          33  uart.o(.bss)
    otg_send                                 0x20003b26   Data          33  uart.o(.bss)
    xQueueRegistry                           0x20003b48   Data          80  queue.o(.bss)
    _SEGGER_RTT                              0x20005cec   Data          72  segger_rtt.o(.bss)
    __initial_sp                             0x20006db8   Data           0  startup_armcm0.o(STACK)



==============================================================================

Memory Map of the image

  Image Entry point : 0x100000c1

  Load Region LR_IROM1 (Base: 0x10000000, Size: 0x00016438, Max: 0x0003f000, ABSOLUTE, COMPRESSED[0x0001618c])

    Execution Region ER_IROM1 (Base: 0x10000000, Size: 0x00015f1c, Max: 0x0003f000, ABSOLUTE)

    Base Addr    Size         Type   Attr      Idx    E Section Name        Object

    0x10000000   0x000000c0   Data   RO          924    RESET               startup_armcm0.o
    0x100000c0   0x00000000   Code   RO         1162  * .ARM.Collect$$$$00000000  mc_p.l(entry.o)
    0x100000c0   0x00000004   Code   RO         1487    .ARM.Collect$$$$00000001  mc_p.l(entry2.o)
    0x100000c4   0x00000004   Code   RO         1490    .ARM.Collect$$$$00000004  mc_p.l(entry5.o)
    0x100000c8   0x00000000   Code   RO         1492    .ARM.Collect$$$$00000008  mc_p.l(entry7b.o)
    0x100000c8   0x00000000   Code   RO         1494    .ARM.Collect$$$$0000000A  mc_p.l(entry8b.o)
    0x100000c8   0x00000008   Code   RO         1495    .ARM.Collect$$$$0000000B  mc_p.l(entry9a.o)
    0x100000d0   0x00000000   Code   RO         1497    .ARM.Collect$$$$0000000D  mc_p.l(entry10a.o)
    0x100000d0   0x00000000   Code   RO         1499    .ARM.Collect$$$$0000000F  mc_p.l(entry11a.o)
    0x100000d0   0x00000004   Code   RO         1488    .ARM.Collect$$$$00002712  mc_p.l(entry2.o)
    0x100000d4   0x00000070   Code   RO          799    .emb_text           port.o
    0x10000144   0x000014ac   Code   RO            3    .text               main.o
    0x100015f0   0x00000e98   Code   RO          155    .text               softtimer.o
    0x10002488   0x000013d4   Code   RO          200    .text               lock.o
    0x1000385c   0x00001880   Code   RO          278    .text               aes.o
    0x100050dc   0x00000c7c   Code   RO          317    .text               aes_ecb.o
    0x10005d58   0x00000790   Code   RO          333    .text               ota.o
    0x100064e8   0x000026c4   Code   RO          363    .text               cat1.o
    0x10008bac   0x00000e4c   Code   RO          412    .text               udp.o
    0x100099f8   0x00000780   Code   RO          439    .text               softtimer_task.o
    0x1000a178   0x00000b24   Code   RO          472    .text               ble.o
    0x1000ac9c   0x000006f0   Code   RO          542    .text               gpio.o
    0x1000b38c   0x00000e00   Code   RO          572    .text               uart.o
    0x1000c18c   0x000005b0   Code   RO          606    .text               gpadc.o
    0x1000c73c   0x000004a8   Code   RO          636    .text               pwm.o
    0x1000cbe4   0x00000096   Code   RO          694    .text               list.o
    0x1000cc7a   0x00000002   PAD
    0x1000cc7c   0x00000b54   Code   RO          706    .text               queue.o
    0x1000d7d0   0x00001660   Code   RO          726    .text               tasks.o
    0x1000ee30   0x00000544   Code   RO          769    .text               timers.o
    0x1000f374   0x0000026c   Code   RO          784    .text               heap_4.o
    0x1000f5e0   0x00000114   Code   RO          802    .text               port.o
    0x1000f6f4   0x00000b2c   Code   RO          827    .text               segger_rtt.o
    0x10010220   0x000005a4   Code   RO          854    .text               segger_rtt_printf.o
    0x100107c4   0x0000001c   Code   RO          925    .text               startup_armcm0.o
    0x100107e0   0x00000018   Code   RO          931    .text               system_armcm0.o
    0x100107f8   0x00002768   Code   RO          957    .text               syd8811_ble_lib.lib(main.o)
    0x10012f60   0x00000634   Code   RO         1059    .text               Syd8811_softtimer_lib.lib(timer.o)
    0x10013594   0x000005c8   Code   RO         1127    .text               Syd8811_softtimer_lib.lib(rtc.o)
    0x10013b5c   0x0000002c   Code   RO         1170    .text               mc_p.l(uidiv.o)
    0x10013b88   0x00000028   Code   RO         1172    .text               mc_p.l(idiv.o)
    0x10013bb0   0x000000a2   Code   RO         1174    .text               mc_p.l(qsort.o)
    0x10013c52   0x00000024   Code   RO         1176    .text               mc_p.l(memcpya.o)
    0x10013c76   0x00000024   Code   RO         1178    .text               mc_p.l(memseta.o)
    0x10013c9a   0x00000018   Code   RO         1180    .text               mc_p.l(strcat.o)
    0x10013cb2   0x00000028   Code   RO         1182    .text               mc_p.l(strstr.o)
    0x10013cda   0x0000000e   Code   RO         1184    .text               mc_p.l(strlen.o)
    0x10013ce8   0x0000001a   Code   RO         1188    .text               mc_p.l(memcmp.o)
    0x10013d02   0x00000012   Code   RO         1190    .text               mc_p.l(strcpy.o)
    0x10013d14   0x00000014   Code   RO         1455    .text               mc_p.l(uread4.o)
    0x10013d28   0x00000012   Code   RO         1457    .text               mc_p.l(uwrite4.o)
    0x10013d3a   0x000000b2   Code   RO         1459    .text               mf_p.l(fadd.o)
    0x10013dec   0x0000007a   Code   RO         1461    .text               mf_p.l(fmul.o)
    0x10013e66   0x00000002   PAD
    0x10013e68   0x00000164   Code   RO         1463    .text               mf_p.l(dadd.o)
    0x10013fcc   0x000000d0   Code   RO         1465    .text               mf_p.l(dmul.o)
    0x1001409c   0x000000f0   Code   RO         1467    .text               mf_p.l(ddiv.o)
    0x1001418c   0x0000000e   Code   RO         1469    .text               mf_p.l(ffltui.o)
    0x1001419a   0x00000002   PAD
    0x1001419c   0x00000028   Code   RO         1471    .text               mf_p.l(dflti.o)
    0x100141c4   0x0000001c   Code   RO         1473    .text               mf_p.l(dfltui.o)
    0x100141e0   0x00000028   Code   RO         1475    .text               mf_p.l(ffixui.o)
    0x10014208   0x0000003c   Code   RO         1477    .text               mf_p.l(dfixui.o)
    0x10014244   0x00000028   Code   RO         1479    .text               mf_p.l(f2d.o)
    0x1001426c   0x00000028   Code   RO         1481    .text               mf_p.l(cdcmple.o)
    0x10014294   0x00000028   Code   RO         1483    .text               mf_p.l(cdrcmple.o)
    0x100142bc   0x00000038   Code   RO         1485    .text               mf_p.l(d2f.o)
    0x100142f4   0x00000060   Code   RO         1502    .text               mc_p.l(uldiv.o)
    0x10014354   0x00000020   Code   RO         1504    .text               mc_p.l(llshl.o)
    0x10014374   0x00000022   Code   RO         1506    .text               mc_p.l(llushr.o)
    0x10014396   0x00000026   Code   RO         1508    .text               mc_p.l(llsshr.o)
    0x100143bc   0x00000000   Code   RO         1510    .text               mc_p.l(iusefp.o)
    0x100143bc   0x00000082   Code   RO         1512    .text               mf_p.l(fepilogue.o)
    0x1001443e   0x000000be   Code   RO         1514    .text               mf_p.l(depilogue.o)
    0x100144fc   0x00000040   Code   RO         1518    .text               mf_p.l(dfixul.o)
    0x1001453c   0x00000024   Code   RO         1520    .text               mc_p.l(init.o)
    0x10014560   0x00000056   Code   RO         1529    .text               mc_p.l(__dczerorl2.o)
    0x100145b6   0x00000002   PAD
    0x100145b8   0x00000034   Code   RO         1428    i.__0snprintf       mc_p.l(printfa.o)
    0x100145ec   0x00000028   Code   RO         1429    i.__0sprintf        mc_p.l(printfa.o)
    0x10014614   0x0000002e   Code   RO         1516    i.__ARM_clz         mf_p.l(depilogue.o)
    0x10014642   0x0000001a   Code   RO          978    i.__ARM_common_switch8  syd8811_ble_lib.lib(main.o)
    0x1001465c   0x0000000e   Code   RO         1523    i.__scatterload_copy  mc_p.l(handlers.o)
    0x1001466a   0x00000002   Code   RO         1524    i.__scatterload_null  mc_p.l(handlers.o)
    0x1001466c   0x0000000e   Code   RO         1525    i.__scatterload_zeroinit  mc_p.l(handlers.o)
    0x1001467a   0x00000002   PAD
    0x1001467c   0x00000174   Code   RO         1434    i._fp_digits        mc_p.l(printfa.o)
    0x100147f0   0x000006ec   Code   RO         1435    i._printf_core      mc_p.l(printfa.o)
    0x10014edc   0x00000020   Code   RO         1436    i._printf_post_padding  mc_p.l(printfa.o)
    0x10014efc   0x0000002c   Code   RO         1437    i._printf_pre_padding  mc_p.l(printfa.o)
    0x10014f28   0x00000016   Code   RO         1438    i._snputc           mc_p.l(printfa.o)
    0x10014f3e   0x0000000a   Code   RO         1439    i._sputc            mc_p.l(printfa.o)
    0x10014f48   0x0000083c   Data   RO          279    .constdata          aes.o
    0x10015784   0x0000020b   Data   RO          318    .constdata          aes_ecb.o
    0x1001598f   0x00000001   PAD
    0x10015990   0x00000008   Data   RO          365    .constdata          cat1.o
    0x10015998   0x000002a0   Data   RO          474    .constdata          ble.o
    0x10015c38   0x00000010   Data   RO          855    .constdata          segger_rtt_printf.o
    0x10015c48   0x00000028   Data   RO          959    .constdata          syd8811_ble_lib.lib(main.o)
    0x10015c70   0x00000289   Data   RO          366    .conststring        cat1.o
    0x10015ef9   0x00000003   PAD
    0x10015efc   0x00000020   Data   RO         1522    Region$$Table       anon$$obj.o


    Execution Region RW_IRAM1 (Base: 0x20003000, Size: 0x00003db8, Max: 0x00005000, ABSOLUTE, COMPRESSED[0x00000270])

    Base Addr    Size         Type   Attr      Idx    E Section Name        Object

    0x20003000   0x00000008   Data   RW            5    .data               main.o
    0x20003008   0x00000052   Data   RW          157    .data               softtimer.o
    0x2000305a   0x00000002   PAD
    0x2000305c   0x00000084   Data   RW          202    .data               lock.o
    0x200030e0   0x0000001c   Data   RW          335    .data               ota.o
    0x200030fc   0x000001a4   Data   RW          367    .data               cat1.o
    0x200032a0   0x000000e0   Data   RW          414    .data               udp.o
    0x20003380   0x00000001   Data   RW          440    .data               softtimer_task.o
    0x20003381   0x00000001   PAD
    0x20003382   0x0000002d   Data   RW          475    .data               ble.o
    0x200033af   0x00000001   PAD
    0x200033b0   0x00000048   Data   RW          543    .data               gpio.o
    0x200033f8   0x00000008   Data   RW          574    .data               uart.o
    0x20003400   0x00000010   Data   RW          607    .data               gpadc.o
    0x20003410   0x00000002   Data   RW          637    .data               pwm.o
    0x20003412   0x00000002   PAD
    0x20003414   0x0000003c   Data   RW          728    .data               tasks.o
    0x20003450   0x00000014   Data   RW          771    .data               timers.o
    0x20003464   0x00000018   Data   RW          786    .data               heap_4.o
    0x2000347c   0x00000004   Data   RW          803    .data               port.o
    0x20003480   0x00000011   Data   RW          829    .data               segger_rtt.o
    0x20003491   0x00000003   PAD
    0x20003494   0x00000004   Data   RW          932    .data               system_armcm0.o
    0x20003498   0x00000040   Data   RW          960    .data               syd8811_ble_lib.lib(main.o)
    0x200034d8   0x0000001c   Data   RW         1061    .data               Syd8811_softtimer_lib.lib(timer.o)
    0x200034f4   0x00000028   Data   RW         1128    .data               Syd8811_softtimer_lib.lib(rtc.o)
    0x2000351c   0x00000070   Zero   RW            4    .bss                main.o
    0x2000358c   0x00000060   Zero   RW          156    .bss                softtimer.o
    0x200035ec   0x000000be   Zero   RW          201    .bss                lock.o
    0x200036aa   0x00000002   PAD
    0x200036ac   0x00000028   Zero   RW          334    .bss                ota.o
    0x200036d4   0x00000389   Zero   RW          364    .bss                cat1.o
    0x20003a5d   0x00000080   Zero   RW          413    .bss                udp.o
    0x20003add   0x00000028   Zero   RW          473    .bss                ble.o
    0x20003b05   0x00000042   Zero   RW          573    .bss                uart.o
    0x20003b47   0x00000001   PAD
    0x20003b48   0x00000050   Zero   RW          707    .bss                queue.o
    0x20003b98   0x0000012c   Zero   RW          727    .bss                tasks.o
    0x20003cc4   0x00000028   Zero   RW          770    .bss                timers.o
    0x20003cec   0x00002000   Zero   RW          785    .bss                heap_4.o
    0x20005cec   0x00000458   Zero   RW          828    .bss                segger_rtt.o
    0x20006144   0x00000068   Zero   RW          958    .bss                syd8811_ble_lib.lib(main.o)
    0x200061ac   0x0000000c   Zero   RW         1060    .bss                Syd8811_softtimer_lib.lib(timer.o)
    0x200061b8   0x00000c00   Zero   RW          922    STACK               startup_armcm0.o


==============================================================================

Image component sizes


      Code (inc. data)   RO Data    RW Data    ZI Data      Debug   Object Name

      6272         38       2108          0          0      15924   aes.o
      3196         22        523          0          0       3766   aes_ecb.o
      2852        734        672         45         40       9019   ble.o
      9924       2306        657        420        905      21896   cat1.o
         0          0          0          0          0       5592   croutine.o
         0          0          0          0          0       2524   event_groups.o
      1456        230          0         16          0      10795   gpadc.o
      1776        138          0         72          0      12227   gpio.o
       620         26          0         24       8192       3860   heap_4.o
       150          0          0          0          0       1978   list.o
      5076        982          0        132        190      31690   lock.o
      5292       1240          0          8        112      72123   main.o
      1936        540          0         28         40       6129   ota.o
       388         28          0          4          0       3942   port.o
      1192         68          0          2          0       4800   pwm.o
      2900          4          0          0         80      19271   queue.o
      2860         56          0         17       1112      16091   segger_rtt.o
      1444         34         16          0          0       5590   segger_rtt_printf.o
      3736       1078          0         82         96      15118   softtimer.o
      1920        562          0          1          0      12479   softtimer_task.o
        28          8        192          0       3072        676   startup_armcm0.o
        24          8          0          4          0        901   system_armcm0.o
      5728        344          0         60        300      25845   tasks.o
      1348         68          0         20         40       8969   timers.o
      3584        438          0          8         66      13400   uart.o
      3660        568          0        224        128       6837   udp.o

    ----------------------------------------------------------------------
     67364       9520       4204       1176      14376     331442   Object Totals
         0          0         32          0          0          0   (incl. Generated)
         2          0          4          9          3          0   (incl. Padding)

    ----------------------------------------------------------------------

      Code (inc. data)   RO Data    RW Data    ZI Data      Debug   Library Member Name

      1480         38          0         40          0      17091   rtc.o
      1588         38          0         28         12      45840   timer.o
        86          0          0          0          0          0   __dczerorl2.o
         0          0          0          0          0          0   entry.o
         0          0          0          0          0          0   entry10a.o
         0          0          0          0          0          0   entry11a.o
         8          4          0          0          0          0   entry2.o
         4          0          0          0          0          0   entry5.o
         0          0          0          0          0          0   entry7b.o
         0          0          0          0          0          0   entry8b.o
         8          4          0          0          0          0   entry9a.o
        30          0          0          0          0          0   handlers.o
        40          0          0          0          0         72   idiv.o
        36          8          0          0          0         68   init.o
         0          0          0          0          0          0   iusefp.o
        32          0          0          0          0         68   llshl.o
        38          0          0          0          0         68   llsshr.o
        34          0          0          0          0         68   llushr.o
        26          0          0          0          0         72   memcmp.o
        36          0          0          0          0         60   memcpya.o
        36          0          0          0          0        100   memseta.o
      2344        100          0          0          0        616   printfa.o
       162          0          0          0          0         80   qsort.o
        24          0          0          0          0         60   strcat.o
        18          0          0          0          0         60   strcpy.o
        14          0          0          0          0         60   strlen.o
        40          0          0          0          0         72   strstr.o
        44          0          0          0          0         72   uidiv.o
        96          0          0          0          0         84   uldiv.o
        20          0          0          0          0         60   uread4.o
        18          0          0          0          0         60   uwrite4.o
        40          2          0          0          0         68   cdcmple.o
        40          2          0          0          0         68   cdrcmple.o
        56          0          0          0          0         68   d2f.o
       356          4          0          0          0        140   dadd.o
       240          6          0          0          0         84   ddiv.o
       236          0          0          0          0        216   depilogue.o
        60         10          0          0          0         68   dfixui.o
        64         10          0          0          0         68   dfixul.o
        40          6          0          0          0         68   dflti.o
        28          4          0          0          0         68   dfltui.o
       208          6          0          0          0         88   dmul.o
        40          0          0          0          0         60   f2d.o
       178          0          0          0          0        108   fadd.o
       130          0          0          0          0        144   fepilogue.o
        40          0          0          0          0         60   ffixui.o
        14          0          0          0          0         68   ffltui.o
       122          0          0          0          0         72   fmul.o
     10114        482         40         64        104     111445   main.o

    ----------------------------------------------------------------------
     18276        724         40        132        116     177692   Library Totals
         8          0          0          0          0          0   (incl. Padding)

    ----------------------------------------------------------------------

      Code (inc. data)   RO Data    RW Data    ZI Data      Debug   Library Name

      3068         76          0         68         12      62931   Syd8811_softtimer_lib.lib
      3194        116          0          0          0       1800   mc_p.l
      1892         50          0          0          0       1516   mf_p.l
     10114        482         40         64        104     111445   syd8811_ble_lib.lib

    ----------------------------------------------------------------------
     18276        724         40        132        116     177692   Library Totals

    ----------------------------------------------------------------------

==============================================================================


      Code (inc. data)   RO Data    RW Data    ZI Data      Debug   

     85640      10244       4244       1308      14492     504934   Grand Totals
     85640      10244       4244        624      14492     504934   ELF Image Totals (compressed)
     85640      10244       4244        624          0          0   ROM Totals

==============================================================================

    Total RO  Size (Code + RO Data)                89884 (  87.78kB)
    Total RW  Size (RW Data + ZI Data)             15800 (  15.43kB)
    Total ROM Size (Code + RO Data + RW Data)      90508 (  88.39kB)

==============================================================================

