Component: ARM Compiler 5.06 update 6 (build 750) Tool: armlink [4d35ed]

==============================================================================

Section Cross References

    main.o(.text) refers to main.o(i.__ARM_common_switch8) for __ARM_common_switch8
    main.o(.text) refers to gpio.o(.text) for GPIO_Set_Output
    main.o(.text) refers to main.o(.text) for SetAdvParams
    main.o(.text) refers to segger_rtt_printf.o(.text) for SEGGER_RTT_printf
    main.o(.text) refers to timer.o(.text) for Timer_Evt_Stop
    main.o(.text) refers to uread4.o(.text) for __aeabi_uread4
    main.o(.text) refers to memcpya.o(.text) for __aeabi_memcpy
    main.o(.text) refers to ota.o(.text) for ota_cmd
    main.o(.text) refers to delay.o(.text) for delay_ms
    main.o(.text) refers to gpio.o(.data) for PIN_CONFIG
    main.o(.text) refers to main.o(.data) for .data
    main.o(.text) refers to ota.o(.data) for ota_state
    main.o(.text) refers to capdet_touch.o(.data) for syd_capdet_key
    main.o(.text) refers to segger_rtt.o(.text) for SEGGER_RTT_Init
    main.o(.text) refers to timer_handler.o(.text) for Timer_Evt_List
    main.o(.text) refers to rtc.o(.text) for SYD_RTC_Init
    main.o(.text) refers to rtc_handler.o(.text) for RTC_Evt_List
    main.o(.text) refers to capdet_touch.o(.text) for capdet_init_all_256
    main.o(.text) refers to uwrite4.o(.text) for __aeabi_uwrite4
    main.o(.text) refers to timer_handler.o(.bss) for syd_sysTimer
    main.o(.text) refers to rtc_handler.o(.bss) for syd_rtc
    main.o(.text) refers to timer.o(.data) for TIMER_EVT
    main.o(.text) refers to rtc.o(.data) for RTC_EVT
    capdet_touch.o(.text) refers to segger_rtt_printf.o(.text) for SEGGER_RTT_printf
    capdet_touch.o(.text) refers to memseta.o(.text) for __aeabi_memclr4
    capdet_touch.o(.text) refers to capdet_alg_lib.o(i.capdet_init) for capdet_init
    capdet_touch.o(.text) refers to capdet_alg_lib.o(i.capdet_reg_read_all) for capdet_reg_read_all
    capdet_touch.o(.text) refers to capdet_alg_lib.o(i.capdet_reg_write_all) for capdet_reg_write_all
    capdet_touch.o(.text) refers to capdet_alg_lib.o(i.capdet_reg_write) for capdet_reg_write
    capdet_touch.o(.text) refers to capdet_alg_lib.o(i.capdet_start) for capdet_start
    capdet_touch.o(.text) refers to timer.o(.text) for timer_1_disable
    capdet_touch.o(.text) refers to capdet_alg_lib.o(i.capdet_process) for capdet_process
    capdet_touch.o(.text) refers to capdet_alg_lib.o(i.capdet_int_handle) for capdet_int_handle
    capdet_touch.o(.text) refers to gpio.o(.data) for GPI_CTRL
    capdet_touch.o(.text) refers to capdet_touch.o(.bss) for .bss
    capdet_touch.o(.text) refers to capdet_touch.o(.data) for .data
    ota.o(.text) refers to memcpya.o(.text) for __aeabi_memcpy
    ota.o(.text) refers to main.o(.text) for CodeErase
    ota.o(.text) refers to uread4.o(.text) for __aeabi_uread4
    ota.o(.text) refers to main.o(.text) for BLSetConnectionUpdate
    ota.o(.text) refers to segger_rtt_printf.o(.text) for SEGGER_RTT_printf
    ota.o(.text) refers to timer.o(.text) for Timer_Evt_Start
    ota.o(.text) refers to ota.o(.data) for .data
    ota.o(.text) refers to ota.o(.bss) for .bss
    gpio.o(.text) refers to gpio.o(.data) for .data
    timer_handler.o(.text) refers to timer.o(.text) for Timer_Evt_Creat
    timer_handler.o(.text) refers to timer.o(.data) for TIMER_EVT
    rtc_handler.o(.text) refers to rtc.o(.text) for RTC_EVT_Creat
    rtc_handler.o(.text) refers to rtc.o(.data) for RTC_EVT
    segger_rtt.o(.text) refers to strcpy.o(.text) for strcpy
    segger_rtt.o(.text) refers to memcpya.o(.text) for __aeabi_memcpy
    segger_rtt.o(.text) refers to strlen.o(.text) for strlen
    segger_rtt.o(.text) refers to segger_rtt.o(.bss) for .bss
    segger_rtt.o(.text) refers to segger_rtt.o(.data) for .data
    segger_rtt_printf.o(.text) refers to segger_rtt.o(.text) for SEGGER_RTT_Write
    segger_rtt_printf.o(.text) refers to uidiv.o(.text) for __aeabi_uidivmod
    segger_rtt_printf.o(.text) refers to printfa.o(i.__0sprintf) for __2sprintf
    segger_rtt_printf.o(.text) refers to idiv.o(.text) for __aeabi_idivmod
    segger_rtt_printf.o(.text) refers to segger_rtt_printf.o(.constdata) for .constdata
    segger_rtt_syscalls_keil.o(.text) refers to fputc.o(i.fputc) for fputc
    segger_rtt_syscalls_keil.o(.text) refers to strcmp.o(.text) for strcmp
    segger_rtt_syscalls_keil.o(.text) refers to segger_rtt.o(.text) for SEGGER_RTT_Write
    segger_rtt_syscalls_keil.o(.text) refers to stdout.o(.data) for __stdout
    segger_rtt_syscalls_keil.o(.text) refers to segger_rtt_syscalls_keil.o(.constdata) for .constdata
    startup_armcm0.o(RESET) refers to startup_armcm0.o(STACK) for __initial_sp
    startup_armcm0.o(RESET) refers to startup_armcm0.o(.text) for Reset_Handler
    startup_armcm0.o(RESET) refers to main.o(.text) for HardFault_Handler
    startup_armcm0.o(RESET) refers to rtc.o(.text) for RTC_IRQHandler
[...]
    Removing rtc.o(.revsh_text), (4 bytes).

39 unused section(s) (total 3497 bytes) removed from the image.

==============================================================================

Image Symbol Table

    Local Symbols

    Symbol Name                              Value     Ov Type        Size  Object(Section)

    ../clib/../cmprslib/zerorunl2.c          0x00000000   Number         0  __dczerorl2.o ABSOLUTE
    ../clib/microlib/division.c              0x00000000   Number         0  idiv.o ABSOLUTE
    ../clib/microlib/division.c              0x00000000   Number         0  uldiv.o ABSOLUTE
    ../clib/microlib/division.c              0x00000000   Number         0  uidiv.o ABSOLUTE
    ../clib/microlib/init/entry.s            0x00000000   Number         0  entry2.o ABSOLUTE
    ../clib/microlib/init/entry.s            0x00000000   Number         0  entry.o ABSOLUTE
    ../clib/microlib/init/entry.s            0x00000000   Number         0  entry7b.o ABSOLUTE
    ../clib/microlib/init/entry.s            0x00000000   Number         0  entry10a.o ABSOLUTE
    ../clib/microlib/init/entry.s            0x00000000   Number         0  entry11a.o ABSOLUTE
    ../clib/microlib/init/entry.s            0x00000000   Number         0  entry10b.o ABSOLUTE
    ../clib/microlib/init/entry.s            0x00000000   Number         0  entry9b.o ABSOLUTE
    ../clib/microlib/init/entry.s            0x00000000   Number         0  entry8a.o ABSOLUTE
    ../clib/microlib/init/entry.s            0x00000000   Number         0  entry8b.o ABSOLUTE
    ../clib/microlib/init/entry.s            0x00000000   Number         0  entry9a.o ABSOLUTE
    ../clib/microlib/init/entry.s            0x00000000   Number         0  entry7a.o ABSOLUTE
    ../clib/microlib/init/entry.s            0x00000000   Number         0  entry5.o ABSOLUTE
    ../clib/microlib/init/entry.s            0x00000000   Number         0  entry11b.o ABSOLUTE
    ../clib/microlib/longlong.c              0x00000000   Number         0  llshl.o ABSOLUTE
    ../clib/microlib/longlong.c              0x00000000   Number         0  llushr.o ABSOLUTE
    ../clib/microlib/longlong.c              0x00000000   Number         0  llsshr.o ABSOLUTE
    ../clib/microlib/printf/printf.c         0x00000000   Number         0  printf8.o ABSOLUTE
    ../clib/microlib/printf/printf.c         0x00000000   Number         0  printf4.o ABSOLUTE
    ../clib/microlib/printf/printf.c         0x00000000   Number         0  printf5.o ABSOLUTE
    ../clib/microlib/printf/printf.c         0x00000000   Number         0  printf6.o ABSOLUTE
    ../clib/microlib/printf/printf.c         0x00000000   Number         0  printf2.o ABSOLUTE
    ../clib/microlib/printf/printf.c         0x00000000   Number         0  printf7.o ABSOLUTE
    ../clib/microlib/printf/printf.c         0x00000000   Number         0  printfa.o ABSOLUTE
    ../clib/microlib/printf/printf.c         0x00000000   Number         0  printfb.o ABSOLUTE
    ../clib/microlib/printf/printf.c         0x00000000   Number         0  printf0.o ABSOLUTE
    ../clib/microlib/printf/printf.c         0x00000000   Number         0  printf1.o ABSOLUTE
    ../clib/microlib/printf/printf.c         0x00000000   Number         0  printf3.o ABSOLUTE
    ../clib/microlib/printf/stubs.s          0x00000000   Number         0  stubs.o ABSOLUTE
    ../clib/microlib/stdio/fflush.c          0x00000000   Number         0  fflush.o ABSOLUTE
    ../clib/microlib/stdio/fputc.c           0x00000000   Number         0  fputc.o ABSOLUTE
    ../clib/microlib/stdio/semi.s            0x00000000   Number         0  semi.o ABSOLUTE
    ../clib/microlib/stdio/streams.c         0x00000000   Number         0  stdout.o ABSOLUTE
    ../clib/microlib/string/memcmp.c         0x00000000   Number         0  memcmp.o ABSOLUTE
    ../clib/microlib/string/memcpy.c         0x00000000   Number         0  memcpya.o ABSOLUTE
    ../clib/microlib/string/memcpy.c         0x00000000   Number         0  memcpyb.o ABSOLUTE
    ../clib/microlib/string/memset.c         0x00000000   Number         0  memseta.o ABSOLUTE
    ../clib/microlib/string/strcmp.c         0x00000000   Number         0  strcmp.o ABSOLUTE
    ../clib/microlib/string/strcpy.c         0x00000000   Number         0  strcpy.o ABSOLUTE
    ../clib/microlib/string/strlen.c         0x00000000   Number         0  strlen.o ABSOLUTE
    ../clib/microlib/stubs.s                 0x00000000   Number         0  iusesemip.o ABSOLUTE
    ../clib/microlib/stubs.s                 0x00000000   Number         0  iusefp.o ABSOLUTE
    ../clib/microlib/stubs.s                 0x00000000   Number         0  useno.o ABSOLUTE
    ../clib/microlib/unhosted.c              0x00000000   Number         0  uread4.o ABSOLUTE
    ../clib/microlib/unhosted.c              0x00000000   Number         0  uwrite4.o ABSOLUTE
    ../fplib/microlib/f2d.c                  0x00000000   Number         0  f2d.o ABSOLUTE
    ../fplib/microlib/fpadd.c                0x00000000   Number         0  fadd.o ABSOLUTE
    ../fplib/microlib/fpadd.c                0x00000000   Number         0  dadd.o ABSOLUTE
    ../fplib/microlib/fpdiv.c                0x00000000   Number         0  ddiv.o ABSOLUTE
    ../fplib/microlib/fpepilogue.c           0x00000000   Number         0  depilogue.o ABSOLUTE
    ../fplib/microlib/fpepilogue.c           0x00000000   Number         0  fepilogue.o ABSOLUTE
    ../fplib/microlib/fpfix.c                0x00000000   Number         0  dfixui.o ABSOLUTE
    ../fplib/microlib/fpfix.c                0x00000000   Number         0  dfixul.o ABSOLUTE
    ../fplib/microlib/fpflt.c                0x00000000   Number         0  ffltui.o ABSOLUTE
    ../fplib/microlib/fpflt.c                0x00000000   Number         0  dfltui.o ABSOLUTE
    ../fplib/microlib/fpflt.c                0x00000000   Number         0  dflti.o ABSOLUTE
    ../fplib/microlib/fpmul.c                0x00000000   Number         0  dmul.o ABSOLUTE
    ..\..\..\Driver\delay.c                  0x00000000   Number         0  delay.o ABSOLUTE
    ..\..\..\Driver\gpio.c                   0x00000000   Number         0  gpio.o ABSOLUTE
    ..\..\..\Rtt\SEGGER_RTT.c                0x00000000   Number         0  segger_rtt.o ABSOLUTE
    ..\..\..\Rtt\SEGGER_RTT_Syscalls_KEIL.c  0x00000000   Number         0  segger_rtt_syscalls_keil.o ABSOLUTE
    ..\..\..\Rtt\SEGGER_RTT_printf.c         0x00000000   Number         0  segger_rtt_printf.o ABSOLUTE
    ..\..\..\ble\ota.c                       0x00000000   Number         0  ota.o ABSOLUTE
    ..\\..\\..\\Driver\\delay.c              0x00000000   Number         0  delay.o ABSOLUTE
    ..\\..\\..\\Driver\\gpio.c               0x00000000   Number         0  gpio.o ABSOLUTE
    ..\\..\\..\\Rtt\\SEGGER_RTT.c            0x00000000   Number         0  segger_rtt.o ABSOLUTE
    ..\\..\\..\\Rtt\\SEGGER_RTT_Syscalls_KEIL.c 0x00000000   Number         0  segger_rtt_syscalls_keil.o ABSOLUTE
    ..\\..\\..\\Rtt\\SEGGER_RTT_printf.c     0x00000000   Number         0  segger_rtt_printf.o ABSOLUTE
    ..\\..\\..\\ble\\ota.c                   0x00000000   Number         0  ota.o ABSOLUTE
    ..\\capdet_touch.c                       0x00000000   Number         0  capdet_touch.o ABSOLUTE
    ..\\main.c                               0x00000000   Number         0  main.o ABSOLUTE
    ..\\rtc_handler.c                        0x00000000   Number         0  rtc_handler.o ABSOLUTE
    ..\\timer_handler.c                      0x00000000   Number         0  timer_handler.o ABSOLUTE
    ..\capdet_touch.c                        0x00000000   Number         0  capdet_touch.o ABSOLUTE
    ..\main.c                                0x00000000   Number         0  main.o ABSOLUTE
    ..\rtc_handler.c                         0x00000000   Number         0  rtc_handler.o ABSOLUTE
    ..\timer_handler.c                       0x00000000   Number         0  timer_handler.o ABSOLUTE
    Driver\\rtc.c                            0x00000000   Number         0  rtc.o ABSOLUTE
    Driver\\timer.c                          0x00000000   Number         0  timer.o ABSOLUTE
    Driver\rtc.c                             0x00000000   Number         0  rtc.o ABSOLUTE
    Driver\timer.c                           0x00000000   Number         0  timer.o ABSOLUTE
    Main\\main.c                             0x00000000   Number         0  main.o ABSOLUTE
    Main\main.c                              0x00000000   Number         0  main.o ABSOLUTE
    RTE\Device\ARMCM0\startup_ARMCM0.s       0x00000000   Number         0  startup_armcm0.o ABSOLUTE
    RTE\Device\ARMCM0\system_ARMCM0.c        0x00000000   Number         0  system_armcm0.o ABSOLUTE
    RTE\\Device\\ARMCM0\\system_ARMCM0.c     0x00000000   Number         0  system_armcm0.o ABSOLUTE
    capdet_alg_lib.c                         0x00000000   Number         0  capdet_alg_lib.o ABSOLUTE
    capdet_alg_lib.c                         0x00000000   Number         0  capdet_alg_lib.o ABSOLUTE
    cdrcmple.s                               0x00000000   Number         0  cdrcmple.o ABSOLUTE
    dc.s                                     0x00000000   Number         0  dc.o ABSOLUTE
    handlers.s                               0x00000000   Number         0  handlers.o ABSOLUTE
    init.s                                   0x00000000   Number         0  init.o ABSOLUTE
    RESET                                    0x10000000   Section      192  startup_armcm0.o(RESET)
    .ARM.Collect$$$$00000000                 0x100000c0   Section        0  entry.o(.ARM.Collect$$$$00000000)
    .ARM.Collect$$$$00000001                 0x100000c0   Section        4  entry2.o(.ARM.Collect$$$$00000001)
    .ARM.Collect$$$$00000004                 0x100000c4   Section        4  entry5.o(.ARM.Collect$$$$00000004)
    .ARM.Collect$$$$00000008                 0x100000c8   Section        0  entry7b.o(.ARM.Collect$$$$00000008)
    .ARM.Collect$$$$0000000A                 0x100000c8   Section        0  entry8b.o(.ARM.Collect$$$$0000000A)
    .ARM.Collect$$$$0000000B                 0x100000c8   Section        8  entry9a.o(.ARM.Collect$$$$0000000B)
    .ARM.Collect$$$$0000000D                 0x100000d0   Section        0  entry10a.o(.ARM.Collect$$$$0000000D)
    .ARM.Collect$$$$0000000F                 0x100000d0   Section        0  entry11a.o(.ARM.Collect$$$$0000000F)
    .ARM.Collect$$$$00002712                 0x100000d0   Section        4  entry2.o(.ARM.Collect$$$$00002712)
    __lit__00000000                          0x100000d0   Data           4  entry2.o(.ARM.Collect$$$$00002712)
    .text                                    0x100000d4   Section        0  main.o(.text)
    setup_adv_data                           0x10000179   Thumb Code   100  main.o(.text)
    ble_init                                 0x100007f3   Thumb Code   118  main.o(.text)
    .text                                    0x1000094c   Section        0  delay.o(.text)
    .text                                    0x10000984   Section        0  capdet_touch.o(.text)
    timer1_callback                          0x10000b89   Thumb Code    54  capdet_touch.o(.text)
    __NVIC_EnableIRQ                         0x10000c9b   Thumb Code    18  capdet_touch.o(.text)
    .text                                    0x10000da8   Section        0  ota.o(.text)
    EvtCommandComplete                       0x10000da9   Thumb Code    24  ota.o(.text)
    Cmd4KSETTINGWrite                        0x1000101d   Thumb Code    78  ota.o(.text)
    CmdFwWriteStart                          0x1000106b   Thumb Code    30  ota.o(.text)
    CmdFwUpgradev20                          0x10001089   Thumb Code   110  ota.o(.text)
    CmdFlashdataUpgradev30                   0x100010f7   Thumb Code    80  ota.o(.text)
    .text                                    0x100012b8   Section        0  gpio.o(.text)
    .text                                    0x10001708   Section        0  timer_handler.o(.text)
    .text                                    0x10001774   Section        0  rtc_handler.o(.text)
    .text                                    0x100017c0   Section        0  segger_rtt.o(.text)
    _DoInit                                  0x100017c1   Thumb Code    74  segger_rtt.o(.text)
    _WriteBlocking                           0x1000180b   Thumb Code    96  segger_rtt.o(.text)
    _WriteNoCheck                            0x1000186b   Thumb Code    60  segger_rtt.o(.text)
    _PostTerminalSwitch                      0x10001f81   Thumb Code    24  segger_rtt.o(.text)
    _GetAvailWriteSpace                      0x10001f99   Thumb Code    22  segger_rtt.o(.text)
    .text                                    0x10001fbc   Section        0  segger_rtt_printf.o(.text)
    _StoreChar                               0x10001fbd   Thumb Code    62  segger_rtt_printf.o(.text)
    _PrintUnsigned                           0x10001ffb   Thumb Code   210  segger_rtt_printf.o(.text)
    _PrintInt                                0x100022fd   Thumb Code   200  segger_rtt_printf.o(.text)
    .text                                    0x100023e4   Section       28  startup_armcm0.o(.text)
    .text                                    0x10002400   Section        0  system_armcm0.o(.text)
    .text                                    0x10002418   Section        0  main.o(.text)
    _LCDisConnect                            0x10002419   Thumb Code    46  main.o(.text)
    _LCTimer_Handler                         0x10002447   Thumb Code   248  main.o(.text)
    _LCRxPkt_Handler                         0x10002559   Thumb Code   280  main.o(.text)
    _LCTxPkt_Handler                         0x10002671   Thumb Code   316  main.o(.text)
    _LLENCReq                                0x10002f41   Thumb Code   244  main.o(.text)
    _GAPStartAdv                             0x100035af   Thumb Code   558  main.o(.text)
    WaitLLCOverSlpth                         0x10004969   Thumb Code    38  main.o(.text)
    _BBRXFIFORead                            0x1000498f   Thumb Code   166  main.o(.text)
    _rom_rx_sweyntooth_protect               0x10004a35   Thumb Code   150  main.o(.text)
    STKSetRand                               0x10004acb   Thumb Code    30  main.o(.text)
    AttWriteFlash                            0x10004ae9   Thumb Code   110  main.o(.text)
    GetOverSlpth                             0x10004b57   Thumb Code    26  main.o(.text)
    .text                                    0x10004b80   Section        0  timer.o(.text)
    Timer_Evt_Trigger                        0x10004c69   Thumb Code   110  timer.o(.text)
    __NVIC_EnableIRQ                         0x10005179   Thumb Code    18  timer.o(.text)
    __NVIC_DisableIRQ                        0x1000518b   Thumb Code    28  timer.o(.text)
    .text                                    0x100051b4   Section        0  rtc.o(.text)
    Timer_RTCEVT_Trigger                     0x10005343   Thumb Code   150  rtc.o(.text)
    .text                                    0x1000577c   Section        0  uidiv.o(.text)
    .text                                    0x100057a8   Section        0  idiv.o(.text)
    .text                                    0x100057d0   Section        0  memcpya.o(.text)
    .text                                    0x100057f4   Section        0  memseta.o(.text)
    .text                                    0x10005818   Section        0  strlen.o(.text)
    .text                                    0x10005826   Section        0  memcmp.o(.text)
    .text                                    0x10005840   Section        0  strcpy.o(.text)
    .text                                    0x10005852   Section        0  uread4.o(.text)
    .text                                    0x10005866   Section        0  uwrite4.o(.text)
    .text                                    0x10005878   Section        0  fadd.o(.text)
    .text                                    0x1000592c   Section        0  dadd.o(.text)
    .text                                    0x10005a90   Section        0  dmul.o(.text)
    .text                                    0x10005b60   Section        0  ddiv.o(.text)
    .text                                    0x10005c50   Section        0  ffltui.o(.text)
    .text                                    0x10005c60   Section        0  dflti.o(.text)
    .text                                    0x10005c88   Section        0  dfltui.o(.text)
    .text                                    0x10005ca4   Section        0  dfixui.o(.text)
    .text                                    0x10005ce0   Section        0  f2d.o(.text)
    .text                                    0x10005d08   Section        0  uldiv.o(.text)
    .text                                    0x10005d68   Section        0  llshl.o(.text)
    .text                                    0x10005d88   Section        0  llushr.o(.text)
    .text                                    0x10005daa   Section        0  llsshr.o(.text)
    .text                                    0x10005dd0   Section        0  iusefp.o(.text)
    .text                                    0x10005dd0   Section        0  fepilogue.o(.text)
    .text                                    0x10005e52   Section        0  depilogue.o(.text)
    .text                                    0x10005f10   Section        0  dfixul.o(.text)
    .text                                    0x10005f50   Section       40  cdrcmple.o(.text)
    .text                                    0x10005f78   Section       36  init.o(.text)
    .text                                    0x10005f9c   Section        0  __dczerorl2.o(.text)
    i.__0sprintf                             0x10005ff4   Section        0  printfa.o(i.__0sprintf)
    i.__ARM_clz                              0x1000601c   Section        0  depilogue.o(i.__ARM_clz)
    i.__ARM_common_switch8                   0x1000604a   Section        0  main.o(i.__ARM_common_switch8)
    i.__scatterload_copy                     0x10006064   Section       14  handlers.o(i.__scatterload_copy)
    i.__scatterload_null                     0x10006072   Section        2  handlers.o(i.__scatterload_null)
    i.__scatterload_zeroinit                 0x10006074   Section       14  handlers.o(i.__scatterload_zeroinit)
    i._btn_detect                            0x10006084   Section        0  capdet_alg_lib.o(i._btn_detect)
    _btn_detect                              0x10006085   Thumb Code   126  capdet_alg_lib.o(i._btn_detect)
    i._change_fps                            0x1000610c   Section        0  capdet_alg_lib.o(i._change_fps)
    _change_fps                              0x1000610d   Thumb Code   246  capdet_alg_lib.o(i._change_fps)
    i._fp_digits                             0x1000620c   Section        0  printfa.o(i._fp_digits)
    _fp_digits                               0x1000620d   Thumb Code   344  printfa.o(i._fp_digits)
    i._frm_get                               0x10006380   Section        0  capdet_alg_lib.o(i._frm_get)
    _frm_get                                 0x10006381   Thumb Code   632  capdet_alg_lib.o(i._frm_get)
    i._neg_cell_comp                         0x10006604   Section        0  capdet_alg_lib.o(i._neg_cell_comp)
    _neg_cell_comp                           0x10006605   Thumb Code   264  capdet_alg_lib.o(i._neg_cell_comp)
    i._op_mode_update                        0x10006718   Section        0  capdet_alg_lib.o(i._op_mode_update)
    _op_mode_update                          0x10006719   Thumb Code   308  capdet_alg_lib.o(i._op_mode_update)
    i._pos_cell_comp                         0x10006854   Section        0  capdet_alg_lib.o(i._pos_cell_comp)
    _pos_cell_comp                           0x10006855   Thumb Code   132  capdet_alg_lib.o(i._pos_cell_comp)
    i._printf_core                           0x100068dc   Section        0  printfa.o(i._printf_core)
    _printf_core                             0x100068dd   Thumb Code  1754  printfa.o(i._printf_core)
    i._printf_post_padding                   0x10006fc8   Section        0  printfa.o(i._printf_post_padding)
    _printf_post_padding                     0x10006fc9   Thumb Code    32  printfa.o(i._printf_post_padding)
    i._printf_pre_padding                    0x10006fe8   Section        0  printfa.o(i._printf_pre_padding)
    _printf_pre_padding                      0x10006fe9   Thumb Code    44  printfa.o(i._printf_pre_padding)
    i._sputc                                 0x10007014   Section        0  printfa.o(i._sputc)
    _sputc                                   0x10007015   Thumb Code    10  printfa.o(i._sputc)
    i._wake_up_th_config                     0x10007020   Section        0  capdet_alg_lib.o(i._wake_up_th_config)
    _wake_up_th_config                       0x10007021   Thumb Code   140  capdet_alg_lib.o(i._wake_up_th_config)
    i.capdet_init                            0x100070b4   Section        0  capdet_alg_lib.o(i.capdet_init)
    i.capdet_int_handle                      0x10007390   Section        0  capdet_alg_lib.o(i.capdet_int_handle)
    i.capdet_process                         0x10007400   Section        0  capdet_alg_lib.o(i.capdet_process)
    i.capdet_reg_read_all                    0x1000746c   Section        0  capdet_alg_lib.o(i.capdet_reg_read_all)
    i.capdet_reg_write                       0x1000748c   Section        0  capdet_alg_lib.o(i.capdet_reg_write)
    i.capdet_reg_write_all                   0x10007700   Section        0  capdet_alg_lib.o(i.capdet_reg_write_all)
    i.capdet_start                           0x10007720   Section        0  capdet_alg_lib.o(i.capdet_start)
    i.capdet_stop                            0x10007748   Section        0  capdet_alg_lib.o(i.capdet_stop)
    .constdata                               0x10007778   Section       16  segger_rtt_printf.o(.constdata)
    _aV2C                                    0x10007778   Data          16  segger_rtt_printf.o(.constdata)
    .constdata                               0x10007788   Section       40  main.o(.constdata)
    _ll_packet_length                        0x1000778b   Data          15  main.o(.constdata)
    _smp_packet_lenght                       0x1000779a   Data          22  main.o(.constdata)
    .data                                    0x20003000   Section       59  main.o(.data)
    start_tx                                 0x20003003   Data           1  main.o(.data)
    g_report                                 0x20003008   Data           4  main.o(.data)
    .data                                    0x2000303c   Section       16  capdet_touch.o(.data)
    TIMER_CTRL                               0x20003048   Data           4  capdet_touch.o(.data)
    .data                                    0x2000304c   Section       28  ota.o(.data)
    EvtBuf                                   0x20003060   Data           8  ota.o(.data)
    .data                                    0x20003068   Section       72  gpio.o(.data)
    gpio_callback                            0x2000307c   Data           4  gpio.o(.data)
    pinmuxtab48                              0x20003080   Data          24  gpio.o(.data)
    pinmuxtab32                              0x20003098   Data          24  gpio.o(.data)
    .data                                    0x200030b0   Section        4  rtc_handler.o(.data)
    .data                                    0x200030b4   Section       17  segger_rtt.o(.data)
    _ActiveTerminal                          0x200030b4   Data           1  segger_rtt.o(.data)
    _aTerminalId                             0x200030b5   Data          16  segger_rtt.o(.data)
    .data                                    0x200030c8   Section        4  system_armcm0.o(.data)
    .data                                    0x200030cc   Section       56  capdet_alg_lib.o(.data)
    g_frm_status                             0x200030cc   Data           1  capdet_alg_lib.o(.data)
    g_operate_mode                           0x200030cd   Data           1  capdet_alg_lib.o(.data)
    g_intrpt_flag                            0x200030ce   Data           1  capdet_alg_lib.o(.data)
    g_btn_pkg_idx                            0x200030cf   Data           1  capdet_alg_lib.o(.data)
    g_frm_pkg_idx                            0x200030d0   Data           1  capdet_alg_lib.o(.data)
    is_fw_touched                            0x200030d1   Data           1  capdet_alg_lib.o(.data)
    g_is_cap_detect_on                       0x200030d2   Data           1  capdet_alg_lib.o(.data)
    g_skip_frame                             0x200030d3   Data           1  capdet_alg_lib.o(.data)
    g_prevent_sleep                          0x200030d4   Data           1  capdet_alg_lib.o(.data)
    g_frm_pre_status                         0x200030d5   Data           1  capdet_alg_lib.o(.data)
    g_btn_info                               0x200030d6   Data           2  capdet_alg_lib.o(.data)
    g_op_mode_frm_cnt                        0x200030d8   Data           4  capdet_alg_lib.o(.data)
    CAP_DET                                  0x200030dc   Data           4  capdet_alg_lib.o(.data)
    g_timestamp                              0x200030e0   Data           4  capdet_alg_lib.o(.data)
    g_sysclk_new                             0x200030e4   Data           4  capdet_alg_lib.o(.data)
    g_sysclk_initial                         0x200030e8   Data           4  capdet_alg_lib.o(.data)
    g_pre_fps_active                         0x200030ec   Data           4  capdet_alg_lib.o(.data)
    g_pre_fps_idle1                          0x200030f0   Data           4  capdet_alg_lib.o(.data)
    g_pre_fps_idle2                          0x200030f4   Data           4  capdet_alg_lib.o(.data)
    g_sysclk_new_cur                         0x200030f8   Data           4  capdet_alg_lib.o(.data)
    g_sysclk_initial_cur                     0x200030fc   Data           4  capdet_alg_lib.o(.data)
    g_frm_converge_cnt                       0x20003100   Data           4  capdet_alg_lib.o(.data)
    .data                                    0x20003104   Section       64  main.o(.data)
    syd_confirm                              0x20003104   Data           1  main.o(.data)
    ww_minus_cnt                             0x20003105   Data           1  main.o(.data)
    ext_uart_en                              0x20003106   Data           1  main.o(.data)
    get_bond_device_idx                      0x20003107   Data           1  main.o(.data)
    _valid_l2cap_lenght                      0x20003108   Data           1  main.o(.data)
    rssi_rx                                  0x2000310a   Data           1  main.o(.data)
    p_flash_hdr                              0x2000310c   Data           4  main.o(.data)
    p_lclink                                 0x20003110   Data           4  main.o(.data)
    p_txpdu                                  0x20003114   Data           4  main.o(.data)
    p_rxbuf                                  0x20003118   Data           4  main.o(.data)
    p_flash                                  0x2000311c   Data           4  main.o(.data)
    p_dump_key                               0x20003124   Data           4  main.o(.data)
    EFUSE_CTRL                               0x20003128   Data           4  main.o(.data)
    BB_CTRL                                  0x2000312c   Data           4  main.o(.data)
    PW_CTRL                                  0x20003130   Data           4  main.o(.data)
    PIN_CONFIG                               0x20003134   Data           4  main.o(.data)
    CONFIG_FLASH_SIZE                        0x20003138   Data           4  main.o(.data)
    g_evt                                    0x2000313c   Data           8  main.o(.data)
    .data                                    0x20003144   Section       28  timer.o(.data)
    TIMER_CTRL                               0x20003148   Data           4  timer.o(.data)
    .data                                    0x20003160   Section       40  rtc.o(.data)
    enabled                                  0x20003160   Data           1  rtc.o(.data)
    irq_cb                                   0x20003180   Data           4  rtc.o(.data)
    .bss                                     0x20003188   Section       80  capdet_touch.o(.bss)
    .bss                                     0x200031d8   Section       40  ota.o(.bss)
    .bss                                     0x20003200   Section       72  timer_handler.o(.bss)
    .bss                                     0x20003248   Section       24  rtc_handler.o(.bss)
    .bss                                     0x20003260   Section     1112  segger_rtt.o(.bss)
    _acUpBuffer                              0x200032a8   Data        1024  segger_rtt.o(.bss)
    _acDownBuffer                            0x200036a8   Data          16  segger_rtt.o(.bss)
    .bss                                     0x200036b8   Section      448  capdet_alg_lib.o(.bss)
    g_reg                                    0x200036b8   Data          96  capdet_alg_lib.o(.bss)
    g_bg_frm                                 0x20003718   Data          32  capdet_alg_lib.o(.bss)
    g_bg_frm_calc                            0x20003738   Data          64  capdet_alg_lib.o(.bss)
    g_frm                                    0x20003778   Data          32  capdet_alg_lib.o(.bss)
    g_update_bg_flag                         0x20003798   Data          16  capdet_alg_lib.o(.bss)
    g_positive_cell_cnt                      0x200037a8   Data          32  capdet_alg_lib.o(.bss)
    g_negative_cell_cnt                      0x200037c8   Data          32  capdet_alg_lib.o(.bss)
    g_neg_cell_comp_status                   0x200037e8   Data          16  capdet_alg_lib.o(.bss)
    g_button_cnt                             0x200037f8   Data          64  capdet_alg_lib.o(.bss)
    g_hw_raw                                 0x20003838   Data          64  capdet_alg_lib.o(.bss)
    .bss                                     0x20003878   Section      104  main.o(.bss)
    code_hdr                                 0x20003878   Data          87  main.o(.bss)
    smart_update_ctrol                       0x200038cf   Data          17  main.o(.bss)
    .bss                                     0x200038e0   Section       12  timer.o(.bss)
    timer_callback                           0x200038e0   Data          12  timer.o(.bss)
    STACK                                    0x200038f0   Section     1024  startup_armcm0.o(STACK)

    Global Symbols

    Symbol Name                              Value     Ov Type        Size  Object(Section)

    BuildAttributes$$THM_ISAv3M$S$PE$A:L22$X:L11$S22$IEEE1$IW$USESV6$~STKCKD$USESV7$~SHL$OTIME$ROPI$EBA8$MICROLIB$REQ8$PRES8$EABIv2 0x00000000   Number         0  anon$$obj.o ABSOLUTE
    __ARM_use_no_argv                        0x00000000   Number         0  main.o ABSOLUTE
    __use_no_errno                           0x00000000   Number         0  useno.o ABSOLUTE
    __use_no_exception_handling              0x00000000   Number         0  useno.o ABSOLUTE
    __use_no_fp                              0x00000000   Number         0  useno.o ABSOLUTE
    __use_no_heap                            0x00000000   Number         0  useno.o ABSOLUTE
    __use_no_heap_region                     0x00000000   Number         0  useno.o ABSOLUTE
    __use_no_semihosting                     0x00000000   Number         0  useno.o ABSOLUTE
    __use_no_semihosting_swi                 0x00000000   Number         0  useno.o ABSOLUTE
    __use_no_signal_handling                 0x00000000   Number         0  useno.o ABSOLUTE
    _printf_a                                0x00000000   Number         0  stubs.o ABSOLUTE
    _printf_c                                0x00000000   Number         0  stubs.o ABSOLUTE
    _printf_charcount                        0x00000000   Number         0  stubs.o ABSOLUTE
    _printf_d                                0x00000000   Number         0  stubs.o ABSOLUTE
    _printf_e                                0x00000000   Number         0  stubs.o ABSOLUTE
    _printf_f                                0x00000000   Number         0  stubs.o ABSOLUTE
    _printf_flags                            0x00000000   Number         0  stubs.o ABSOLUTE
    _printf_fp_dec                           0x00000000   Number         0  stubs.o ABSOLUTE
    _printf_fp_hex                           0x00000000   Number         0  stubs.o ABSOLUTE
    _printf_g                                0x00000000   Number         0  stubs.o ABSOLUTE
    _printf_i                                0x00000000   Number         0  stubs.o ABSOLUTE
    _printf_int_dec                          0x00000000   Number         0  stubs.o ABSOLUTE
    _printf_l                                0x00000000   Number         0  stubs.o ABSOLUTE
    _printf_lc                               0x00000000   Number         0  stubs.o ABSOLUTE
    _printf_ll                               0x00000000   Number         0  stubs.o ABSOLUTE
    _printf_lld                              0x00000000   Number         0  stubs.o ABSOLUTE
    _printf_lli                              0x00000000   Number         0  stubs.o ABSOLUTE
    _printf_llo                              0x00000000   Number         0  stubs.o ABSOLUTE
    _printf_llu                              0x00000000   Number         0  stubs.o ABSOLUTE
    _printf_llx                              0x00000000   Number         0  stubs.o ABSOLUTE
    _printf_longlong_dec                     0x00000000   Number         0  stubs.o ABSOLUTE
    _printf_longlong_hex                     0x00000000   Number         0  stubs.o ABSOLUTE
    _printf_longlong_oct                     0x00000000   Number         0  stubs.o ABSOLUTE
    _printf_ls                               0x00000000   Number         0  stubs.o ABSOLUTE
    _printf_mbtowc                           0x00000000   Number         0  stubs.o ABSOLUTE
    _printf_n                                0x00000000   Number         0  stubs.o ABSOLUTE
    _printf_o                                0x00000000   Number         0  stubs.o ABSOLUTE
    _printf_p                                0x00000000   Number         0  stubs.o ABSOLUTE
    _printf_percent                          0x00000000   Number         0  stubs.o ABSOLUTE
    _printf_pre_padding                      0x00000000   Number         0  stubs.o ABSOLUTE
    _printf_return_value                     0x00000000   Number         0  stubs.o ABSOLUTE
    _printf_s                                0x00000000   Number         0  stubs.o ABSOLUTE
    _printf_sizespec                         0x00000000   Number         0  stubs.o ABSOLUTE
    _printf_str                              0x00000000   Number         0  stubs.o ABSOLUTE
    _printf_truncate_signed                  0x00000000   Number         0  stubs.o ABSOLUTE
    _printf_truncate_unsigned                0x00000000   Number         0  stubs.o ABSOLUTE
    _printf_u                                0x00000000   Number         0  stubs.o ABSOLUTE
    _printf_wc                               0x00000000   Number         0  stubs.o ABSOLUTE
    _printf_wctomb                           0x00000000   Number         0  stubs.o ABSOLUTE
    _printf_widthprec                        0x00000000   Number         0  stubs.o ABSOLUTE
    _printf_x                                0x00000000   Number         0  stubs.o ABSOLUTE
    __cpp_initialize__aeabi_                  - Undefined Weak Reference
    __cxa_finalize                            - Undefined Weak Reference
    _clock_init                               - Undefined Weak Reference
    _microlib_exit                            - Undefined Weak Reference
    __Vectors_Size                           0x000000c0   Number         0  startup_armcm0.o ABSOLUTE
    __Vectors                                0x10000000   Data           4  startup_armcm0.o(RESET)
    __Vectors_End                            0x100000c0   Data           0  startup_armcm0.o(RESET)
    __main                                   0x100000c1   Thumb Code     0  entry.o(.ARM.Collect$$$$00000000)
    _main_stk                                0x100000c1   Thumb Code     0  entry2.o(.ARM.Collect$$$$00000001)
    _main_scatterload                        0x100000c5   Thumb Code     0  entry5.o(.ARM.Collect$$$$00000004)
    __main_after_scatterload                 0x100000c9   Thumb Code     0  entry5.o(.ARM.Collect$$$$00000004)
    _main_clock                              0x100000c9   Thumb Code     0  entry7b.o(.ARM.Collect$$$$00000008)
    _main_cpp_init                           0x100000c9   Thumb Code     0  entry8b.o(.ARM.Collect$$$$0000000A)
    _main_init                               0x100000c9   Thumb Code     0  entry9a.o(.ARM.Collect$$$$0000000B)
    __rt_final_cpp                           0x100000d1   Thumb Code     0  entry10a.o(.ARM.Collect$$$$0000000D)
    __rt_final_exit                          0x100000d1   Thumb Code     0  entry11a.o(.ARM.Collect$$$$0000000F)
    gpio_init                                0x100000d5   Thumb Code   164  main.o(.text)
    BLSetConnectionUpdate                    0x100001dd   Thumb Code    78  main.o(.text)
    Connection_latency                       0x1000022b   Thumb Code    38  main.o(.text)
    BLE_SendUARTData                         0x10000251   Thumb Code    46  main.o(.text)
    ble_evt_callback                         0x1000027f   Thumb Code   398  main.o(.text)
    ota_manage                               0x1000040d   Thumb Code   116  main.o(.text)
    Timer_Evt_Handle_20ms                    0x10000481   Thumb Code   606  main.o(.text)
    main                                     0x100006df   Thumb Code   266  main.o(.text)
    HardFault_Handler                        0x100007e9   Thumb Code    10  main.o(.text)
    delay_ms                                 0x1000094d   Thumb Code    26  delay.o(.text)
    delay_us                                 0x10000967   Thumb Code    24  delay.o(.text)
    capdet_init_all_256                      0x10000985   Thumb Code   348  capdet_touch.o(.text)
    CapDet_touch_force_Calibration           0x10000ae1   Thumb Code    60  capdet_touch.o(.text)
    CapDetForceCalibration                   0x10000b1d   Thumb Code    30  capdet_touch.o(.text)
    CapDetForceWakeUp                        0x10000b3b   Thumb Code    30  capdet_touch.o(.text)
    CapDetForceSleep                         0x10000b59   Thumb Code    30  capdet_touch.o(.text)
    CapDetAutoCalibration                    0x10000b77   Thumb Code    18  capdet_touch.o(.text)
    CAP_Handler                              0x10000bbf   Thumb Code   182  capdet_touch.o(.text)
    CAP_IRQHandler                           0x10000c75   Thumb Code    20  capdet_touch.o(.text)
    TOUCH_IRQHandler                         0x10000c89   Thumb Code    18  capdet_touch.o(.text)
    CmdFwErase                               0x10000dc1   Thumb Code    22  ota.o(.text)
    ota_variable_clear                       0x10000dd7   Thumb Code    24  ota.o(.text)
    ota_cmd                                  0x10000def   Thumb Code   522  ota.o(.text)
    ota_rsp                                  0x10000ff9   Thumb Code    36  ota.o(.text)
    PIN_Set_GPIO                             0x100012b9   Thumb Code    32  gpio.o(.text)
    PIN_Pullup_Enable                        0x100012d9   Thumb Code   104  gpio.o(.text)
    PIN_Pullup_Disable                       0x10001341   Thumb Code   104  gpio.o(.text)
    GPIO_Set_Output                          0x100013a9   Thumb Code    46  gpio.o(.text)
    GPIO_Set_Input                           0x100013d7   Thumb Code   170  gpio.o(.text)
    GPIO_Set_Input_DIR                       0x10001481   Thumb Code    46  gpio.o(.text)
    GPIO_Input_Enable                        0x100014af   Thumb Code    46  gpio.o(.text)
    GPIO_Input_Disable                       0x100014dd   Thumb Code    46  gpio.o(.text)
    GPIO_Pin_Set                             0x1000150b   Thumb Code    46  gpio.o(.text)
    GPIO_Pin_Clear                           0x10001539   Thumb Code    46  gpio.o(.text)
    GPIO_Pin_Turn                            0x10001567   Thumb Code    46  gpio.o(.text)
    GPIO_Pin_Read                            0x10001595   Thumb Code    32  gpio.o(.text)
    io_irq_enable                            0x100015b5   Thumb Code   112  gpio.o(.text)
    io_irq_disable                           0x10001625   Thumb Code    50  gpio.o(.text)
    io_irq_disable_all                       0x10001657   Thumb Code    48  gpio.o(.text)
    GPIO_IRQHandler                          0x10001687   Thumb Code   128  gpio.o(.text)
    Timer_Evt_2s                             0x10001709   Thumb Code    14  timer_handler.o(.text)
    Timer_EVT_1S_OTA                         0x10001717   Thumb Code    14  timer_handler.o(.text)
    Timer_EVT_20MS                           0x10001725   Thumb Code    14  timer_handler.o(.text)
    Timer_Evt_List                           0x10001733   Thumb Code    50  timer_handler.o(.text)
    RTC_Evt_10S                              0x10001775   Thumb Code    12  rtc_handler.o(.text)
    RTC_Evt_185s                             0x10001781   Thumb Code    12  rtc_handler.o(.text)
    RTC_Evt_List                             0x1000178d   Thumb Code    40  rtc_handler.o(.text)
    SEGGER_RTT_ReadNoLock                    0x100018a7   Thumb Code   122  segger_rtt.o(.text)
    SEGGER_RTT_Read                          0x10001921   Thumb Code    24  segger_rtt.o(.text)
    SEGGER_RTT_WriteWithOverwriteNoLock      0x10001939   Thumb Code   138  segger_rtt.o(.text)
    SEGGER_RTT_WriteSkipNoLock               0x100019c3   Thumb Code   104  segger_rtt.o(.text)
    SEGGER_RTT_WriteNoLock                   0x10001a2b   Thumb Code    86  segger_rtt.o(.text)
    SEGGER_RTT_Write                         0x10001a81   Thumb Code    48  segger_rtt.o(.text)
    SEGGER_RTT_WriteString                   0x10001ab1   Thumb Code    24  segger_rtt.o(.text)
    SEGGER_RTT_PutCharSkipNoLock             0x10001ac9   Thumb Code    46  segger_rtt.o(.text)
    SEGGER_RTT_PutCharSkip                   0x10001af7   Thumb Code    76  segger_rtt.o(.text)
    SEGGER_RTT_PutChar                       0x10001b43   Thumb Code    88  segger_rtt.o(.text)
    SEGGER_RTT_GetKey                        0x10001b9b   Thumb Code    60  segger_rtt.o(.text)
    SEGGER_RTT_WaitKey                       0x10001bd7   Thumb Code    12  segger_rtt.o(.text)
    SEGGER_RTT_HasKey                        0x10001be3   Thumb Code    30  segger_rtt.o(.text)
    SEGGER_RTT_HasData                       0x10001c01   Thumb Code    16  segger_rtt.o(.text)
    SEGGER_RTT_AllocDownBuffer               0x10001c11   Thumb Code    94  segger_rtt.o(.text)
    SEGGER_RTT_AllocUpBuffer                 0x10001c6f   Thumb Code    94  segger_rtt.o(.text)
    SEGGER_RTT_ConfigUpBuffer                0x10001ccd   Thumb Code    84  segger_rtt.o(.text)
    SEGGER_RTT_ConfigDownBuffer              0x10001d21   Thumb Code    84  segger_rtt.o(.text)
    SEGGER_RTT_SetNameUpBuffer               0x10001d75   Thumb Code    58  segger_rtt.o(.text)
    SEGGER_RTT_SetNameDownBuffer             0x10001daf   Thumb Code    58  segger_rtt.o(.text)
    SEGGER_RTT_SetFlagsUpBuffer              0x10001de9   Thumb Code    58  segger_rtt.o(.text)
    SEGGER_RTT_SetFlagsDownBuffer            0x10001e23   Thumb Code    58  segger_rtt.o(.text)
    SEGGER_RTT_Init                          0x10001e5d   Thumb Code     8  segger_rtt.o(.text)
    SEGGER_RTT_SetTerminal                   0x10001e65   Thumb Code   122  segger_rtt.o(.text)
    SEGGER_RTT_TerminalOut                   0x10001edf   Thumb Code   162  segger_rtt.o(.text)
    SEGGER_RTT_vprintf                       0x100020cd   Thumb Code   452  segger_rtt_printf.o(.text)
    SEGGER_RTT_printf                        0x10002291   Thumb Code    24  segger_rtt_printf.o(.text)
    SEGGER_RTT_hexdump                       0x100022a9   Thumb Code    84  segger_rtt_printf.o(.text)
    Reset_Handler                            0x100023e5   Thumb Code     8  startup_armcm0.o(.text)
    NMI_Handler                              0x100023ed   Thumb Code     2  startup_armcm0.o(.text)
    SVC_Handler                              0x100023f1   Thumb Code     2  startup_armcm0.o(.text)
    PendSV_Handler                           0x100023f3   Thumb Code     2  startup_armcm0.o(.text)
    SysTick_Handler                          0x100023f5   Thumb Code     2  startup_armcm0.o(.text)
    GPADC_IRQHandler                         0x100023f7   Thumb Code     0  startup_armcm0.o(.text)
    HID_IRQHandler                           0x100023f7   Thumb Code     0  startup_armcm0.o(.text)
    HPWM_IRQHandler                          0x100023f7   Thumb Code     0  startup_armcm0.o(.text)
    HTIMER_IRQHandler                        0x100023f7   Thumb Code     0  startup_armcm0.o(.text)
    I2C0_IRQHandler                          0x100023f7   Thumb Code     0  startup_armcm0.o(.text)
    I2C1_IRQHandler                          0x100023f7   Thumb Code     0  startup_armcm0.o(.text)
    IR_Rx_IRQHandler                         0x100023f7   Thumb Code     0  startup_armcm0.o(.text)
    IR_Tx_IRQHandler                         0x100023f7   Thumb Code     0  startup_armcm0.o(.text)
    ISO_7816_IRQHandler                      0x100023f7   Thumb Code     0  startup_armcm0.o(.text)
    LLC2_IRQHandler                          0x100023f7   Thumb Code     0  startup_armcm0.o(.text)
    LLC_IRQHandler                           0x100023f7   Thumb Code     0  startup_armcm0.o(.text)
    SPIM_IRQHandler                          0x100023f7   Thumb Code     0  startup_armcm0.o(.text)
    SW_IRQHandler                            0x100023f7   Thumb Code     0  startup_armcm0.o(.text)
    TIMER3_IRQHandler                        0x100023f7   Thumb Code     0  startup_armcm0.o(.text)
    UART0_IRQHandler                         0x100023f7   Thumb Code     0  startup_armcm0.o(.text)
    UART1_IRQHandler                         0x100023f7   Thumb Code     0  startup_armcm0.o(.text)
    SystemCoreClockUpdate                    0x10002401   Thumb Code     8  system_armcm0.o(.text)
    SystemInit                               0x10002409   Thumb Code     8  system_armcm0.o(.text)
    LLPingReq                                0x1000253f   Thumb Code    26  main.o(.text)
    _BBGetMask                               0x100027ad   Thumb Code   158  main.o(.text)
    Lib_LLEvtCallback                        0x1000284b   Thumb Code   186  main.o(.text)
    ConnectionLatencyMode                    0x10002905   Thumb Code   112  main.o(.text)
    sw_timer_latency_callback                0x10002975   Thumb Code    42  main.o(.text)
    TimerStart                               0x1000299f   Thumb Code    10  main.o(.text)
    smart_latency_start                      0x100029a9   Thumb Code   212  main.o(.text)
    smart_update_latency_updatersp           0x10002a7d   Thumb Code   162  main.o(.text)
    BBRFRead                                 0x10002b1f   Thumb Code     4  main.o(.text)
    BBRFWrite                                0x10002b23   Thumb Code     6  main.o(.text)
    RCOSCCalibration                         0x10002b29   Thumb Code    64  main.o(.text)
    RFSleep                                  0x10002b69   Thumb Code    10  main.o(.text)
    UartEn                                   0x10002b73   Thumb Code    32  main.o(.text)
    _SYS32kClockSwitch                       0x10002b93   Thumb Code   264  main.o(.text)
    ClockSwitch                              0x10002c9b   Thumb Code    10  main.o(.text)
    RFWakeup                                 0x10002ca5   Thumb Code    22  main.o(.text)
    LPOCalibration                           0x10002cbb   Thumb Code   242  main.o(.text)
    smart_latency_clear                      0x10002dad   Thumb Code    12  main.o(.text)
    Lib_EvtCallback                          0x10002db9   Thumb Code   248  main.o(.text)
    _BMGetNextBondDevice                     0x10002eb1   Thumb Code   144  main.o(.text)
    __LLVersionIndRxHandler                  0x10003035   Thumb Code    66  main.o(.text)
    GetMasterSystem                          0x10003077   Thumb Code     6  main.o(.text)
    TimerStop                                0x1000307d   Thumb Code    56  main.o(.text)
    smart_update_retry                       0x100030b5   Thumb Code   158  main.o(.text)
    sw_timer_update_callback                 0x10003153   Thumb Code    60  main.o(.text)
    smart_update_latency_updatareq           0x1000318f   Thumb Code   496  main.o(.text)
    Lib_ProtocolHookCallback                 0x1000337f   Thumb Code   116  main.o(.text)
    Lib_MiscCallback                         0x100033f3   Thumb Code    14  main.o(.text)
    BleInit                                  0x10003401   Thumb Code   348  main.o(.text)
    DisConnect                               0x1000355d   Thumb Code    10  main.o(.text)
    SetDevAddr                               0x10003567   Thumb Code    12  main.o(.text)
    GetDevAddr                               0x10003573   Thumb Code    12  main.o(.text)
    SetLEFeature                             0x1000357f   Thumb Code    12  main.o(.text)
    SetAdvAccCode                            0x1000358b   Thumb Code    12  main.o(.text)
    SetAdvParams                             0x10003597   Thumb Code    12  main.o(.text)
    SetAdvData                               0x100035a3   Thumb Code    12  main.o(.text)
    StartAdv                                 0x100037dd   Thumb Code    10  main.o(.text)
    StopAdv                                  0x100037e7   Thumb Code    24  main.o(.text)
    StopAdv_Noreset                          0x100037ff   Thumb Code    38  main.o(.text)
    SetScanParams                            0x10003825   Thumb Code    10  main.o(.text)
    _BBSetScan                               0x1000382f   Thumb Code    46  main.o(.text)
    _GAPStartScan                            0x1000385d   Thumb Code   230  main.o(.text)
    StartScan                                0x10003943   Thumb Code    10  main.o(.text)
    StopScan                                 0x1000394d   Thumb Code    10  main.o(.text)
    SetSecParams                             0x10003957   Thumb Code    12  main.o(.text)
    SetConnectionUpdate                      0x10003963   Thumb Code    12  main.o(.text)
    GetLinkParameters                        0x1000396f   Thumb Code    12  main.o(.text)
    SetWinWideMinusCnt                       0x1000397b   Thumb Code     8  main.o(.text)
    SetPasskey                               0x10003983   Thumb Code    12  main.o(.text)
    SecurityReq                              0x1000398f   Thumb Code    12  main.o(.text)
    SetEvtCallback                           0x1000399b   Thumb Code    54  main.o(.text)
    GetGATTReportHandle                      0x100039d1   Thumb Code    10  main.o(.text)
    SetGATTReadRsp                           0x100039db   Thumb Code    12  main.o(.text)
    CheckFIFOFull                            0x100039e7   Thumb Code    18  main.o(.text)
    GATTDataSend                             0x100039f9   Thumb Code    86  main.o(.text)
    ATTCSetCallback                          0x10003a4f   Thumb Code     4  main.o(.text)
    ATTCMTUReq                               0x10003a53   Thumb Code    24  main.o(.text)
    ATTCFindInfoReq                          0x10003a6b   Thumb Code    28  main.o(.text)
    ATTCFindByTypeValueReq                   0x10003a87   Thumb Code    40  main.o(.text)
    ATTCReadByTypeReq                        0x10003aaf   Thumb Code    36  main.o(.text)
    ATTCReadReq                              0x10003ad3   Thumb Code    24  main.o(.text)
    ATTCReadBlobReq                          0x10003aeb   Thumb Code    28  main.o(.text)
    ATTCReadMultipleReq                      0x10003b07   Thumb Code    28  main.o(.text)
    ATTCReadByGroupTypeReq                   0x10003b23   Thumb Code    34  main.o(.text)
    ATTCWriteReq                             0x10003b45   Thumb Code    32  main.o(.text)
    ATTCWriteCmdReq                          0x10003b65   Thumb Code    32  main.o(.text)
    ATTCPrepareWriteReq                      0x10003b85   Thumb Code    36  main.o(.text)
    ATTCExecuteWriteReq                      0x10003ba9   Thumb Code    24  main.o(.text)
    ATTCConfirmation                         0x10003bc1   Thumb Code    20  main.o(.text)
    _SYSClockSwitch                          0x10003bd5   Thumb Code    86  main.o(.text)
    MCUClockSwitch                           0x10003c2b   Thumb Code     2  main.o(.text)
    GetMCUClock                              0x10003c2d   Thumb Code    14  main.o(.text)
    GetClock                                 0x10003c3b   Thumb Code    16  main.o(.text)
    WakeupConfig                             0x10003c4b   Thumb Code    12  main.o(.text)
    LLSleep                                  0x10003c57   Thumb Code    12  main.o(.text)
    Rand                                     0x10003c63   Thumb Code     4  main.o(.text)
    DelayUS                                  0x10003c67   Thumb Code     4  main.o(.text)
    DelayMS                                  0x10003c6b   Thumb Code     6  main.o(.text)
    GetCompanyID                             0x10003c71   Thumb Code    18  main.o(.text)
    GetQFNType                               0x10003c83   Thumb Code    20  main.o(.text)
    RFRead                                   0x10003c97   Thumb Code     8  main.o(.text)
    RFWrite                                  0x10003c9f   Thumb Code     8  main.o(.text)
    lib_check_ble_fsm_state                  0x10003ca7   Thumb Code    26  main.o(.text)
    SystemSleep                              0x10003cc1   Thumb Code    20  main.o(.text)
    SystemPowerDown                          0x10003cd5   Thumb Code   140  main.o(.text)
    SystemReset                              0x10003d61   Thumb Code    10  main.o(.text)
    CapdetEn                                 0x10003d6b   Thumb Code    10  main.o(.text)
    PowerDownLPOEn                           0x10003d75   Thumb Code    12  main.o(.text)
    SetBondManagerIndex                      0x10003d81   Thumb Code    12  main.o(.text)
    GetBondDevice                            0x10003d8d   Thumb Code     6  main.o(.text)
    AddBondDevice                            0x10003d93   Thumb Code    12  main.o(.text)
    DelAllBondDevice                         0x10003d9f   Thumb Code    10  main.o(.text)
    DelBondDevice                            0x10003da9   Thumb Code    12  main.o(.text)
    ReadProfileData                          0x10003db5   Thumb Code     6  main.o(.text)
    WriteProfileData                         0x10003dbb   Thumb Code     6  main.o(.text)
    EraseFlashData                           0x10003dc1   Thumb Code    78  main.o(.text)
    ReadFlashData                            0x10003e0f   Thumb Code    56  main.o(.text)
    WriteFlashData                           0x10003e47   Thumb Code    56  main.o(.text)
    CodeErase                                0x10003e7f   Thumb Code   100  main.o(.text)
    CodeErase_sector                         0x10003ee3   Thumb Code    72  main.o(.text)
    _FMCodeWrite                             0x10003f2b   Thumb Code    58  main.o(.text)
    CodeWrite                                0x10003f65   Thumb Code    30  main.o(.text)
    CodeUpdate                               0x10003f83   Thumb Code    10  main.o(.text)
    FlashDataUpdate                          0x10003f8d   Thumb Code   124  main.o(.text)
    ble_sched_execute                        0x10004009   Thumb Code   150  main.o(.text)
    ble_sched_finish                         0x1000409f   Thumb Code     4  main.o(.text)
    syd52832_chip_confirm                    0x100040a3   Thumb Code    26  main.o(.text)
    gap_s_smart_update_latency               0x100040bd   Thumb Code   238  main.o(.text)
    eFuseManual                              0x100041ab   Thumb Code    28  main.o(.text)
    GPADC_Manual_Calibration                 0x100041c7   Thumb Code    34  main.o(.text)
    GPADC_Get_Calibration                    0x100041e9   Thumb Code    22  main.o(.text)
    GAPGetUartEn                             0x100041ff   Thumb Code     6  main.o(.text)
    GAPUartEn                                0x10004205   Thumb Code     6  main.o(.text)
    GAPBBDelayUS                             0x1000420b   Thumb Code     4  main.o(.text)
    GAPBBDelayMS                             0x1000420f   Thumb Code     6  main.o(.text)
    GAPGetRFAutoSleep                        0x10004215   Thumb Code     4  main.o(.text)
    GAPSetRFAutoSleep                        0x10004219   Thumb Code     6  main.o(.text)
    Setting4kUpdate                          0x1000421f   Thumb Code   114  main.o(.text)
    SetDevAddr_toflash                       0x10004291   Thumb Code    72  main.o(.text)
    gap_s_verdor_datas_get                   0x100042d9   Thumb Code    28  main.o(.text)
    gap_s_verdor_datas_set                   0x100042f5   Thumb Code    66  main.o(.text)
    gap_s_is_ll_start_enc                    0x10004337   Thumb Code    26  main.o(.text)
    GAPBBTXFIFO0Write                        0x10004351   Thumb Code     4  main.o(.text)
    flash_peotect_key_confirm                0x10004355   Thumb Code   148  main.o(.text)
    swd_lock                                 0x100043e9   Thumb Code    36  main.o(.text)
    flash_data_offect_get                    0x1000440d   Thumb Code    50  main.o(.text)
    EraseCodeB                               0x1000443f   Thumb Code    56  main.o(.text)
    ReadCodeB                                0x10004477   Thumb Code    62  main.o(.text)
    WriteCodeB                               0x100044b5   Thumb Code    62  main.o(.text)
    ble_SetTxPower                           0x100044f3   Thumb Code   284  main.o(.text)
    flash_data_size_get                      0x1000460f   Thumb Code    18  main.o(.text)
    code_idx_get                             0x10004621   Thumb Code     6  main.o(.text)
    flash_data_size_set                      0x10004627   Thumb Code   146  main.o(.text)
    Get_RSSI_Last_RX                         0x100046b9   Thumb Code    82  main.o(.text)
    APP_Read_Attribute_Encrypt               0x1000470b   Thumb Code    62  main.o(.text)
    APP_Write_Attribute_Encrypt              0x10004749   Thumb Code    66  main.o(.text)
    APP_Read_Charact_Permission              0x1000478b   Thumb Code    66  main.o(.text)
    smart_latency_target                     0x100047cd   Thumb Code    30  main.o(.text)
    smp_aes_encrypt                          0x100047eb   Thumb Code     4  main.o(.text)
    gap_get_flash_data_info                  0x100047ef   Thumb Code    26  main.o(.text)
    gap_set_flash_data_info                  0x10004809   Thumb Code    70  main.o(.text)
    gap_check_dev_bonded                     0x1000484f   Thumb Code     6  main.o(.text)
    syd_set_chip_flash_all_size              0x10004855   Thumb Code     6  main.o(.text)
    Xtal_trim_get                            0x1000485b   Thumb Code   106  main.o(.text)
    Xtal_trim_set                            0x100048c5   Thumb Code   164  main.o(.text)
    Timer_Evt_Creat                          0x10004b81   Thumb Code    54  timer.o(.text)
    Min                                      0x10004bb7   Thumb Code     8  timer.o(.text)
    TimerDelayUS                             0x10004bbf   Thumb Code    24  timer.o(.text)
    timer_0_disable                          0x10004bd7   Thumb Code    48  timer.o(.text)
    timer_0_enable                           0x10004c07   Thumb Code    96  timer.o(.text)
    timer_0_start                            0x10004c67   Thumb Code     2  timer.o(.text)
    timer_0_get                              0x10004cd7   Thumb Code    92  timer.o(.text)
    Timer_Evt_Stop                           0x10004d33   Thumb Code   120  timer.o(.text)
    Timer_Evt_ReSet                          0x10004dab   Thumb Code    64  timer.o(.text)
    Timer_Evt_Clr                            0x10004deb   Thumb Code    10  timer.o(.text)
    Timer_Evt_Start                          0x10004df5   Thumb Code   156  timer.o(.text)
    Timer_Evt_ReStart                        0x10004e91   Thumb Code   132  timer.o(.text)
    Timer_Get_State                          0x10004f15   Thumb Code    34  timer.o(.text)
    SYD_Timer_Init                           0x10004f37   Thumb Code    34  timer.o(.text)
    timer_0_delay_32us                       0x10004f59   Thumb Code    92  timer.o(.text)
    TIMER0_IRQHandler                        0x10004fb5   Thumb Code    32  timer.o(.text)
    timer_1_enable                           0x10004fd5   Thumb Code    96  timer.o(.text)
    timer_1_disable                          0x10005035   Thumb Code    48  timer.o(.text)
    TIMER1_IRQHandler                        0x10005065   Thumb Code    32  timer.o(.text)
    timer_2_enable                           0x10005085   Thumb Code    96  timer.o(.text)
    timer_1_get                              0x100050e5   Thumb Code    34  timer.o(.text)
    timer_2_get                              0x10005107   Thumb Code    34  timer.o(.text)
    timer_2_disable                          0x10005129   Thumb Code    48  timer.o(.text)
    TIMER2_IRQHandler                        0x10005159   Thumb Code    32  timer.o(.text)
    rtc_get_calendar                         0x100051b5   Thumb Code    40  rtc.o(.text)
    RTC_RUN                                  0x100051dd   Thumb Code    66  rtc.o(.text)
    rtc_set_compare                          0x1000521f   Thumb Code    68  rtc.o(.text)
    RTC_SET                                  0x10005263   Thumb Code    84  rtc.o(.text)
    RTC_Refressh                             0x100052b7   Thumb Code    76  rtc.o(.text)
    RTC_EVT_Creat                            0x10005303   Thumb Code    32  rtc.o(.text)
    Min_RTC                                  0x10005323   Thumb Code     8  rtc.o(.text)
    rtc_int_disable                          0x1000532b   Thumb Code    24  rtc.o(.text)
    RTC_EVT_Clr                              0x100053d9   Thumb Code    10  rtc.o(.text)
    RTC_EVT_Stop                             0x100053e3   Thumb Code   112  rtc.o(.text)
    RTC_EVT_Start                            0x10005453   Thumb Code   146  rtc.o(.text)
    RTC_EVT_whole_minute_setid               0x100054e5   Thumb Code     6  rtc.o(.text)
    RTC_EVT_whole_minute_adj                 0x100054eb   Thumb Code   132  rtc.o(.text)
    RTC_Get_State                            0x1000556f   Thumb Code    54  rtc.o(.text)
    rtc_start                                0x100055a5   Thumb Code    28  rtc.o(.text)
    rtc_set_interrupt_callback               0x100055c1   Thumb Code     6  rtc.o(.text)
    rtc_int_enable                           0x100055c7   Thumb Code    22  rtc.o(.text)
    rtc_int_clear                            0x100055dd   Thumb Code    22  rtc.o(.text)
    rtc_set_calendar                         0x100055f3   Thumb Code    40  rtc.o(.text)
    rtc_set_prescaler                        0x1000561b   Thumb Code    34  rtc.o(.text)
    rtc_clear                                0x1000563d   Thumb Code    18  rtc.o(.text)
    rtc_stop                                 0x1000564f   Thumb Code    30  rtc.o(.text)
    rtc_init                                 0x1000566d   Thumb Code   126  rtc.o(.text)
    SYD_RTC_Init                             0x100056eb   Thumb Code    40  rtc.o(.text)
    RTC_IRQHandler                           0x10005713   Thumb Code    30  rtc.o(.text)
    rtc_status                               0x10005731   Thumb Code     6  rtc.o(.text)
    rtc_get_compare                          0x10005737   Thumb Code    52  rtc.o(.text)
    __aeabi_uidiv                            0x1000577d   Thumb Code     0  uidiv.o(.text)
    __aeabi_uidivmod                         0x1000577d   Thumb Code    44  uidiv.o(.text)
    __aeabi_idiv                             0x100057a9   Thumb Code     0  idiv.o(.text)
    __aeabi_idivmod                          0x100057a9   Thumb Code    40  idiv.o(.text)
    __aeabi_memcpy                           0x100057d1   Thumb Code    36  memcpya.o(.text)
    __aeabi_memcpy4                          0x100057d1   Thumb Code     0  memcpya.o(.text)
    __aeabi_memcpy8                          0x100057d1   Thumb Code     0  memcpya.o(.text)
    __aeabi_memset                           0x100057f5   Thumb Code    14  memseta.o(.text)
    __aeabi_memset4                          0x100057f5   Thumb Code     0  memseta.o(.text)
    __aeabi_memset8                          0x100057f5   Thumb Code     0  memseta.o(.text)
    __aeabi_memclr                           0x10005803   Thumb Code     4  memseta.o(.text)
    __aeabi_memclr4                          0x10005803   Thumb Code     0  memseta.o(.text)
    __aeabi_memclr8                          0x10005803   Thumb Code     0  memseta.o(.text)
    _memset$wrapper                          0x10005807   Thumb Code    18  memseta.o(.text)
    strlen                                   0x10005819   Thumb Code    14  strlen.o(.text)
    memcmp                                   0x10005827   Thumb Code    26  memcmp.o(.text)
    strcpy                                   0x10005841   Thumb Code    18  strcpy.o(.text)
    __aeabi_uread4                           0x10005853   Thumb Code    20  uread4.o(.text)
    __rt_uread4                              0x10005853   Thumb Code     0  uread4.o(.text)
    _uread4                                  0x10005853   Thumb Code     0  uread4.o(.text)
    __aeabi_uwrite4                          0x10005867   Thumb Code    18  uwrite4.o(.text)
    __rt_uwrite4                             0x10005867   Thumb Code     0  uwrite4.o(.text)
    _uwrite4                                 0x10005867   Thumb Code     0  uwrite4.o(.text)
    __aeabi_fadd                             0x10005879   Thumb Code   162  fadd.o(.text)
    __aeabi_fsub                             0x1000591b   Thumb Code     8  fadd.o(.text)
    __aeabi_frsub                            0x10005923   Thumb Code     8  fadd.o(.text)
    __aeabi_dadd                             0x1000592d   Thumb Code   328  dadd.o(.text)
    __aeabi_dsub                             0x10005a75   Thumb Code    12  dadd.o(.text)
    __aeabi_drsub                            0x10005a81   Thumb Code    12  dadd.o(.text)
    __aeabi_dmul                             0x10005a91   Thumb Code   202  dmul.o(.text)
    __aeabi_ddiv                             0x10005b61   Thumb Code   234  ddiv.o(.text)
    __aeabi_ui2f                             0x10005c51   Thumb Code    14  ffltui.o(.text)
    __aeabi_i2d                              0x10005c61   Thumb Code    34  dflti.o(.text)
    __aeabi_ui2d                             0x10005c89   Thumb Code    24  dfltui.o(.text)
    __aeabi_d2uiz                            0x10005ca5   Thumb Code    50  dfixui.o(.text)
    __aeabi_f2d                              0x10005ce1   Thumb Code    40  f2d.o(.text)
    __aeabi_uldivmod                         0x10005d09   Thumb Code    96  uldiv.o(.text)
    __aeabi_llsl                             0x10005d69   Thumb Code    32  llshl.o(.text)
    _ll_shift_l                              0x10005d69   Thumb Code     0  llshl.o(.text)
    __aeabi_llsr                             0x10005d89   Thumb Code    34  llushr.o(.text)
    _ll_ushift_r                             0x10005d89   Thumb Code     0  llushr.o(.text)
    __aeabi_lasr                             0x10005dab   Thumb Code    38  llsshr.o(.text)
    _ll_sshift_r                             0x10005dab   Thumb Code     0  llsshr.o(.text)
    __I$use$fp                               0x10005dd1   Thumb Code     0  iusefp.o(.text)
    _float_round                             0x10005dd1   Thumb Code    16  fepilogue.o(.text)
    _float_epilogue                          0x10005de1   Thumb Code   114  fepilogue.o(.text)
    _double_round                            0x10005e53   Thumb Code    26  depilogue.o(.text)
    _double_epilogue                         0x10005e6d   Thumb Code   164  depilogue.o(.text)
    __aeabi_d2ulz                            0x10005f11   Thumb Code    54  dfixul.o(.text)
    __aeabi_cdrcmple                         0x10005f51   Thumb Code    38  cdrcmple.o(.text)
    __scatterload                            0x10005f79   Thumb Code    28  init.o(.text)
    __scatterload_rt2                        0x10005f79   Thumb Code     0  init.o(.text)
    __decompress                             0x10005f9d   Thumb Code     0  __dczerorl2.o(.text)
    __decompress1                            0x10005f9d   Thumb Code    86  __dczerorl2.o(.text)
    __0sprintf                               0x10005ff5   Thumb Code    36  printfa.o(i.__0sprintf)
    __1sprintf                               0x10005ff5   Thumb Code     0  printfa.o(i.__0sprintf)
    __2sprintf                               0x10005ff5   Thumb Code     0  printfa.o(i.__0sprintf)
    __c89sprintf                             0x10005ff5   Thumb Code     0  printfa.o(i.__0sprintf)
    sprintf                                  0x10005ff5   Thumb Code     0  printfa.o(i.__0sprintf)
    __ARM_clz                                0x1000601d   Thumb Code    46  depilogue.o(i.__ARM_clz)
    __ARM_common_switch8                     0x1000604b   Thumb Code    26  main.o(i.__ARM_common_switch8)
    __scatterload_copy                       0x10006065   Thumb Code    14  handlers.o(i.__scatterload_copy)
    __scatterload_null                       0x10006073   Thumb Code     2  handlers.o(i.__scatterload_null)
    __scatterload_zeroinit                   0x10006075   Thumb Code    14  handlers.o(i.__scatterload_zeroinit)
    capdet_init                              0x100070b5   Thumb Code   712  capdet_alg_lib.o(i.capdet_init)
    capdet_int_handle                        0x10007391   Thumb Code    98  capdet_alg_lib.o(i.capdet_int_handle)
    capdet_process                           0x10007401   Thumb Code   100  capdet_alg_lib.o(i.capdet_process)
    capdet_reg_read_all                      0x1000746d   Thumb Code    26  capdet_alg_lib.o(i.capdet_reg_read_all)
    capdet_reg_write                         0x1000748d   Thumb Code   620  capdet_alg_lib.o(i.capdet_reg_write)
    capdet_reg_write_all                     0x10007701   Thumb Code    28  capdet_alg_lib.o(i.capdet_reg_write_all)
    capdet_start                             0x10007721   Thumb Code    36  capdet_alg_lib.o(i.capdet_start)
    capdet_stop                              0x10007749   Thumb Code    42  capdet_alg_lib.o(i.capdet_stop)
    adv_chn_to_freq_idx                      0x10007788   Data           3  main.o(.constdata)
    Region$$Table$$Base                      0x100077b0   Number         0  anon$$obj.o(Region$$Table)
    Region$$Table$$Limit                     0x100077d0   Number         0  anon$$obj.o(Region$$Table)
    connect_flag                             0x20003000   Data           1  main.o(.data)
    latency_state                            0x20003001   Data           1  main.o(.data)
    update_latency_mode                      0x20003002   Data           1  main.o(.data)
    key_loop                                 0x20003004   Data           2  main.o(.data)
    ADV_DATA                                 0x2000300c   Data          27  main.o(.data)
    SCAN_DATA                                0x20003027   Data          20  main.o(.data)
    rtc_10s_cnt                              0x2000303c   Data           1  capdet_touch.o(.data)
    capdet_calibration_state                 0x2000303d   Data           1  capdet_touch.o(.data)
    capdet_calibration_cnt                   0x2000303e   Data           1  capdet_touch.o(.data)
    cap_int_flag                             0x2000303f   Data           1  capdet_touch.o(.data)
    syd_capdet_key                           0x20003040   Data           1  capdet_touch.o(.data)
    press_always_cnt                         0x20003044   Data           4  capdet_touch.o(.data)
    ota_state                                0x2000304c   Data           1  ota.o(.data)
    ota_writecnt                             0x2000304d   Data           1  ota.o(.data)
    ota_section_size                         0x2000304e   Data           2  ota.o(.data)
    ota_receive_size                         0x20003050   Data           2  ota.o(.data)
    ota_section_check                        0x20003052   Data           2  ota.o(.data)
    ota_receive_check                        0x20003054   Data           2  ota.o(.data)
    ota_section_offset                       0x20003058   Data           4  ota.o(.data)
    pevt                                     0x2000305c   Data           4  ota.o(.data)
    PIN_CONFIG                               0x20003068   Data           4  gpio.o(.data)
    GPIO_CTRL                                0x2000306c   Data           4  gpio.o(.data)
    GPO_CTRL                                 0x20003070   Data           4  gpio.o(.data)
    GPI_CTRL                                 0x20003074   Data           4  gpio.o(.data)
    GPIO_IRQ_CTRL                            0x20003078   Data           4  gpio.o(.data)
    syd_history_setting_str                  0x200030b0   Data           4  rtc_handler.o(.data)
    SystemCoreClock                          0x200030c8   Data           4  system_armcm0.o(.data)
    master_system                            0x20003109   Data           1  main.o(.data)
    p_gett_db_hdr                            0x20003120   Data           4  main.o(.data)
    Event_Num                                0x20003144   Data           1  timer.o(.data)
    max_trigger_timer                        0x2000314c   Data           4  timer.o(.data)
    TIMER_EVT                                0x20003150   Data           4  timer.o(.data)
    Timer_Evt_Trigger_Loop_now               0x20003154   Data           4  timer.o(.data)
    sys_timer_max_p                          0x20003158   Data           4  timer.o(.data)
    sys_timer_current_p                      0x2000315c   Data           4  timer.o(.data)
    RTC_Event_Num                            0x20003161   Data           1  rtc.o(.data)
    max_trigger_rtc                          0x20003164   Data           4  rtc.o(.data)
    RTC_EVT                                  0x20003168   Data           4  rtc.o(.data)
    RTC_RTCEVT_Trigger_Loop_now              0x2000316c   Data           4  rtc.o(.data)
    RTC_second_now                           0x20003170   Data           4  rtc.o(.data)
    sys_rtc_max_p                            0x20003174   Data           4  rtc.o(.data)
    sys_rtc_current_p                        0x20003178   Data           4  rtc.o(.data)
    RTCEVT_whole_minute_id                   0x2000317c   Data           4  rtc.o(.data)
    RTC_second_last                          0x20003184   Data           4  rtc.o(.data)
    g_context                                0x20003188   Data          80  capdet_touch.o(.bss)
    ota_w                                    0x200031d8   Data          40  ota.o(.bss)
    syd_sysTimer                             0x20003200   Data          72  timer_handler.o(.bss)
    syd_rtc                                  0x20003248   Data          24  rtc_handler.o(.bss)
    _SEGGER_RTT                              0x20003260   Data          72  segger_rtt.o(.bss)
    __initial_sp                             0x20003cf0   Data           0  startup_armcm0.o(STACK)



==============================================================================

Memory Map of the image

  Image Entry point : 0x100000c1

  Load Region LR_IROM1 (Base: 0x10000000, Size: 0x00007958, Max: 0x0003f000, ABSOLUTE, COMPRESSED[0x00007888])

    Execution Region ER_IROM1 (Exec base: 0x10000000, Load base: 0x10000000, Size: 0x000077d0, Max: 0x0003f000, ABSOLUTE)

    Exec Addr    Load Addr    Size         Type   Attr      Idx    E Section Name        Object

    0x10000000   0x10000000   0x000000c0   Data   RO          420    RESET               startup_armcm0.o
    0x100000c0   0x100000c0   0x00000000   Code   RO          813  * .ARM.Collect$$$$00000000  mc_p.l(entry.o)
    0x100000c0   0x100000c0   0x00000004   Code   RO         1122    .ARM.Collect$$$$00000001  mc_p.l(entry2.o)
    0x100000c4   0x100000c4   0x00000004   Code   RO         1125    .ARM.Collect$$$$00000004  mc_p.l(entry5.o)
    0x100000c8   0x100000c8   0x00000000   Code   RO         1127    .ARM.Collect$$$$00000008  mc_p.l(entry7b.o)
    0x100000c8   0x100000c8   0x00000000   Code   RO         1129    .ARM.Collect$$$$0000000A  mc_p.l(entry8b.o)
    0x100000c8   0x100000c8   0x00000008   Code   RO         1130    .ARM.Collect$$$$0000000B  mc_p.l(entry9a.o)
    0x100000d0   0x100000d0   0x00000000   Code   RO         1132    .ARM.Collect$$$$0000000D  mc_p.l(entry10a.o)
    0x100000d0   0x100000d0   0x00000000   Code   RO         1134    .ARM.Collect$$$$0000000F  mc_p.l(entry11a.o)
    0x100000d0   0x100000d0   0x00000004   Code   RO         1123    .ARM.Collect$$$$00002712  mc_p.l(entry2.o)
    0x100000d4   0x100000d4   0x00000878   Code   RO            3    .text               main.o
    0x1000094c   0x1000094c   0x00000038   Code   RO          103    .text               delay.o
    0x10000984   0x10000984   0x00000424   Code   RO          123    .text               capdet_touch.o
    0x10000da8   0x10000da8   0x00000510   Code   RO          181    .text               ota.o
    0x100012b8   0x100012b8   0x0000044e   Code   RO          220    .text               gpio.o
    0x10001706   0x10001706   0x00000002   PAD
    0x10001708   0x10001708   0x0000006c   Code   RO          249    .text               timer_handler.o
    0x10001774   0x10001774   0x0000004c   Code   RO          282    .text               rtc_handler.o
    0x100017c0   0x100017c0   0x000007fc   Code   RO          310    .text               segger_rtt.o
    0x10001fbc   0x10001fbc   0x00000428   Code   RO          344    .text               segger_rtt_printf.o
    0x100023e4   0x100023e4   0x0000001c   Code   RO          421    .text               startup_armcm0.o
    0x10002400   0x10002400   0x00000018   Code   RO          427    .text               system_armcm0.o
    0x10002418   0x10002418   0x00002768   Code   RO          611    .text               syd8811_ble_lib.lib(main.o)
    0x10004b80   0x10004b80   0x00000634   Code   RO          710    .text               Syd8811_softtimer_lib.lib(timer.o)
    0x100051b4   0x100051b4   0x000005c8   Code   RO          778    .text               Syd8811_softtimer_lib.lib(rtc.o)
    0x1000577c   0x1000577c   0x0000002c   Code   RO          821    .text               mc_p.l(uidiv.o)
    0x100057a8   0x100057a8   0x00000028   Code   RO          823    .text               mc_p.l(idiv.o)
    0x100057d0   0x100057d0   0x00000024   Code   RO          825    .text               mc_p.l(memcpya.o)
    0x100057f4   0x100057f4   0x00000024   Code   RO          827    .text               mc_p.l(memseta.o)
    0x10005818   0x10005818   0x0000000e   Code   RO          829    .text               mc_p.l(strlen.o)
    0x10005826   0x10005826   0x0000001a   Code   RO          833    .text               mc_p.l(memcmp.o)
    0x10005840   0x10005840   0x00000012   Code   RO          835    .text               mc_p.l(strcpy.o)
    0x10005852   0x10005852   0x00000014   Code   RO         1100    .text               mc_p.l(uread4.o)
    0x10005866   0x10005866   0x00000012   Code   RO         1102    .text               mc_p.l(uwrite4.o)
    0x10005878   0x10005878   0x000000b2   Code   RO         1104    .text               mf_p.l(fadd.o)
    0x1000592a   0x1000592a   0x00000002   PAD
    0x1000592c   0x1000592c   0x00000164   Code   RO         1106    .text               mf_p.l(dadd.o)
    0x10005a90   0x10005a90   0x000000d0   Code   RO         1108    .text               mf_p.l(dmul.o)
    0x10005b60   0x10005b60   0x000000f0   Code   RO         1110    .text               mf_p.l(ddiv.o)
    0x10005c50   0x10005c50   0x0000000e   Code   RO         1112    .text               mf_p.l(ffltui.o)
    0x10005c5e   0x10005c5e   0x00000002   PAD
    0x10005c60   0x10005c60   0x00000028   Code   RO         1114    .text               mf_p.l(dflti.o)
    0x10005c88   0x10005c88   0x0000001c   Code   RO         1116    .text               mf_p.l(dfltui.o)
    0x10005ca4   0x10005ca4   0x0000003c   Code   RO         1118    .text               mf_p.l(dfixui.o)
    0x10005ce0   0x10005ce0   0x00000028   Code   RO         1120    .text               mf_p.l(f2d.o)
    0x10005d08   0x10005d08   0x00000060   Code   RO         1137    .text               mc_p.l(uldiv.o)
    0x10005d68   0x10005d68   0x00000020   Code   RO         1139    .text               mc_p.l(llshl.o)
    0x10005d88   0x10005d88   0x00000022   Code   RO         1141    .text               mc_p.l(llushr.o)
    0x10005daa   0x10005daa   0x00000026   Code   RO         1143    .text               mc_p.l(llsshr.o)
    0x10005dd0   0x10005dd0   0x00000000   Code   RO         1145    .text               mc_p.l(iusefp.o)
    0x10005dd0   0x10005dd0   0x00000082   Code   RO         1147    .text               mf_p.l(fepilogue.o)
    0x10005e52   0x10005e52   0x000000be   Code   RO         1149    .text               mf_p.l(depilogue.o)
    0x10005f10   0x10005f10   0x00000040   Code   RO         1153    .text               mf_p.l(dfixul.o)
    0x10005f50   0x10005f50   0x00000028   Code   RO         1155    .text               mf_p.l(cdrcmple.o)
    0x10005f78   0x10005f78   0x00000024   Code   RO         1157    .text               mc_p.l(init.o)
    0x10005f9c   0x10005f9c   0x00000056   Code   RO         1167    .text               mc_p.l(__dczerorl2.o)
    0x10005ff2   0x10005ff2   0x00000002   PAD
    0x10005ff4   0x10005ff4   0x00000028   Code   RO         1074    i.__0sprintf        mc_p.l(printfa.o)
    0x1000601c   0x1000601c   0x0000002e   Code   RO         1151    i.__ARM_clz         mf_p.l(depilogue.o)
    0x1000604a   0x1000604a   0x0000001a   Code   RO           22    i.__ARM_common_switch8  main.o
    0x10006064   0x10006064   0x0000000e   Code   RO         1161    i.__scatterload_copy  mc_p.l(handlers.o)
    0x10006072   0x10006072   0x00000002   Code   RO         1162    i.__scatterload_null  mc_p.l(handlers.o)
    0x10006074   0x10006074   0x0000000e   Code   RO         1163    i.__scatterload_zeroinit  mc_p.l(handlers.o)
    0x10006082   0x10006082   0x00000002   PAD
    0x10006084   0x10006084   0x00000088   Code   RO          453    i._btn_detect       capdet_alg_lib.lib(capdet_alg_lib.o)
    0x1000610c   0x1000610c   0x00000100   Code   RO          454    i._change_fps       capdet_alg_lib.lib(capdet_alg_lib.o)
    0x1000620c   0x1000620c   0x00000174   Code   RO         1079    i._fp_digits        mc_p.l(printfa.o)
    0x10006380   0x10006380   0x00000284   Code   RO          455    i._frm_get          capdet_alg_lib.lib(capdet_alg_lib.o)
    0x10006604   0x10006604   0x00000114   Code   RO          456    i._neg_cell_comp    capdet_alg_lib.lib(capdet_alg_lib.o)
    0x10006718   0x10006718   0x0000013c   Code   RO          457    i._op_mode_update   capdet_alg_lib.lib(capdet_alg_lib.o)
    0x10006854   0x10006854   0x00000088   Code   RO          458    i._pos_cell_comp    capdet_alg_lib.lib(capdet_alg_lib.o)
    0x100068dc   0x100068dc   0x000006ec   Code   RO         1080    i._printf_core      mc_p.l(printfa.o)
    0x10006fc8   0x10006fc8   0x00000020   Code   RO         1081    i._printf_post_padding  mc_p.l(printfa.o)
    0x10006fe8   0x10006fe8   0x0000002c   Code   RO         1082    i._printf_pre_padding  mc_p.l(printfa.o)
    0x10007014   0x10007014   0x0000000a   Code   RO         1084    i._sputc            mc_p.l(printfa.o)
    0x1000701e   0x1000701e   0x00000002   PAD
    0x10007020   0x10007020   0x00000094   Code   RO          459    i._wake_up_th_config  capdet_alg_lib.lib(capdet_alg_lib.o)
    0x100070b4   0x100070b4   0x000002dc   Code   RO          460    i.capdet_init       capdet_alg_lib.lib(capdet_alg_lib.o)
    0x10007390   0x10007390   0x00000070   Code   RO          461    i.capdet_int_handle  capdet_alg_lib.lib(capdet_alg_lib.o)
    0x10007400   0x10007400   0x0000006c   Code   RO          464    i.capdet_process    capdet_alg_lib.lib(capdet_alg_lib.o)
    0x1000746c   0x1000746c   0x00000020   Code   RO          466    i.capdet_reg_read_all  capdet_alg_lib.lib(capdet_alg_lib.o)
    0x1000748c   0x1000748c   0x00000274   Code   RO          467    i.capdet_reg_write  capdet_alg_lib.lib(capdet_alg_lib.o)
    0x10007700   0x10007700   0x00000020   Code   RO          468    i.capdet_reg_write_all  capdet_alg_lib.lib(capdet_alg_lib.o)
    0x10007720   0x10007720   0x00000028   Code   RO          469    i.capdet_start      capdet_alg_lib.lib(capdet_alg_lib.o)
    0x10007748   0x10007748   0x00000030   Code   RO          470    i.capdet_stop       capdet_alg_lib.lib(capdet_alg_lib.o)
    0x10007778   0x10007778   0x00000010   Data   RO          345    .constdata          segger_rtt_printf.o
    0x10007788   0x10007788   0x00000028   Data   RO          613    .constdata          syd8811_ble_lib.lib(main.o)
    0x100077b0   0x100077b0   0x00000020   Data   RO         1159    Region$$Table       anon$$obj.o


    Execution Region RW_IRAM1 (Exec base: 0x20003000, Load base: 0x100077d0, Size: 0x00000cf0, Max: 0x00005000, ABSOLUTE, COMPRESSED[0x000000b8])

    Exec Addr    Load Addr    Size         Type   Attr      Idx    E Section Name        Object

    0x20003000   COMPRESSED   0x0000003b   Data   RW            4    .data               main.o
    0x2000303b   COMPRESSED   0x00000001   PAD
    0x2000303c   COMPRESSED   0x00000010   Data   RW          125    .data               capdet_touch.o
    0x2000304c   COMPRESSED   0x0000001c   Data   RW          183    .data               ota.o
    0x20003068   COMPRESSED   0x00000048   Data   RW          221    .data               gpio.o
    0x200030b0   COMPRESSED   0x00000004   Data   RW          284    .data               rtc_handler.o
    0x200030b4   COMPRESSED   0x00000011   Data   RW          312    .data               segger_rtt.o
    0x200030c5   COMPRESSED   0x00000003   PAD
    0x200030c8   COMPRESSED   0x00000004   Data   RW          428    .data               system_armcm0.o
    0x200030cc   COMPRESSED   0x00000038   Data   RW          473    .data               capdet_alg_lib.lib(capdet_alg_lib.o)
    0x20003104   COMPRESSED   0x00000040   Data   RW          614    .data               syd8811_ble_lib.lib(main.o)
    0x20003144   COMPRESSED   0x0000001c   Data   RW          712    .data               Syd8811_softtimer_lib.lib(timer.o)
    0x20003160   COMPRESSED   0x00000028   Data   RW          779    .data               Syd8811_softtimer_lib.lib(rtc.o)
    0x20003188        -       0x00000050   Zero   RW          124    .bss                capdet_touch.o
    0x200031d8        -       0x00000028   Zero   RW          182    .bss                ota.o
    0x20003200        -       0x00000048   Zero   RW          250    .bss                timer_handler.o
    0x20003248        -       0x00000018   Zero   RW          283    .bss                rtc_handler.o
    0x20003260        -       0x00000458   Zero   RW          311    .bss                segger_rtt.o
    0x200036b8        -       0x000001c0   Zero   RW          472    .bss                capdet_alg_lib.lib(capdet_alg_lib.o)
    0x20003878        -       0x00000068   Zero   RW          612    .bss                syd8811_ble_lib.lib(main.o)
    0x200038e0        -       0x0000000c   Zero   RW          711    .bss                Syd8811_softtimer_lib.lib(timer.o)
    0x200038ec   COMPRESSED   0x00000004   PAD
    0x200038f0        -       0x00000400   Zero   RW          418    STACK               startup_armcm0.o


==============================================================================

Image component sizes


      Code (inc. data)   RO Data    RW Data    ZI Data      Debug   Object Name

      1060        252          0         16         80      42907   capdet_touch.o
        56          6          0          0          0        856   delay.o
      1102         12          0         72          0      12850   gpio.o
      2194        752          0         59          0      49884   main.o
      1296        370          0         28         40       6181   ota.o
        76         12          0          4         24       3135   rtc_handler.o
      2044         46          0         17       1112      17457   segger_rtt.o
      1064         32         16          0          0       6232   segger_rtt_printf.o
        28          8        192          0       1024        676   startup_armcm0.o
        24          8          0          4          0        905   system_armcm0.o
       108         16          0          0         72       3229   timer_handler.o

    ----------------------------------------------------------------------
      9054       1514        240        204       2352     144312   Object Totals
         0          0         32          0          0          0   (incl. Generated)
         2          0          0          4          0          0   (incl. Padding)

    ----------------------------------------------------------------------

      Code (inc. data)   RO Data    RW Data    ZI Data      Debug   Library Member Name

      1480         38          0         40          0      17091   rtc.o
      1588         38          0         28         12      45840   timer.o
      3644        242          0         56        448      36304   capdet_alg_lib.o
        86          0          0          0          0          0   __dczerorl2.o
         0          0          0          0          0          0   entry.o
         0          0          0          0          0          0   entry10a.o
         0          0          0          0          0          0   entry11a.o
         8          4          0          0          0          0   entry2.o
         4          0          0          0          0          0   entry5.o
         0          0          0          0          0          0   entry7b.o
         0          0          0          0          0          0   entry8b.o
         8          4          0          0          0          0   entry9a.o
        30          0          0          0          0          0   handlers.o
        40          0          0          0          0         72   idiv.o
        36          8          0          0          0         68   init.o
         0          0          0          0          0          0   iusefp.o
        32          0          0          0          0         68   llshl.o
        38          0          0          0          0         68   llsshr.o
        34          0          0          0          0         68   llushr.o
        26          0          0          0          0         72   memcmp.o
        36          0          0          0          0         60   memcpya.o
        36          0          0          0          0        100   memseta.o
      2270         94          0          0          0        472   printfa.o
        18          0          0          0          0         60   strcpy.o
        14          0          0          0          0         60   strlen.o
        44          0          0          0          0         72   uidiv.o
        96          0          0          0          0         84   uldiv.o
        20          0          0          0          0         60   uread4.o
        18          0          0          0          0         60   uwrite4.o
        40          2          0          0          0         68   cdrcmple.o
       356          4          0          0          0        140   dadd.o
       240          6          0          0          0         84   ddiv.o
       236          0          0          0          0        216   depilogue.o
        60         10          0          0          0         68   dfixui.o
        64         10          0          0          0         68   dfixul.o
        40          6          0          0          0         68   dflti.o
        28          4          0          0          0         68   dfltui.o
       208          6          0          0          0         88   dmul.o
        40          0          0          0          0         60   f2d.o
       178          0          0          0          0        108   fadd.o
       130          0          0          0          0        144   fepilogue.o
        14          0          0          0          0         68   ffltui.o
     10088        482         40         64        104     111373   main.o

    ----------------------------------------------------------------------
     21338        958         40        188        568     213300   Library Totals
        10          0          0          0          4          0   (incl. Padding)

    ----------------------------------------------------------------------

      Code (inc. data)   RO Data    RW Data    ZI Data      Debug   Library Name

      3068         76          0         68         12      62931   Syd8811_softtimer_lib.lib
      3644        242          0         56        448      36304   capdet_alg_lib.lib
      2894        110          0          0          0       1444   mc_p.l
      1634         48          0          0          0       1248   mf_p.l
     10088        482         40         64        104     111373   syd8811_ble_lib.lib

    ----------------------------------------------------------------------
     21338        958         40        188        568     213300   Library Totals

    ----------------------------------------------------------------------

==============================================================================


      Code (inc. data)   RO Data    RW Data    ZI Data      Debug   

     30392       2472        280        392       2920     354440   Grand Totals
     30392       2472        280        184       2920     354440   ELF Image Totals (compressed)
     30392       2472        280        184          0          0   ROM Totals

==============================================================================

    Total RO  Size (Code + RO Data)                30672 (  29.95kB)
    Total RW  Size (RW Data + ZI Data)              3312 (   3.23kB)
    Total ROM Size (Code + RO Data + RW Data)      30856 (  30.13kB)

==============================================================================

