Component: ARM Compiler 5.06 update 6 (build 750) Tool: armlink [4d35ed]

==============================================================================

Section Cross References

    main.o(.text) refers to gpio.o(.text) for GPIO_Set_Output
    main.o(.text) refers to main.o(.text) for SetAdvParams
    main.o(.text) refers to segger_rtt_printf.o(.text) for SEGGER_RTT_printf
    main.o(.text) refers to timer.o(.text) for Timer_Evt_Stop
    main.o(.text) refers to uread4.o(.text) for __aeabi_uread4
    main.o(.text) refers to memcpya.o(.text) for __aeabi_memcpy
    main.o(.text) refers to ota.o(.text) for ota_rsp
    main.o(.text) refers to gpio.o(.data) for PIN_CONFIG
    main.o(.text) refers to main.o(.data) for .data
    main.o(.text) refers to main.o(.bss) for .bss
    main.o(.text) refers to main.o(i.__ARM_common_switch8) for __ARM_common_switch8
    main.o(.text) refers to delay.o(.text) for delay_ms
    main.o(.text) refers to uart.o(.text) for uart_0_ClrFiFo
    main.o(.text) refers to segger_rtt.o(.text) for SEGGER_RTT_Init
    main.o(.text) refers to timer_handler.o(.text) for Timer_Evt_List
    main.o(.text) refers to rtc.o(.text) for SYD_RTC_Init
    main.o(.text) refers to rtc_handler.o(.text) for RTC_Evt_List
    main.o(.text) refers to ota.o(.data) for ota_state
    main.o(.text) refers to timer_handler.o(.bss) for syd_sysTimer
    main.o(.text) refers to rtc_handler.o(.bss) for syd_rtc
    main.o(.text) refers to timer.o(.data) for TIMER_EVT
    main.o(.text) refers to rtc.o(.data) for RTC_EVT
    main.o(.text) refers to uart_protocol.o(.text) for uart_cmd
    main.o(.text) refers to uwrite4.o(.text) for __aeabi_uwrite4
    uart_protocol.o(.text) refers to uart.o(.text) for uart_0_read
    uart_protocol.o(.text) refers to main.o(.bss) for uart_rx_buf
    ota.o(.text) refers to memcpya.o(.text) for __aeabi_memcpy
    ota.o(.text) refers to main.o(.text) for CodeErase
    ota.o(.text) refers to uread4.o(.text) for __aeabi_uread4
    ota.o(.text) refers to main.o(.text) for BLSetConnectionUpdate
    ota.o(.text) refers to segger_rtt_printf.o(.text) for SEGGER_RTT_printf
    ota.o(.text) refers to timer.o(.text) for Timer_Evt_Start
    ota.o(.text) refers to ota.o(.data) for .data
    ota.o(.text) refers to ota.o(.bss) for .bss
    gpio.o(.text) refers to gpio.o(.data) for .data
    gpio.o(.text) refers to gpio.o(.data) for .data
    gpio.o(.text) refers to gpio.o(.data) for .data
    gpio.o(.text) refers to gpio.o(.data) for .data
    gpio.o(.text) refers to gpio.o(.data) for .data
    gpio.o(.text) refers to gpio.o(.data) for .data
    gpio.o(.text) refers to gpio.o(.data) for .data
    uart.o(.text) refers to uart_protocol.o(.text) for uartRx_callback
    uart.o(.text) refers to gpio.o(.data) for PIN_CONFIG
    uart.o(.text) refers to uart.o(.data) for .data
    uart.o(.text) refers to uart.o(.text) for __NVIC_DisableIRQ
    uart.o(.text) refers to uart.o(.data) for .data
    uart.o(.text) refers to uart.o(.text) for __NVIC_EnableIRQ
    uart.o(.text) refers to gpio.o(.data) for PIN_CONFIG
    uart.o(.text) refers to uart.o(.data) for .data
    uart.o(.text) refers to uart.o(.data) for .data
    uart.o(.text) refers to uart.o(.data) for .data
    uart.o(.text) refers to uart.o(.text) for __NVIC_DisableIRQ
    uart.o(.text) refers to uart.o(.data) for .data
    timer_handler.o(.text) refers to timer.o(.text) for Timer_Evt_Creat
    timer_handler.o(.text) refers to timer.o(.data) for TIMER_EVT
    rtc_handler.o(.text) refers to rtc.o(.text) for RTC_EVT_Creat
    rtc_handler.o(.text) refers to rtc.o(.data) for RTC_EVT
    segger_rtt.o(.text) refers to strcpy.o(.text) for strcpy
    segger_rtt.o(.text) refers to memcpya.o(.text) for __aeabi_memcpy
    segger_rtt.o(.text) refers to segger_rtt.o(.bss) for .bss
    segger_rtt.o(.text) refers to segger_rtt.o(.text) for _DoInit
    segger_rtt.o(.text) refers to memcpya.o(.text) for __aeabi_memcpy
    segger_rtt.o(.text) refers to segger_rtt.o(.bss) for .bss
    segger_rtt.o(.text) refers to segger_rtt.o(.text) for SEGGER_RTT_ReadNoLock
    segger_rtt.o(.text) refers to memcpya.o(.text) for __aeabi_memcpy
    segger_rtt.o(.text) refers to segger_rtt.o(.bss) for .bss
    segger_rtt.o(.text) refers to memcpya.o(.text) for __aeabi_memcpy
    segger_rtt.o(.text) refers to segger_rtt.o(.bss) for .bss
    segger_rtt.o(.text) refers to strlen.o(.text) for strlen
    segger_rtt.o(.text) refers to segger_rtt.o(.text) for SEGGER_RTT_Write
    segger_rtt.o(.text) refers to segger_rtt.o(.bss) for .bss
    segger_rtt.o(.text) refers to segger_rtt.o(.text) for _DoInit
    segger_rtt.o(.text) refers to segger_rtt.o(.bss) for .bss
    segger_rtt.o(.text) refers to segger_rtt.o(.text) for _DoInit
    segger_rtt.o(.text) refers to segger_rtt.o(.bss) for .bss
    segger_rtt.o(.text) refers to segger_rtt.o(.text) for SEGGER_RTT_Read
    segger_rtt.o(.text) refers to segger_rtt.o(.text) for SEGGER_RTT_GetKey
    segger_rtt.o(.text) refers to segger_rtt.o(.text) for _DoInit
[...]
    printf7.o(i.__0printf$7) refers to printf7.o(i._printf_core) for _printf_core
    printf7.o(i.__0printf$7) refers to fputc.o(i.fputc) for fputc
    printf7.o(i.__0printf$7) refers to stdout.o(.data) for __stdout
    printf7.o(i.__0snprintf$7) refers to printf7.o(i._printf_core) for _printf_core
    printf7.o(i.__0snprintf$7) refers to printf7.o(i._snputc) for _snputc
    printf7.o(i.__0sprintf$7) refers to printf7.o(i._printf_core) for _printf_core
    printf7.o(i.__0sprintf$7) refers to printf7.o(i._sputc) for _sputc
    printf7.o(i.__0vfprintf$7) refers to printf7.o(i._printf_core) for _printf_core
    printf7.o(i.__0vfprintf$7) refers to fputc.o(i.fputc) for fputc
    printf7.o(i.__0vprintf$7) refers to printf7.o(i._printf_core) for _printf_core
    printf7.o(i.__0vprintf$7) refers to fputc.o(i.fputc) for fputc
    printf7.o(i.__0vprintf$7) refers to stdout.o(.data) for __stdout
    printf7.o(i.__0vsnprintf$7) refers to printf7.o(i._printf_core) for _printf_core
    printf7.o(i.__0vsnprintf$7) refers to printf7.o(i._snputc) for _snputc
    printf7.o(i.__0vsprintf$7) refers to printf7.o(i._printf_core) for _printf_core
    printf7.o(i.__0vsprintf$7) refers to printf7.o(i._sputc) for _sputc
    printf7.o(i._printf_core) refers to printf7.o(i._printf_pre_padding) for _printf_pre_padding
    printf7.o(i._printf_core) refers to printf7.o(i._printf_post_padding) for _printf_post_padding
    printf7.o(i._printf_core) refers to uldiv.o(.text) for __aeabi_uldivmod
    printf8.o(i.__0fprintf$8) refers to printf8.o(i._printf_core) for _printf_core
    printf8.o(i.__0fprintf$8) refers to fputc.o(i.fputc) for fputc
    printf8.o(i.__0printf$8) refers to printf8.o(i._printf_core) for _printf_core
    printf8.o(i.__0printf$8) refers to fputc.o(i.fputc) for fputc
    printf8.o(i.__0printf$8) refers to stdout.o(.data) for __stdout
    printf8.o(i.__0snprintf$8) refers to printf8.o(i._printf_core) for _printf_core
    printf8.o(i.__0snprintf$8) refers to printf8.o(i._snputc) for _snputc
    printf8.o(i.__0sprintf$8) refers to printf8.o(i._printf_core) for _printf_core
    printf8.o(i.__0sprintf$8) refers to printf8.o(i._sputc) for _sputc
    printf8.o(i.__0vfprintf$8) refers to printf8.o(i._printf_core) for _printf_core
    printf8.o(i.__0vfprintf$8) refers to fputc.o(i.fputc) for fputc
    printf8.o(i.__0vprintf$8) refers to printf8.o(i._printf_core) for _printf_core
    printf8.o(i.__0vprintf$8) refers to fputc.o(i.fputc) for fputc
    printf8.o(i.__0vprintf$8) refers to stdout.o(.data) for __stdout
    printf8.o(i.__0vsnprintf$8) refers to printf8.o(i._printf_core) for _printf_core
    printf8.o(i.__0vsnprintf$8) refers to printf8.o(i._snputc) for _snputc
    printf8.o(i.__0vsprintf$8) refers to printf8.o(i._printf_core) for _printf_core
    printf8.o(i.__0vsprintf$8) refers to printf8.o(i._sputc) for _sputc
    printf8.o(i._printf_core) refers to printf8.o(i._printf_pre_padding) for _printf_pre_padding
    printf8.o(i._printf_core) refers to printf8.o(i._printf_post_padding) for _printf_post_padding
    printf8.o(i._printf_core) refers to uldiv.o(.text) for __aeabi_uldivmod
    printfa.o(i.__0fprintf) refers (Special) to iusefp.o(.text) for __I$use$fp
    printfa.o(i.__0fprintf) refers to printfa.o(i._printf_core) for _printf_core
    printfa.o(i.__0fprintf) refers to fputc.o(i.fputc) for fputc
    printfa.o(i.__0printf) refers (Special) to iusefp.o(.text) for __I$use$fp
    printfa.o(i.__0printf) refers to printfa.o(i._printf_core) for _printf_core
    printfa.o(i.__0printf) refers to fputc.o(i.fputc) for fputc
    printfa.o(i.__0printf) refers to stdout.o(.data) for __stdout
    printfa.o(i.__0snprintf) refers (Special) to iusefp.o(.text) for __I$use$fp
    printfa.o(i.__0snprintf) refers to printfa.o(i._printf_core) for _printf_core
    printfa.o(i.__0snprintf) refers to printfa.o(i._snputc) for _snputc
    printfa.o(i.__0sprintf) refers (Special) to iusefp.o(.text) for __I$use$fp
    printfa.o(i.__0sprintf) refers to printfa.o(i._printf_core) for _printf_core
    printfa.o(i.__0sprintf) refers to printfa.o(i._sputc) for _sputc
    printfa.o(i.__0vfprintf) refers (Special) to iusefp.o(.text) for __I$use$fp
    printfa.o(i.__0vfprintf) refers to printfa.o(i._printf_core) for _printf_core
    printfa.o(i.__0vfprintf) refers to fputc.o(i.fputc) for fputc
    printfa.o(i.__0vprintf) refers (Special) to iusefp.o(.text) for __I$use$fp
    printfa.o(i.__0vprintf) refers to printfa.o(i._printf_core) for _printf_core
    printfa.o(i.__0vprintf) refers to fputc.o(i.fputc) for fputc
    printfa.o(i.__0vprintf) refers to stdout.o(.data) for __stdout
    printfa.o(i.__0vsnprintf) refers (Special) to iusefp.o(.text) for __I$use$fp
    printfa.o(i.__0vsnprintf) refers to printfa.o(i._printf_core) for _printf_core
    printfa.o(i.__0vsnprintf) refers to printfa.o(i._snputc) for _snputc
    printfa.o(i.__0vsprintf) refers (Special) to iusefp.o(.text) for __I$use$fp
    printfa.o(i.__0vsprintf) refers to printfa.o(i._printf_core) for _printf_core
    printfa.o(i.__0vsprintf) refers to printfa.o(i._sputc) for _sputc
    printfa.o(i._fp_digits) refers (Special) to iusefp.o(.text) for __I$use$fp
    printfa.o(i._fp_digits) refers to dmul.o(.text) for __aeabi_dmul
    printfa.o(i._fp_digits) refers to ddiv.o(.text) for __aeabi_ddiv
    printfa.o(i._fp_digits) refers to cdrcmple.o(.text) for __aeabi_cdrcmple
    printfa.o(i._fp_digits) refers to dadd.o(.text) for __aeabi_dadd
    printfa.o(i._fp_digits) refers to dfixul.o(.text) for __aeabi_d2ulz
    printfa.o(i._fp_digits) refers to uldiv.o(.text) for __aeabi_uldivmod
    printfa.o(i._printf_core) refers (Special) to iusefp.o(.text) for __I$use$fp
    printfa.o(i._printf_core) refers to printfa.o(i._printf_pre_padding) for _printf_pre_padding
    printfa.o(i._printf_core) refers to uldiv.o(.text) for __aeabi_uldivmod
    printfa.o(i._printf_core) refers to printfa.o(i._printf_post_padding) for _printf_post_padding
    printfa.o(i._printf_core) refers to printfa.o(i._fp_digits) for _fp_digits
    printfa.o(i._printf_core) refers to uidiv.o(.text) for __aeabi_uidivmod
    printfa.o(i._printf_post_padding) refers (Special) to iusefp.o(.text) for __I$use$fp
    printfa.o(i._printf_pre_padding) refers (Special) to iusefp.o(.text) for __I$use$fp
    printfa.o(i._snputc) refers (Special) to iusefp.o(.text) for __I$use$fp
    printfa.o(i._sputc) refers (Special) to iusefp.o(.text) for __I$use$fp
    fadd.o(.text) refers (Special) to iusefp.o(.text) for __I$use$fp
    fadd.o(.text) refers to fepilogue.o(.text) for _float_epilogue
    dadd.o(.text) refers (Special) to iusefp.o(.text) for __I$use$fp
    dadd.o(.text) refers to llshl.o(.text) for __aeabi_llsl
    dadd.o(.text) refers to llsshr.o(.text) for __aeabi_lasr
    dadd.o(.text) refers to depilogue.o(.text) for _double_epilogue
    dmul.o(.text) refers (Special) to iusefp.o(.text) for __I$use$fp
    dmul.o(.text) refers to depilogue.o(.text) for _double_epilogue
    ddiv.o(.text) refers (Special) to iusefp.o(.text) for __I$use$fp
    ddiv.o(.text) refers to depilogue.o(.text) for _double_round
    ffltui.o(.text) refers (Special) to iusefp.o(.text) for __I$use$fp
    ffltui.o(.text) refers to fepilogue.o(.text) for _float_epilogue
    dflti.o(.text) refers (Special) to iusefp.o(.text) for __I$use$fp
    dflti.o(.text) refers to depilogue.o(.text) for _double_epilogue
    dfltui.o(.text) refers (Special) to iusefp.o(.text) for __I$use$fp
    dfltui.o(.text) refers to depilogue.o(.text) for _double_epilogue
    dfixui.o(.text) refers (Special) to iusefp.o(.text) for __I$use$fp
    dfixui.o(.text) refers to llushr.o(.text) for __aeabi_llsr
    f2d.o(.text) refers (Special) to iusefp.o(.text) for __I$use$fp
    entry2.o(.ARM.Collect$$$$00000001) refers to entry2.o(.ARM.Collect$$$$00002712) for __lit__00000000
    entry2.o(.ARM.Collect$$$$00002712) refers to startup_armcm0.o(STACK) for __initial_sp
    entry2.o(__vectab_stack_and_reset_area) refers to startup_armcm0.o(STACK) for __initial_sp
    entry2.o(__vectab_stack_and_reset_area) refers to entry.o(.ARM.Collect$$$$00000000) for __main
    entry5.o(.ARM.Collect$$$$00000004) refers to init.o(.text) for __scatterload
    entry9a.o(.ARM.Collect$$$$0000000B) refers to main.o(.text) for main
    entry9b.o(.ARM.Collect$$$$0000000C) refers to main.o(.text) for main
    uldiv.o(.text) refers to llushr.o(.text) for __aeabi_llsr
    uldiv.o(.text) refers to llshl.o(.text) for __aeabi_llsl
    depilogue.o(.text) refers to depilogue.o(i.__ARM_clz) for __ARM_clz
    depilogue.o(.text) refers to llshl.o(.text) for __aeabi_llsl
    depilogue.o(.text) refers to llushr.o(.text) for __aeabi_llsr
    dfixul.o(.text) refers to llushr.o(.text) for __aeabi_llsr
    dfixul.o(.text) refers to llshl.o(.text) for __aeabi_llsl
    init.o(.text) refers to entry5.o(.ARM.Collect$$$$00000004) for __main_after_scatterload


==============================================================================

Removing Unused input sections from the image.

    Removing main.o(.rev16_text), (4 bytes).
    Removing main.o(.revsh_text), (4 bytes).
    Removing uart_protocol.o(.rev16_text), (4 bytes).
    Removing uart_protocol.o(.revsh_text), (4 bytes).
    Removing delay.o(.rev16_text), (4 bytes).
    Removing delay.o(.revsh_text), (4 bytes).
    Removing delay.o(.text), (24 bytes).
    Removing ota.o(.rev16_text), (4 bytes).
    Removing ota.o(.revsh_text), (4 bytes).
    Removing gpio.o(.rev16_text), (4 bytes).
    Removing gpio.o(.revsh_text), (4 bytes).
    Removing gpio.o(.text), (36 bytes).
    Removing gpio.o(.text), (52 bytes).
    Removing gpio.o(.text), (52 bytes).
    Removing gpio.o(.text), (52 bytes).
    Removing gpio.o(.text), (56 bytes).
    Removing gpio.o(.text), (56 bytes).
    Removing uart.o(.rev16_text), (4 bytes).
    Removing uart.o(.revsh_text), (4 bytes).
    Removing uart.o(.text), (28 bytes).
    Removing uart.o(.text), (184 bytes).
    Removing uart.o(.text), (28 bytes).
    Removing uart.o(.text), (56 bytes).
    Removing uart.o(.text), (28 bytes).
    Removing uart.o(.text), (32 bytes).
    Removing timer_handler.o(.rev16_text), (4 bytes).
    Removing timer_handler.o(.revsh_text), (4 bytes).
    Removing rtc_handler.o(.rev16_text), (4 bytes).
    Removing rtc_handler.o(.revsh_text), (4 bytes).
    Removing segger_rtt.o(.rev16_text), (4 bytes).
    Removing segger_rtt.o(.revsh_text), (4 bytes).
    Removing segger_rtt.o(.text), (128 bytes).
    Removing segger_rtt.o(.text), (24 bytes).
    Removing segger_rtt.o(.text), (144 bytes).
    Removing segger_rtt.o(.text), (108 bytes).
    Removing segger_rtt.o(.text), (24 bytes).
    Removing segger_rtt.o(.text), (52 bytes).
    Removing segger_rtt.o(.text), (80 bytes).
    Removing segger_rtt.o(.text), (92 bytes).
    Removing segger_rtt.o(.text), (28 bytes).
    Removing segger_rtt.o(.text), (12 bytes).
    Removing segger_rtt.o(.text), (36 bytes).
    Removing segger_rtt.o(.text), (20 bytes).
    Removing segger_rtt.o(.text), (100 bytes).
    Removing segger_rtt.o(.text), (100 bytes).
    Removing segger_rtt.o(.text), (92 bytes).
    Removing segger_rtt.o(.text), (92 bytes).
    Removing segger_rtt.o(.text), (64 bytes).
    Removing segger_rtt.o(.text), (64 bytes).
    Removing segger_rtt.o(.text), (64 bytes).
    Removing segger_rtt.o(.text), (64 bytes).
    Removing segger_rtt.o(.text), (132 bytes).
    Removing segger_rtt.o(.text), (172 bytes).
    Removing segger_rtt.o(.text), (28 bytes).
    Removing segger_rtt.o(.data), (17 bytes).
    Removing segger_rtt_printf.o(.rev16_text), (4 bytes).
    Removing segger_rtt_printf.o(.revsh_text), (4 bytes).
    Removing segger_rtt_syscalls_keil.o(.rev16_text), (4 bytes).
    Removing segger_rtt_syscalls_keil.o(.revsh_text), (4 bytes).
    Removing segger_rtt_syscalls_keil.o(.text), (20 bytes).
    Removing segger_rtt_syscalls_keil.o(.text), (52 bytes).
    Removing segger_rtt_syscalls_keil.o(.text), (4 bytes).
    Removing segger_rtt_syscalls_keil.o(.text), (28 bytes).
    Removing segger_rtt_syscalls_keil.o(.text), (4 bytes).
    Removing segger_rtt_syscalls_keil.o(.text), (16 bytes).
    Removing segger_rtt_syscalls_keil.o(.text), (4 bytes).
    Removing segger_rtt_syscalls_keil.o(.text), (6 bytes).
    Removing segger_rtt_syscalls_keil.o(.text), (4 bytes).
    Removing segger_rtt_syscalls_keil.o(.text), (4 bytes).
    Removing segger_rtt_syscalls_keil.o(.text), (2 bytes).
    Removing segger_rtt_syscalls_keil.o(.text), (2 bytes).
    Removing segger_rtt_syscalls_keil.o(.constdata), (6 bytes).
    Removing segger_rtt_syscalls_keil.o(.constdata), (14 bytes).
    Removing startup_armcm0.o(HEAP), (3072 bytes).
    Removing system_armcm0.o(.rev16_text), (4 bytes).
    Removing system_armcm0.o(.revsh_text), (4 bytes).
    Removing system_armcm0.o(.text), (16 bytes).
    Removing main.o(.rev16_text), (4 bytes).
    Removing main.o(.revsh_text), (4 bytes).
    Removing timer.o(.rev16_text), (4 bytes).
    Removing timer.o(.revsh_text), (4 bytes).
    Removing rtc.o(.rev16_text), (4 bytes).
    Removing rtc.o(.revsh_text), (4 bytes).

83 unused section(s) (total 5795 bytes) removed from the image.

==============================================================================

Image Symbol Table

    Local Symbols

    Symbol Name                              Value     Ov Type        Size  Object(Section)

    ../clib/../cmprslib/zerorunl2.c          0x00000000   Number         0  __dczerorl2.o ABSOLUTE
    ../clib/microlib/division.c              0x00000000   Number         0  idiv.o ABSOLUTE
    ../clib/microlib/division.c              0x00000000   Number         0  uldiv.o ABSOLUTE
    ../clib/microlib/division.c              0x00000000   Number         0  uidiv.o ABSOLUTE
    ../clib/microlib/init/entry.s            0x00000000   Number         0  entry2.o ABSOLUTE
    ../clib/microlib/init/entry.s            0x00000000   Number         0  entry11b.o ABSOLUTE
    ../clib/microlib/init/entry.s            0x00000000   Number         0  entry11a.o ABSOLUTE
    ../clib/microlib/init/entry.s            0x00000000   Number         0  entry9b.o ABSOLUTE
    ../clib/microlib/init/entry.s            0x00000000   Number         0  entry10a.o ABSOLUTE
    ../clib/microlib/init/entry.s            0x00000000   Number         0  entry10b.o ABSOLUTE
    ../clib/microlib/init/entry.s            0x00000000   Number         0  entry9a.o ABSOLUTE
    ../clib/microlib/init/entry.s            0x00000000   Number         0  entry5.o ABSOLUTE
    ../clib/microlib/init/entry.s            0x00000000   Number         0  entry8b.o ABSOLUTE
    ../clib/microlib/init/entry.s            0x00000000   Number         0  entry8a.o ABSOLUTE
    ../clib/microlib/init/entry.s            0x00000000   Number         0  entry.o ABSOLUTE
    ../clib/microlib/init/entry.s            0x00000000   Number         0  entry7b.o ABSOLUTE
    ../clib/microlib/init/entry.s            0x00000000   Number         0  entry7a.o ABSOLUTE
    ../clib/microlib/longlong.c              0x00000000   Number         0  llsshr.o ABSOLUTE
    ../clib/microlib/longlong.c              0x00000000   Number         0  llushr.o ABSOLUTE
    ../clib/microlib/longlong.c              0x00000000   Number         0  llshl.o ABSOLUTE
    ../clib/microlib/printf/printf.c         0x00000000   Number         0  printf3.o ABSOLUTE
    ../clib/microlib/printf/printf.c         0x00000000   Number         0  printf4.o ABSOLUTE
    ../clib/microlib/printf/printf.c         0x00000000   Number         0  printf5.o ABSOLUTE
    ../clib/microlib/printf/printf.c         0x00000000   Number         0  printf6.o ABSOLUTE
    ../clib/microlib/printf/printf.c         0x00000000   Number         0  printf7.o ABSOLUTE
    ../clib/microlib/printf/printf.c         0x00000000   Number         0  printf8.o ABSOLUTE
    ../clib/microlib/printf/printf.c         0x00000000   Number         0  printfb.o ABSOLUTE
    ../clib/microlib/printf/printf.c         0x00000000   Number         0  printf0.o ABSOLUTE
    ../clib/microlib/printf/printf.c         0x00000000   Number         0  printfa.o ABSOLUTE
    ../clib/microlib/printf/printf.c         0x00000000   Number         0  printf2.o ABSOLUTE
    ../clib/microlib/printf/printf.c         0x00000000   Number         0  printf1.o ABSOLUTE
    ../clib/microlib/printf/stubs.s          0x00000000   Number         0  stubs.o ABSOLUTE
    ../clib/microlib/stdio/fflush.c          0x00000000   Number         0  fflush.o ABSOLUTE
    ../clib/microlib/stdio/fputc.c           0x00000000   Number         0  fputc.o ABSOLUTE
    ../clib/microlib/stdio/semi.s            0x00000000   Number         0  semi.o ABSOLUTE
    ../clib/microlib/stdio/streams.c         0x00000000   Number         0  stdout.o ABSOLUTE
    ../clib/microlib/string/memcmp.c         0x00000000   Number         0  memcmp.o ABSOLUTE
    ../clib/microlib/string/memcpy.c         0x00000000   Number         0  memcpyb.o ABSOLUTE
    ../clib/microlib/string/memcpy.c         0x00000000   Number         0  memcpya.o ABSOLUTE
    ../clib/microlib/string/memset.c         0x00000000   Number         0  memseta.o ABSOLUTE
    ../clib/microlib/string/strcmp.c         0x00000000   Number         0  strcmp.o ABSOLUTE
    ../clib/microlib/string/strcpy.c         0x00000000   Number         0  strcpy.o ABSOLUTE
    ../clib/microlib/string/strlen.c         0x00000000   Number         0  strlen.o ABSOLUTE
    ../clib/microlib/stubs.s                 0x00000000   Number         0  iusesemip.o ABSOLUTE
    ../clib/microlib/stubs.s                 0x00000000   Number         0  iusefp.o ABSOLUTE
    ../clib/microlib/stubs.s                 0x00000000   Number         0  useno.o ABSOLUTE
    ../clib/microlib/unhosted.c              0x00000000   Number         0  uread4.o ABSOLUTE
    ../clib/microlib/unhosted.c              0x00000000   Number         0  uwrite4.o ABSOLUTE
    ../fplib/microlib/f2d.c                  0x00000000   Number         0  f2d.o ABSOLUTE
    ../fplib/microlib/fpadd.c                0x00000000   Number         0  dadd.o ABSOLUTE
    ../fplib/microlib/fpadd.c                0x00000000   Number         0  fadd.o ABSOLUTE
    ../fplib/microlib/fpdiv.c                0x00000000   Number         0  ddiv.o ABSOLUTE
    ../fplib/microlib/fpepilogue.c           0x00000000   Number         0  depilogue.o ABSOLUTE
    ../fplib/microlib/fpepilogue.c           0x00000000   Number         0  fepilogue.o ABSOLUTE
    ../fplib/microlib/fpfix.c                0x00000000   Number         0  dfixul.o ABSOLUTE
    ../fplib/microlib/fpfix.c                0x00000000   Number         0  dfixui.o ABSOLUTE
    ../fplib/microlib/fpflt.c                0x00000000   Number         0  dflti.o ABSOLUTE
    ../fplib/microlib/fpflt.c                0x00000000   Number         0  ffltui.o ABSOLUTE
    ../fplib/microlib/fpflt.c                0x00000000   Number         0  dfltui.o ABSOLUTE
    ../fplib/microlib/fpmul.c                0x00000000   Number         0  dmul.o ABSOLUTE
    ..\..\..\Driver\delay.c                  0x00000000   Number         0  delay.o ABSOLUTE
    ..\..\..\Driver\gpio.c                   0x00000000   Number         0  gpio.o ABSOLUTE
    ..\..\..\Rtt\SEGGER_RTT.c                0x00000000   Number         0  segger_rtt.o ABSOLUTE
    ..\..\..\Rtt\SEGGER_RTT_Syscalls_KEIL.c  0x00000000   Number         0  segger_rtt_syscalls_keil.o ABSOLUTE
    ..\..\..\Rtt\SEGGER_RTT_printf.c         0x00000000   Number         0  segger_rtt_printf.o ABSOLUTE
    ..\..\..\ble\ota.c                       0x00000000   Number         0  ota.o ABSOLUTE
    ..\\..\\..\\Driver\\delay.c              0x00000000   Number         0  delay.o ABSOLUTE
    ..\\..\\..\\Driver\\gpio.c               0x00000000   Number         0  gpio.o ABSOLUTE
    ..\\..\\..\\Rtt\\SEGGER_RTT.c            0x00000000   Number         0  segger_rtt.o ABSOLUTE
    ..\\..\\..\\Rtt\\SEGGER_RTT_Syscalls_KEIL.c 0x00000000   Number         0  segger_rtt_syscalls_keil.o ABSOLUTE
    ..\\..\\..\\Rtt\\SEGGER_RTT_printf.c     0x00000000   Number         0  segger_rtt_printf.o ABSOLUTE
    ..\\..\\..\\ble\\ota.c                   0x00000000   Number         0  ota.o ABSOLUTE
    ..\\main.c                               0x00000000   Number         0  main.o ABSOLUTE
    ..\\rtc_handler.c                        0x00000000   Number         0  rtc_handler.o ABSOLUTE
    ..\\timer_handler.c                      0x00000000   Number         0  timer_handler.o ABSOLUTE
    ..\\uart.c                               0x00000000   Number         0  uart.o ABSOLUTE
    ..\\uart_protocol.c                      0x00000000   Number         0  uart_protocol.o ABSOLUTE
    ..\main.c                                0x00000000   Number         0  main.o ABSOLUTE
    ..\rtc_handler.c                         0x00000000   Number         0  rtc_handler.o ABSOLUTE
    ..\timer_handler.c                       0x00000000   Number         0  timer_handler.o ABSOLUTE
    ..\uart.c                                0x00000000   Number         0  uart.o ABSOLUTE
    ..\uart_protocol.c                       0x00000000   Number         0  uart_protocol.o ABSOLUTE
    Driver\\rtc.c                            0x00000000   Number         0  rtc.o ABSOLUTE
    Driver\\timer.c                          0x00000000   Number         0  timer.o ABSOLUTE
    Driver\rtc.c                             0x00000000   Number         0  rtc.o ABSOLUTE
    Driver\timer.c                           0x00000000   Number         0  timer.o ABSOLUTE
    Main\\main.c                             0x00000000   Number         0  main.o ABSOLUTE
    Main\main.c                              0x00000000   Number         0  main.o ABSOLUTE
    RTE\Device\ARMCM0\startup_ARMCM0.s       0x00000000   Number         0  startup_armcm0.o ABSOLUTE
    RTE\Device\ARMCM0\system_ARMCM0.c        0x00000000   Number         0  system_armcm0.o ABSOLUTE
    RTE\\Device\\ARMCM0\\system_ARMCM0.c     0x00000000   Number         0  system_armcm0.o ABSOLUTE
    cdrcmple.s                               0x00000000   Number         0  cdrcmple.o ABSOLUTE
    dc.s                                     0x00000000   Number         0  dc.o ABSOLUTE
    handlers.s                               0x00000000   Number         0  handlers.o ABSOLUTE
    init.s                                   0x00000000   Number         0  init.o ABSOLUTE
    RESET                                    0x10000000   Section      192  startup_armcm0.o(RESET)
    .ARM.Collect$$$$00000000                 0x100000c0   Section        0  entry.o(.ARM.Collect$$$$00000000)
    .ARM.Collect$$$$00000001                 0x100000c0   Section        4  entry2.o(.ARM.Collect$$$$00000001)
    .ARM.Collect$$$$00000004                 0x100000c4   Section        4  entry5.o(.ARM.Collect$$$$00000004)
    .ARM.Collect$$$$00000008                 0x100000c8   Section        0  entry7b.o(.ARM.Collect$$$$00000008)
    .ARM.Collect$$$$0000000A                 0x100000c8   Section        0  entry8b.o(.ARM.Collect$$$$0000000A)
    .ARM.Collect$$$$0000000B                 0x100000c8   Section        8  entry9a.o(.ARM.Collect$$$$0000000B)
    .ARM.Collect$$$$0000000D                 0x100000d0   Section        0  entry10a.o(.ARM.Collect$$$$0000000D)
    .ARM.Collect$$$$0000000F                 0x100000d0   Section        0  entry11a.o(.ARM.Collect$$$$0000000F)
    .ARM.Collect$$$$00002712                 0x100000d0   Section        4  entry2.o(.ARM.Collect$$$$00002712)
    __lit__00000000                          0x100000d0   Data           4  entry2.o(.ARM.Collect$$$$00002712)
    .text                                    0x100000d4   Section        0  main.o(.text)
    __NVIC_SetPriority                       0x100000d5   Thumb Code    60  main.o(.text)
    setup_adv_data                           0x100001af   Thumb Code   100  main.o(.text)
    timer_1_callback                         0x100002b5   Thumb Code    36  main.o(.text)
    send_to_master                           0x100002d9   Thumb Code   176  main.o(.text)
    user_gpio_callback                       0x1000067b   Thumb Code    80  main.o(.text)
    ble_gatt_write                           0x100008ad   Thumb Code    88  main.o(.text)
    sendToUart                               0x10000905   Thumb Code   556  main.o(.text)
    ble_init                                 0x10000b31   Thumb Code   114  main.o(.text)
    .text                                    0x10000bac   Section        0  uart_protocol.o(.text)
    .text                                    0x10000c08   Section        0  delay.o(.text)
    .text                                    0x10000c28   Section        0  ota.o(.text)
    EvtCommandComplete                       0x10000c29   Thumb Code    24  ota.o(.text)
    Cmd4KSETTINGWrite                        0x10000e9d   Thumb Code    78  ota.o(.text)
    CmdFwWriteStart                          0x10000eeb   Thumb Code    30  ota.o(.text)
    CmdFwUpgradev20                          0x10000f09   Thumb Code   110  ota.o(.text)
    CmdFlashdataUpgradev30                   0x10000f77   Thumb Code    80  ota.o(.text)
    .text                                    0x10001138   Section        0  gpio.o(.text)
    .text                                    0x10001484   Section        0  uart.o(.text)
    __NVIC_EnableIRQ                         0x100015cb   Thumb Code    18  uart.o(.text)
    .text                                    0x100015e8   Section        0  timer_handler.o(.text)
    .text                                    0x10001634   Section        0  rtc_handler.o(.text)
    .text                                    0x10001660   Section        0  segger_rtt.o(.text)
    _DoInit                                  0x10001661   Thumb Code    74  segger_rtt.o(.text)
    _WriteBlocking                           0x100016ab   Thumb Code    96  segger_rtt.o(.text)
    _WriteNoCheck                            0x1000170b   Thumb Code    60  segger_rtt.o(.text)
    _GetAvailWriteSpace                      0x100017cf   Thumb Code    22  segger_rtt.o(.text)
    .text                                    0x10001804   Section        0  segger_rtt_printf.o(.text)
    _StoreChar                               0x10001805   Thumb Code    62  segger_rtt_printf.o(.text)
    _PrintUnsigned                           0x10001843   Thumb Code   210  segger_rtt_printf.o(.text)
    _PrintInt                                0x10001b45   Thumb Code   200  segger_rtt_printf.o(.text)
    .text                                    0x10001c2c   Section       28  startup_armcm0.o(.text)
    .text                                    0x10001c48   Section        0  system_armcm0.o(.text)
    .text                                    0x10001c58   Section        0  main.o(.text)
    _LCDisConnect                            0x10001c59   Thumb Code    46  main.o(.text)
    _LCTimer_Handler                         0x10001c87   Thumb Code   248  main.o(.text)
    _LCRxPkt_Handler                         0x10001d99   Thumb Code   280  main.o(.text)
    _LCTxPkt_Handler                         0x10001eb1   Thumb Code   316  main.o(.text)
    _LLENCReq                                0x10002781   Thumb Code   244  main.o(.text)
    _GAPStartAdv                             0x10002def   Thumb Code   558  main.o(.text)
    WaitLLCOverSlpth                         0x100041a9   Thumb Code    38  main.o(.text)
    _BBRXFIFORead                            0x100041cf   Thumb Code   166  main.o(.text)
    _rom_rx_sweyntooth_protect               0x10004275   Thumb Code   150  main.o(.text)
    STKSetRand                               0x1000430b   Thumb Code    30  main.o(.text)
    AttWriteFlash                            0x10004329   Thumb Code   110  main.o(.text)
    GetOverSlpth                             0x10004397   Thumb Code    26  main.o(.text)
    .text                                    0x100043c0   Section        0  timer.o(.text)
    Timer_Evt_Trigger                        0x100044a9   Thumb Code   110  timer.o(.text)
    __NVIC_EnableIRQ                         0x100049b9   Thumb Code    18  timer.o(.text)
    __NVIC_DisableIRQ                        0x100049cb   Thumb Code    28  timer.o(.text)
    .text                                    0x100049f4   Section        0  rtc.o(.text)
    Timer_RTCEVT_Trigger                     0x10004b83   Thumb Code   150  rtc.o(.text)
    .text                                    0x10004fbc   Section        0  uidiv.o(.text)
    .text                                    0x10004fe8   Section        0  idiv.o(.text)
    .text                                    0x10005010   Section        0  memcpya.o(.text)
    .text                                    0x10005034   Section        0  memseta.o(.text)
    .text                                    0x10005058   Section        0  memcmp.o(.text)
    .text                                    0x10005072   Section        0  strcpy.o(.text)
    .text                                    0x10005084   Section        0  uread4.o(.text)
    .text                                    0x10005098   Section        0  uwrite4.o(.text)
    .text                                    0x100050aa   Section        0  fadd.o(.text)
    .text                                    0x1000515c   Section        0  dadd.o(.text)
    .text                                    0x100052c0   Section        0  dmul.o(.text)
    .text                                    0x10005390   Section        0  ddiv.o(.text)
    .text                                    0x10005480   Section        0  ffltui.o(.text)
    .text                                    0x10005490   Section        0  dflti.o(.text)
    .text                                    0x100054b8   Section        0  dfltui.o(.text)
    .text                                    0x100054d4   Section        0  dfixui.o(.text)
    .text                                    0x10005510   Section        0  f2d.o(.text)
    .text                                    0x10005538   Section        0  uldiv.o(.text)
    .text                                    0x10005598   Section        0  llshl.o(.text)
    .text                                    0x100055b8   Section        0  llushr.o(.text)
    .text                                    0x100055da   Section        0  llsshr.o(.text)
    .text                                    0x10005600   Section        0  fepilogue.o(.text)
    .text                                    0x10005600   Section        0  iusefp.o(.text)
    .text                                    0x10005682   Section        0  depilogue.o(.text)
    .text                                    0x10005740   Section        0  dfixul.o(.text)
    .text                                    0x10005780   Section       40  cdrcmple.o(.text)
    .text                                    0x100057a8   Section       36  init.o(.text)
    .text                                    0x100057cc   Section        0  __dczerorl2.o(.text)
    i.__0sprintf                             0x10005824   Section        0  printfa.o(i.__0sprintf)
    i.__ARM_clz                              0x1000584c   Section        0  depilogue.o(i.__ARM_clz)
    i.__ARM_common_switch8                   0x1000587a   Section        0  main.o(i.__ARM_common_switch8)
    i.__scatterload_copy                     0x10005894   Section       14  handlers.o(i.__scatterload_copy)
    i.__scatterload_null                     0x100058a2   Section        2  handlers.o(i.__scatterload_null)
    i.__scatterload_zeroinit                 0x100058a4   Section       14  handlers.o(i.__scatterload_zeroinit)
    i._fp_digits                             0x100058b4   Section        0  printfa.o(i._fp_digits)
    _fp_digits                               0x100058b5   Thumb Code   344  printfa.o(i._fp_digits)
    i._printf_core                           0x10005a28   Section        0  printfa.o(i._printf_core)
    _printf_core                             0x10005a29   Thumb Code  1754  printfa.o(i._printf_core)
    i._printf_post_padding                   0x10006114   Section        0  printfa.o(i._printf_post_padding)
    _printf_post_padding                     0x10006115   Thumb Code    32  printfa.o(i._printf_post_padding)
    i._printf_pre_padding                    0x10006134   Section        0  printfa.o(i._printf_pre_padding)
    _printf_pre_padding                      0x10006135   Thumb Code    44  printfa.o(i._printf_pre_padding)
    i._sputc                                 0x10006160   Section        0  printfa.o(i._sputc)
    _sputc                                   0x10006161   Thumb Code    10  printfa.o(i._sputc)
    .constdata                               0x1000616a   Section       16  segger_rtt_printf.o(.constdata)
    _aV2C                                    0x1000616a   Data          16  segger_rtt_printf.o(.constdata)
    .constdata                               0x1000617a   Section       40  main.o(.constdata)
    _ll_packet_length                        0x1000617d   Data          15  main.o(.constdata)
    _smp_packet_lenght                       0x1000618c   Data          22  main.o(.constdata)
    .data                                    0x20003000   Section       59  main.o(.data)
    latency_state                            0x20003001   Data           1  main.o(.data)
    start_tx                                 0x20003003   Data           1  main.o(.data)
    uart_delay_cnt                           0x20003004   Data           2  main.o(.data)
    g_report                                 0x20003008   Data           4  main.o(.data)
    .data                                    0x2000303c   Section       28  ota.o(.data)
    EvtBuf                                   0x20003050   Data           8  ota.o(.data)
    .data                                    0x20003058   Section       72  gpio.o(.data)
    gpio_callback                            0x2000306c   Data           4  gpio.o(.data)
    pinmuxtab48                              0x20003070   Data          24  gpio.o(.data)
    pinmuxtab32                              0x20003088   Data          24  gpio.o(.data)
    .data                                    0x200030a0   Section        8  uart.o(.data)
    UART_0_CTRL                              0x200030a0   Data           4  uart.o(.data)
    UART_1_CTRL                              0x200030a4   Data           4  uart.o(.data)
    .data                                    0x200030a8   Section        4  rtc_handler.o(.data)
    .data                                    0x200030ac   Section        4  system_armcm0.o(.data)
    .data                                    0x200030b0   Section       64  main.o(.data)
    syd_confirm                              0x200030b0   Data           1  main.o(.data)
    ww_minus_cnt                             0x200030b1   Data           1  main.o(.data)
    ext_uart_en                              0x200030b2   Data           1  main.o(.data)
    get_bond_device_idx                      0x200030b3   Data           1  main.o(.data)
    _valid_l2cap_lenght                      0x200030b4   Data           1  main.o(.data)
    rssi_rx                                  0x200030b6   Data           1  main.o(.data)
    p_flash_hdr                              0x200030b8   Data           4  main.o(.data)
    p_lclink                                 0x200030bc   Data           4  main.o(.data)
    p_txpdu                                  0x200030c0   Data           4  main.o(.data)
    p_rxbuf                                  0x200030c4   Data           4  main.o(.data)
    p_flash                                  0x200030c8   Data           4  main.o(.data)
    p_dump_key                               0x200030d0   Data           4  main.o(.data)
    EFUSE_CTRL                               0x200030d4   Data           4  main.o(.data)
    BB_CTRL                                  0x200030d8   Data           4  main.o(.data)
    PW_CTRL                                  0x200030dc   Data           4  main.o(.data)
    PIN_CONFIG                               0x200030e0   Data           4  main.o(.data)
    CONFIG_FLASH_SIZE                        0x200030e4   Data           4  main.o(.data)
    g_evt                                    0x200030e8   Data           8  main.o(.data)
    .data                                    0x200030f0   Section       28  timer.o(.data)
    TIMER_CTRL                               0x200030f4   Data           4  timer.o(.data)
    .data                                    0x2000310c   Section       40  rtc.o(.data)
    enabled                                  0x2000310c   Data           1  rtc.o(.data)
    irq_cb                                   0x2000312c   Data           4  rtc.o(.data)
    .bss                                     0x20003134   Section     2192  main.o(.bss)
    .bss                                     0x200039c4   Section       40  ota.o(.bss)
    .bss                                     0x200039ec   Section       48  timer_handler.o(.bss)
    .bss                                     0x20003a1c   Section       24  rtc_handler.o(.bss)
    .bss                                     0x20003a34   Section     1112  segger_rtt.o(.bss)
    _acUpBuffer                              0x20003a7c   Data        1024  segger_rtt.o(.bss)
    _acDownBuffer                            0x20003e7c   Data          16  segger_rtt.o(.bss)
    .bss                                     0x20003e8c   Section      104  main.o(.bss)
    code_hdr                                 0x20003e8c   Data          87  main.o(.bss)
    smart_update_ctrol                       0x20003ee3   Data          17  main.o(.bss)
    .bss                                     0x20003ef4   Section       12  timer.o(.bss)
    timer_callback                           0x20003ef4   Data          12  timer.o(.bss)
    STACK                                    0x20003f00   Section     1024  startup_armcm0.o(STACK)

    Global Symbols

    Symbol Name                              Value     Ov Type        Size  Object(Section)

    BuildAttributes$$THM_ISAv3M$S$PE$A:L22$X:L11$S22$IEEE1$IW$USESV6$~STKCKD$USESV7$~SHL$OTIME$ROPI$EBA8$MICROLIB$REQ8$PRES8$EABIv2 0x00000000   Number         0  anon$$obj.o ABSOLUTE
    __ARM_use_no_argv                        0x00000000   Number         0  main.o ABSOLUTE
    __use_no_errno                           0x00000000   Number         0  useno.o ABSOLUTE
    __use_no_exception_handling              0x00000000   Number         0  useno.o ABSOLUTE
    __use_no_fp                              0x00000000   Number         0  useno.o ABSOLUTE
    __use_no_heap                            0x00000000   Number         0  useno.o ABSOLUTE
    __use_no_heap_region                     0x00000000   Number         0  useno.o ABSOLUTE
    __use_no_semihosting                     0x00000000   Number         0  useno.o ABSOLUTE
    __use_no_semihosting_swi                 0x00000000   Number         0  useno.o ABSOLUTE
    __use_no_signal_handling                 0x00000000   Number         0  useno.o ABSOLUTE
    _printf_a                                0x00000000   Number         0  stubs.o ABSOLUTE
    _printf_c                                0x00000000   Number         0  stubs.o ABSOLUTE
    _printf_charcount                        0x00000000   Number         0  stubs.o ABSOLUTE
    _printf_d                                0x00000000   Number         0  stubs.o ABSOLUTE
    _printf_e                                0x00000000   Number         0  stubs.o ABSOLUTE
    _printf_f                                0x00000000   Number         0  stubs.o ABSOLUTE
    _printf_flags                            0x00000000   Number         0  stubs.o ABSOLUTE
    _printf_fp_dec                           0x00000000   Number         0  stubs.o ABSOLUTE
    _printf_fp_hex                           0x00000000   Number         0  stubs.o ABSOLUTE
    _printf_g                                0x00000000   Number         0  stubs.o ABSOLUTE
    _printf_i                                0x00000000   Number         0  stubs.o ABSOLUTE
    _printf_int_dec                          0x00000000   Number         0  stubs.o ABSOLUTE
    _printf_l                                0x00000000   Number         0  stubs.o ABSOLUTE
    _printf_lc                               0x00000000   Number         0  stubs.o ABSOLUTE
    _printf_ll                               0x00000000   Number         0  stubs.o ABSOLUTE
    _printf_lld                              0x00000000   Number         0  stubs.o ABSOLUTE
    _printf_lli                              0x00000000   Number         0  stubs.o ABSOLUTE
    _printf_llo                              0x00000000   Number         0  stubs.o ABSOLUTE
    _printf_llu                              0x00000000   Number         0  stubs.o ABSOLUTE
    _printf_llx                              0x00000000   Number         0  stubs.o ABSOLUTE
    _printf_longlong_dec                     0x00000000   Number         0  stubs.o ABSOLUTE
    _printf_longlong_hex                     0x00000000   Number         0  stubs.o ABSOLUTE
    _printf_longlong_oct                     0x00000000   Number         0  stubs.o ABSOLUTE
    _printf_ls                               0x00000000   Number         0  stubs.o ABSOLUTE
    _printf_mbtowc                           0x00000000   Number         0  stubs.o ABSOLUTE
    _printf_n                                0x00000000   Number         0  stubs.o ABSOLUTE
    _printf_o                                0x00000000   Number         0  stubs.o ABSOLUTE
    _printf_p                                0x00000000   Number         0  stubs.o ABSOLUTE
    _printf_percent                          0x00000000   Number         0  stubs.o ABSOLUTE
    _printf_pre_padding                      0x00000000   Number         0  stubs.o ABSOLUTE
    _printf_return_value                     0x00000000   Number         0  stubs.o ABSOLUTE
    _printf_s                                0x00000000   Number         0  stubs.o ABSOLUTE
    _printf_sizespec                         0x00000000   Number         0  stubs.o ABSOLUTE
    _printf_str                              0x00000000   Number         0  stubs.o ABSOLUTE
    _printf_truncate_signed                  0x00000000   Number         0  stubs.o ABSOLUTE
    _printf_truncate_unsigned                0x00000000   Number         0  stubs.o ABSOLUTE
    _printf_u                                0x00000000   Number         0  stubs.o ABSOLUTE
    _printf_wc                               0x00000000   Number         0  stubs.o ABSOLUTE
    _printf_wctomb                           0x00000000   Number         0  stubs.o ABSOLUTE
    _printf_widthprec                        0x00000000   Number         0  stubs.o ABSOLUTE
    _printf_x                                0x00000000   Number         0  stubs.o ABSOLUTE
    __cpp_initialize__aeabi_                  - Undefined Weak Reference
    __cxa_finalize                            - Undefined Weak Reference
    _clock_init                               - Undefined Weak Reference
    _microlib_exit                            - Undefined Weak Reference
    __Vectors_Size                           0x000000c0   Number         0  startup_armcm0.o ABSOLUTE
    __Vectors                                0x10000000   Data           4  startup_armcm0.o(RESET)
    __Vectors_End                            0x100000c0   Data           0  startup_armcm0.o(RESET)
    __main                                   0x100000c1   Thumb Code     0  entry.o(.ARM.Collect$$$$00000000)
    _main_stk                                0x100000c1   Thumb Code     0  entry2.o(.ARM.Collect$$$$00000001)
    _main_scatterload                        0x100000c5   Thumb Code     0  entry5.o(.ARM.Collect$$$$00000004)
    __main_after_scatterload                 0x100000c9   Thumb Code     0  entry5.o(.ARM.Collect$$$$00000004)
    _main_clock                              0x100000c9   Thumb Code     0  entry7b.o(.ARM.Collect$$$$00000008)
    _main_cpp_init                           0x100000c9   Thumb Code     0  entry8b.o(.ARM.Collect$$$$0000000A)
    _main_init                               0x100000c9   Thumb Code     0  entry9a.o(.ARM.Collect$$$$0000000B)
    __rt_final_cpp                           0x100000d1   Thumb Code     0  entry10a.o(.ARM.Collect$$$$0000000D)
    __rt_final_exit                          0x100000d1   Thumb Code     0  entry11a.o(.ARM.Collect$$$$0000000F)
    gpio_init                                0x10000111   Thumb Code   158  main.o(.text)
    BLSetConnectionUpdate                    0x10000213   Thumb Code    78  main.o(.text)
    Connection_latency                       0x10000261   Thumb Code    38  main.o(.text)
    BLE_SendUARTData                         0x10000287   Thumb Code    46  main.o(.text)
    ble_evt_callback                         0x10000389   Thumb Code   638  main.o(.text)
    ota_manage                               0x10000607   Thumb Code   116  main.o(.text)
    nvic_priority                            0x100006cb   Thumb Code   188  main.o(.text)
    main                                     0x10000787   Thumb Code   284  main.o(.text)
    HardFault_Handler                        0x100008a3   Thumb Code    10  main.o(.text)
    uartRx_callback                          0x10000bad   Thumb Code    58  uart_protocol.o(.text)
    uart_cmd                                 0x10000be7   Thumb Code    26  uart_protocol.o(.text)
    delay_ms                                 0x10000c09   Thumb Code    26  delay.o(.text)
    CmdFwErase                               0x10000c41   Thumb Code    22  ota.o(.text)
    ota_variable_clear                       0x10000c57   Thumb Code    24  ota.o(.text)
    ota_cmd                                  0x10000c6f   Thumb Code   522  ota.o(.text)
    ota_rsp                                  0x10000e79   Thumb Code    36  ota.o(.text)
    PIN_Pullup_Enable                        0x10001139   Thumb Code   102  gpio.o(.text)
    PIN_Pullup_Disable                       0x1000119f   Thumb Code   102  gpio.o(.text)
    GPIO_Set_Output                          0x10001205   Thumb Code    48  gpio.o(.text)
    GPIO_Set_Input                           0x10001235   Thumb Code   172  gpio.o(.text)
    GPIO_Pin_Set                             0x100012e1   Thumb Code    48  gpio.o(.text)
    GPIO_Pin_Clear                           0x10001311   Thumb Code    48  gpio.o(.text)
    GPIO_Pin_Turn                            0x10001341   Thumb Code    48  gpio.o(.text)
    GPIO_Pin_Read                            0x10001371   Thumb Code    34  gpio.o(.text)
    io_irq_enable                            0x10001393   Thumb Code   114  gpio.o(.text)
    GPIO_IRQHandler                          0x10001405   Thumb Code   116  gpio.o(.text)
    uart_0_init                              0x10001485   Thumb Code   170  uart.o(.text)
    uart_0_write                             0x1000152f   Thumb Code    22  uart.o(.text)
    uart_0_read                              0x10001545   Thumb Code    52  uart.o(.text)
    uart_0_ClrFiFo                           0x10001579   Thumb Code    14  uart.o(.text)
    UART0_IRQHandler                         0x10001587   Thumb Code    42  uart.o(.text)
    UART1_IRQHandler                         0x100015b1   Thumb Code    26  uart.o(.text)
    Timer_Evt_2s                             0x100015e9   Thumb Code    14  timer_handler.o(.text)
    Timer_EVT_1S_OTA                         0x100015f7   Thumb Code    14  timer_handler.o(.text)
    Timer_Evt_List                           0x10001605   Thumb Code    36  timer_handler.o(.text)
    RTC_Evt_185s                             0x10001635   Thumb Code    12  rtc_handler.o(.text)
    RTC_Evt_List                             0x10001641   Thumb Code    22  rtc_handler.o(.text)
    SEGGER_RTT_WriteNoLock                   0x10001747   Thumb Code    86  segger_rtt.o(.text)
    SEGGER_RTT_Write                         0x1000179d   Thumb Code    48  segger_rtt.o(.text)
    SEGGER_RTT_Init                          0x100017cd   Thumb Code     2  segger_rtt.o(.text)
    SEGGER_RTT_vprintf                       0x10001915   Thumb Code   452  segger_rtt_printf.o(.text)
    SEGGER_RTT_printf                        0x10001ad9   Thumb Code    24  segger_rtt_printf.o(.text)
    SEGGER_RTT_hexdump                       0x10001af1   Thumb Code    84  segger_rtt_printf.o(.text)
    Reset_Handler                            0x10001c2d   Thumb Code     8  startup_armcm0.o(.text)
    NMI_Handler                              0x10001c35   Thumb Code     2  startup_armcm0.o(.text)
    SVC_Handler                              0x10001c39   Thumb Code     2  startup_armcm0.o(.text)
    PendSV_Handler                           0x10001c3b   Thumb Code     2  startup_armcm0.o(.text)
    SysTick_Handler                          0x10001c3d   Thumb Code     2  startup_armcm0.o(.text)
    CAP_IRQHandler                           0x10001c3f   Thumb Code     0  startup_armcm0.o(.text)
    GPADC_IRQHandler                         0x10001c3f   Thumb Code     0  startup_armcm0.o(.text)
    HID_IRQHandler                           0x10001c3f   Thumb Code     0  startup_armcm0.o(.text)
    HPWM_IRQHandler                          0x10001c3f   Thumb Code     0  startup_armcm0.o(.text)
    HTIMER_IRQHandler                        0x10001c3f   Thumb Code     0  startup_armcm0.o(.text)
    I2C0_IRQHandler                          0x10001c3f   Thumb Code     0  startup_armcm0.o(.text)
    I2C1_IRQHandler                          0x10001c3f   Thumb Code     0  startup_armcm0.o(.text)
    IR_Rx_IRQHandler                         0x10001c3f   Thumb Code     0  startup_armcm0.o(.text)
    IR_Tx_IRQHandler                         0x10001c3f   Thumb Code     0  startup_armcm0.o(.text)
    ISO_7816_IRQHandler                      0x10001c3f   Thumb Code     0  startup_armcm0.o(.text)
    LLC2_IRQHandler                          0x10001c3f   Thumb Code     0  startup_armcm0.o(.text)
    LLC_IRQHandler                           0x10001c3f   Thumb Code     0  startup_armcm0.o(.text)
    SPIM_IRQHandler                          0x10001c3f   Thumb Code     0  startup_armcm0.o(.text)
    SW_IRQHandler                            0x10001c3f   Thumb Code     0  startup_armcm0.o(.text)
    TIMER3_IRQHandler                        0x10001c3f   Thumb Code     0  startup_armcm0.o(.text)
    TOUCH_IRQHandler                         0x10001c3f   Thumb Code     0  startup_armcm0.o(.text)
    SystemInit                               0x10001c49   Thumb Code     8  system_armcm0.o(.text)
    LLPingReq                                0x10001d7f   Thumb Code    26  main.o(.text)
    _BBGetMask                               0x10001fed   Thumb Code   158  main.o(.text)
    Lib_LLEvtCallback                        0x1000208b   Thumb Code   186  main.o(.text)
    ConnectionLatencyMode                    0x10002145   Thumb Code   112  main.o(.text)
    sw_timer_latency_callback                0x100021b5   Thumb Code    42  main.o(.text)
    TimerStart                               0x100021df   Thumb Code    10  main.o(.text)
    smart_latency_start                      0x100021e9   Thumb Code   212  main.o(.text)
    smart_update_latency_updatersp           0x100022bd   Thumb Code   162  main.o(.text)
    BBRFRead                                 0x1000235f   Thumb Code     4  main.o(.text)
    BBRFWrite                                0x10002363   Thumb Code     6  main.o(.text)
    RCOSCCalibration                         0x10002369   Thumb Code    64  main.o(.text)
    RFSleep                                  0x100023a9   Thumb Code    10  main.o(.text)
    UartEn                                   0x100023b3   Thumb Code    32  main.o(.text)
    _SYS32kClockSwitch                       0x100023d3   Thumb Code   264  main.o(.text)
    ClockSwitch                              0x100024db   Thumb Code    10  main.o(.text)
    RFWakeup                                 0x100024e5   Thumb Code    22  main.o(.text)
    LPOCalibration                           0x100024fb   Thumb Code   242  main.o(.text)
    smart_latency_clear                      0x100025ed   Thumb Code    12  main.o(.text)
    Lib_EvtCallback                          0x100025f9   Thumb Code   248  main.o(.text)
    _BMGetNextBondDevice                     0x100026f1   Thumb Code   144  main.o(.text)
    __LLVersionIndRxHandler                  0x10002875   Thumb Code    66  main.o(.text)
    GetMasterSystem                          0x100028b7   Thumb Code     6  main.o(.text)
    TimerStop                                0x100028bd   Thumb Code    56  main.o(.text)
    smart_update_retry                       0x100028f5   Thumb Code   158  main.o(.text)
    sw_timer_update_callback                 0x10002993   Thumb Code    60  main.o(.text)
    smart_update_latency_updatareq           0x100029cf   Thumb Code   496  main.o(.text)
    Lib_ProtocolHookCallback                 0x10002bbf   Thumb Code   116  main.o(.text)
    Lib_MiscCallback                         0x10002c33   Thumb Code    14  main.o(.text)
    BleInit                                  0x10002c41   Thumb Code   348  main.o(.text)
    DisConnect                               0x10002d9d   Thumb Code    10  main.o(.text)
    SetDevAddr                               0x10002da7   Thumb Code    12  main.o(.text)
    GetDevAddr                               0x10002db3   Thumb Code    12  main.o(.text)
    SetLEFeature                             0x10002dbf   Thumb Code    12  main.o(.text)
    SetAdvAccCode                            0x10002dcb   Thumb Code    12  main.o(.text)
    SetAdvParams                             0x10002dd7   Thumb Code    12  main.o(.text)
    SetAdvData                               0x10002de3   Thumb Code    12  main.o(.text)
    StartAdv                                 0x1000301d   Thumb Code    10  main.o(.text)
    StopAdv                                  0x10003027   Thumb Code    24  main.o(.text)
    StopAdv_Noreset                          0x1000303f   Thumb Code    38  main.o(.text)
    SetScanParams                            0x10003065   Thumb Code    10  main.o(.text)
    _BBSetScan                               0x1000306f   Thumb Code    46  main.o(.text)
    _GAPStartScan                            0x1000309d   Thumb Code   230  main.o(.text)
    StartScan                                0x10003183   Thumb Code    10  main.o(.text)
    StopScan                                 0x1000318d   Thumb Code    10  main.o(.text)
    SetSecParams                             0x10003197   Thumb Code    12  main.o(.text)
    SetConnectionUpdate                      0x100031a3   Thumb Code    12  main.o(.text)
    GetLinkParameters                        0x100031af   Thumb Code    12  main.o(.text)
    SetWinWideMinusCnt                       0x100031bb   Thumb Code     8  main.o(.text)
    SetPasskey                               0x100031c3   Thumb Code    12  main.o(.text)
    SecurityReq                              0x100031cf   Thumb Code    12  main.o(.text)
    SetEvtCallback                           0x100031db   Thumb Code    54  main.o(.text)
    GetGATTReportHandle                      0x10003211   Thumb Code    10  main.o(.text)
    SetGATTReadRsp                           0x1000321b   Thumb Code    12  main.o(.text)
    CheckFIFOFull                            0x10003227   Thumb Code    18  main.o(.text)
    GATTDataSend                             0x10003239   Thumb Code    86  main.o(.text)
    ATTCSetCallback                          0x1000328f   Thumb Code     4  main.o(.text)
    ATTCMTUReq                               0x10003293   Thumb Code    24  main.o(.text)
    ATTCFindInfoReq                          0x100032ab   Thumb Code    28  main.o(.text)
    ATTCFindByTypeValueReq                   0x100032c7   Thumb Code    40  main.o(.text)
    ATTCReadByTypeReq                        0x100032ef   Thumb Code    36  main.o(.text)
    ATTCReadReq                              0x10003313   Thumb Code    24  main.o(.text)
    ATTCReadBlobReq                          0x1000332b   Thumb Code    28  main.o(.text)
    ATTCReadMultipleReq                      0x10003347   Thumb Code    28  main.o(.text)
    ATTCReadByGroupTypeReq                   0x10003363   Thumb Code    34  main.o(.text)
    ATTCWriteReq                             0x10003385   Thumb Code    32  main.o(.text)
    ATTCWriteCmdReq                          0x100033a5   Thumb Code    32  main.o(.text)
    ATTCPrepareWriteReq                      0x100033c5   Thumb Code    36  main.o(.text)
    ATTCExecuteWriteReq                      0x100033e9   Thumb Code    24  main.o(.text)
    ATTCConfirmation                         0x10003401   Thumb Code    20  main.o(.text)
    _SYSClockSwitch                          0x10003415   Thumb Code    86  main.o(.text)
    MCUClockSwitch                           0x1000346b   Thumb Code     2  main.o(.text)
    GetMCUClock                              0x1000346d   Thumb Code    14  main.o(.text)
    GetClock                                 0x1000347b   Thumb Code    16  main.o(.text)
    WakeupConfig                             0x1000348b   Thumb Code    12  main.o(.text)
    LLSleep                                  0x10003497   Thumb Code    12  main.o(.text)
    Rand                                     0x100034a3   Thumb Code     4  main.o(.text)
    DelayUS                                  0x100034a7   Thumb Code     4  main.o(.text)
    DelayMS                                  0x100034ab   Thumb Code     6  main.o(.text)
    GetCompanyID                             0x100034b1   Thumb Code    18  main.o(.text)
    GetQFNType                               0x100034c3   Thumb Code    20  main.o(.text)
    RFRead                                   0x100034d7   Thumb Code     8  main.o(.text)
    RFWrite                                  0x100034df   Thumb Code     8  main.o(.text)
    lib_check_ble_fsm_state                  0x100034e7   Thumb Code    26  main.o(.text)
    SystemSleep                              0x10003501   Thumb Code    20  main.o(.text)
    SystemPowerDown                          0x10003515   Thumb Code   140  main.o(.text)
    SystemReset                              0x100035a1   Thumb Code    10  main.o(.text)
    CapdetEn                                 0x100035ab   Thumb Code    10  main.o(.text)
    PowerDownLPOEn                           0x100035b5   Thumb Code    12  main.o(.text)
    SetBondManagerIndex                      0x100035c1   Thumb Code    12  main.o(.text)
    GetBondDevice                            0x100035cd   Thumb Code     6  main.o(.text)
    AddBondDevice                            0x100035d3   Thumb Code    12  main.o(.text)
    DelAllBondDevice                         0x100035df   Thumb Code    10  main.o(.text)
    DelBondDevice                            0x100035e9   Thumb Code    12  main.o(.text)
    ReadProfileData                          0x100035f5   Thumb Code     6  main.o(.text)
    WriteProfileData                         0x100035fb   Thumb Code     6  main.o(.text)
    EraseFlashData                           0x10003601   Thumb Code    78  main.o(.text)
    ReadFlashData                            0x1000364f   Thumb Code    56  main.o(.text)
    WriteFlashData                           0x10003687   Thumb Code    56  main.o(.text)
    CodeErase                                0x100036bf   Thumb Code   100  main.o(.text)
    CodeErase_sector                         0x10003723   Thumb Code    72  main.o(.text)
    _FMCodeWrite                             0x1000376b   Thumb Code    58  main.o(.text)
    CodeWrite                                0x100037a5   Thumb Code    30  main.o(.text)
    CodeUpdate                               0x100037c3   Thumb Code    10  main.o(.text)
    FlashDataUpdate                          0x100037cd   Thumb Code   124  main.o(.text)
    ble_sched_execute                        0x10003849   Thumb Code   150  main.o(.text)
    ble_sched_finish                         0x100038df   Thumb Code     4  main.o(.text)
    syd52832_chip_confirm                    0x100038e3   Thumb Code    26  main.o(.text)
    gap_s_smart_update_latency               0x100038fd   Thumb Code   238  main.o(.text)
    eFuseManual                              0x100039eb   Thumb Code    28  main.o(.text)
    GPADC_Manual_Calibration                 0x10003a07   Thumb Code    34  main.o(.text)
    GPADC_Get_Calibration                    0x10003a29   Thumb Code    22  main.o(.text)
    GAPGetUartEn                             0x10003a3f   Thumb Code     6  main.o(.text)
    GAPUartEn                                0x10003a45   Thumb Code     6  main.o(.text)
    GAPBBDelayUS                             0x10003a4b   Thumb Code     4  main.o(.text)
    GAPBBDelayMS                             0x10003a4f   Thumb Code     6  main.o(.text)
    GAPGetRFAutoSleep                        0x10003a55   Thumb Code     4  main.o(.text)
    GAPSetRFAutoSleep                        0x10003a59   Thumb Code     6  main.o(.text)
    Setting4kUpdate                          0x10003a5f   Thumb Code   114  main.o(.text)
    SetDevAddr_toflash                       0x10003ad1   Thumb Code    72  main.o(.text)
    gap_s_verdor_datas_get                   0x10003b19   Thumb Code    28  main.o(.text)
    gap_s_verdor_datas_set                   0x10003b35   Thumb Code    66  main.o(.text)
    gap_s_is_ll_start_enc                    0x10003b77   Thumb Code    26  main.o(.text)
    GAPBBTXFIFO0Write                        0x10003b91   Thumb Code     4  main.o(.text)
    flash_peotect_key_confirm                0x10003b95   Thumb Code   148  main.o(.text)
    swd_lock                                 0x10003c29   Thumb Code    36  main.o(.text)
    flash_data_offect_get                    0x10003c4d   Thumb Code    50  main.o(.text)
    EraseCodeB                               0x10003c7f   Thumb Code    56  main.o(.text)
    ReadCodeB                                0x10003cb7   Thumb Code    62  main.o(.text)
    WriteCodeB                               0x10003cf5   Thumb Code    62  main.o(.text)
    ble_SetTxPower                           0x10003d33   Thumb Code   284  main.o(.text)
    flash_data_size_get                      0x10003e4f   Thumb Code    18  main.o(.text)
    code_idx_get                             0x10003e61   Thumb Code     6  main.o(.text)
    flash_data_size_set                      0x10003e67   Thumb Code   146  main.o(.text)
    Get_RSSI_Last_RX                         0x10003ef9   Thumb Code    82  main.o(.text)
    APP_Read_Attribute_Encrypt               0x10003f4b   Thumb Code    62  main.o(.text)
    APP_Write_Attribute_Encrypt              0x10003f89   Thumb Code    66  main.o(.text)
    APP_Read_Charact_Permission              0x10003fcb   Thumb Code    66  main.o(.text)
    smart_latency_target                     0x1000400d   Thumb Code    30  main.o(.text)
    smp_aes_encrypt                          0x1000402b   Thumb Code     4  main.o(.text)
    gap_get_flash_data_info                  0x1000402f   Thumb Code    26  main.o(.text)
    gap_set_flash_data_info                  0x10004049   Thumb Code    70  main.o(.text)
    gap_check_dev_bonded                     0x1000408f   Thumb Code     6  main.o(.text)
    syd_set_chip_flash_all_size              0x10004095   Thumb Code     6  main.o(.text)
    Xtal_trim_get                            0x1000409b   Thumb Code   106  main.o(.text)
    Xtal_trim_set                            0x10004105   Thumb Code   164  main.o(.text)
    Timer_Evt_Creat                          0x100043c1   Thumb Code    54  timer.o(.text)
    Min                                      0x100043f7   Thumb Code     8  timer.o(.text)
    TimerDelayUS                             0x100043ff   Thumb Code    24  timer.o(.text)
    timer_0_disable                          0x10004417   Thumb Code    48  timer.o(.text)
    timer_0_enable                           0x10004447   Thumb Code    96  timer.o(.text)
    timer_0_start                            0x100044a7   Thumb Code     2  timer.o(.text)
    timer_0_get                              0x10004517   Thumb Code    92  timer.o(.text)
    Timer_Evt_Stop                           0x10004573   Thumb Code   120  timer.o(.text)
    Timer_Evt_ReSet                          0x100045eb   Thumb Code    64  timer.o(.text)
    Timer_Evt_Clr                            0x1000462b   Thumb Code    10  timer.o(.text)
    Timer_Evt_Start                          0x10004635   Thumb Code   156  timer.o(.text)
    Timer_Evt_ReStart                        0x100046d1   Thumb Code   132  timer.o(.text)
    Timer_Get_State                          0x10004755   Thumb Code    34  timer.o(.text)
    SYD_Timer_Init                           0x10004777   Thumb Code    34  timer.o(.text)
    timer_0_delay_32us                       0x10004799   Thumb Code    92  timer.o(.text)
    TIMER0_IRQHandler                        0x100047f5   Thumb Code    32  timer.o(.text)
    timer_1_enable                           0x10004815   Thumb Code    96  timer.o(.text)
    timer_1_disable                          0x10004875   Thumb Code    48  timer.o(.text)
    TIMER1_IRQHandler                        0x100048a5   Thumb Code    32  timer.o(.text)
    timer_2_enable                           0x100048c5   Thumb Code    96  timer.o(.text)
    timer_1_get                              0x10004925   Thumb Code    34  timer.o(.text)
    timer_2_get                              0x10004947   Thumb Code    34  timer.o(.text)
    timer_2_disable                          0x10004969   Thumb Code    48  timer.o(.text)
    TIMER2_IRQHandler                        0x10004999   Thumb Code    32  timer.o(.text)
    rtc_get_calendar                         0x100049f5   Thumb Code    40  rtc.o(.text)
    RTC_RUN                                  0x10004a1d   Thumb Code    66  rtc.o(.text)
    rtc_set_compare                          0x10004a5f   Thumb Code    68  rtc.o(.text)
    RTC_SET                                  0x10004aa3   Thumb Code    84  rtc.o(.text)
    RTC_Refressh                             0x10004af7   Thumb Code    76  rtc.o(.text)
    RTC_EVT_Creat                            0x10004b43   Thumb Code    32  rtc.o(.text)
    Min_RTC                                  0x10004b63   Thumb Code     8  rtc.o(.text)
    rtc_int_disable                          0x10004b6b   Thumb Code    24  rtc.o(.text)
    RTC_EVT_Clr                              0x10004c19   Thumb Code    10  rtc.o(.text)
    RTC_EVT_Stop                             0x10004c23   Thumb Code   112  rtc.o(.text)
    RTC_EVT_Start                            0x10004c93   Thumb Code   146  rtc.o(.text)
    RTC_EVT_whole_minute_setid               0x10004d25   Thumb Code     6  rtc.o(.text)
    RTC_EVT_whole_minute_adj                 0x10004d2b   Thumb Code   132  rtc.o(.text)
    RTC_Get_State                            0x10004daf   Thumb Code    54  rtc.o(.text)
    rtc_start                                0x10004de5   Thumb Code    28  rtc.o(.text)
    rtc_set_interrupt_callback               0x10004e01   Thumb Code     6  rtc.o(.text)
    rtc_int_enable                           0x10004e07   Thumb Code    22  rtc.o(.text)
    rtc_int_clear                            0x10004e1d   Thumb Code    22  rtc.o(.text)
    rtc_set_calendar                         0x10004e33   Thumb Code    40  rtc.o(.text)
    rtc_set_prescaler                        0x10004e5b   Thumb Code    34  rtc.o(.text)
    rtc_clear                                0x10004e7d   Thumb Code    18  rtc.o(.text)
    rtc_stop                                 0x10004e8f   Thumb Code    30  rtc.o(.text)
    rtc_init                                 0x10004ead   Thumb Code   126  rtc.o(.text)
    SYD_RTC_Init                             0x10004f2b   Thumb Code    40  rtc.o(.text)
    RTC_IRQHandler                           0x10004f53   Thumb Code    30  rtc.o(.text)
    rtc_status                               0x10004f71   Thumb Code     6  rtc.o(.text)
    rtc_get_compare                          0x10004f77   Thumb Code    52  rtc.o(.text)
    __aeabi_uidiv                            0x10004fbd   Thumb Code     0  uidiv.o(.text)
    __aeabi_uidivmod                         0x10004fbd   Thumb Code    44  uidiv.o(.text)
    __aeabi_idiv                             0x10004fe9   Thumb Code     0  idiv.o(.text)
    __aeabi_idivmod                          0x10004fe9   Thumb Code    40  idiv.o(.text)
    __aeabi_memcpy                           0x10005011   Thumb Code    36  memcpya.o(.text)
    __aeabi_memcpy4                          0x10005011   Thumb Code     0  memcpya.o(.text)
    __aeabi_memcpy8                          0x10005011   Thumb Code     0  memcpya.o(.text)
    __aeabi_memset                           0x10005035   Thumb Code    14  memseta.o(.text)
    __aeabi_memset4                          0x10005035   Thumb Code     0  memseta.o(.text)
    __aeabi_memset8                          0x10005035   Thumb Code     0  memseta.o(.text)
    __aeabi_memclr                           0x10005043   Thumb Code     4  memseta.o(.text)
    __aeabi_memclr4                          0x10005043   Thumb Code     0  memseta.o(.text)
    __aeabi_memclr8                          0x10005043   Thumb Code     0  memseta.o(.text)
    _memset$wrapper                          0x10005047   Thumb Code    18  memseta.o(.text)
    memcmp                                   0x10005059   Thumb Code    26  memcmp.o(.text)
    strcpy                                   0x10005073   Thumb Code    18  strcpy.o(.text)
    __aeabi_uread4                           0x10005085   Thumb Code    20  uread4.o(.text)
    __rt_uread4                              0x10005085   Thumb Code     0  uread4.o(.text)
    _uread4                                  0x10005085   Thumb Code     0  uread4.o(.text)
    __aeabi_uwrite4                          0x10005099   Thumb Code    18  uwrite4.o(.text)
    __rt_uwrite4                             0x10005099   Thumb Code     0  uwrite4.o(.text)
    _uwrite4                                 0x10005099   Thumb Code     0  uwrite4.o(.text)
    __aeabi_fadd                             0x100050ab   Thumb Code   162  fadd.o(.text)
    __aeabi_fsub                             0x1000514d   Thumb Code     8  fadd.o(.text)
    __aeabi_frsub                            0x10005155   Thumb Code     8  fadd.o(.text)
    __aeabi_dadd                             0x1000515d   Thumb Code   328  dadd.o(.text)
    __aeabi_dsub                             0x100052a5   Thumb Code    12  dadd.o(.text)
    __aeabi_drsub                            0x100052b1   Thumb Code    12  dadd.o(.text)
    __aeabi_dmul                             0x100052c1   Thumb Code   202  dmul.o(.text)
    __aeabi_ddiv                             0x10005391   Thumb Code   234  ddiv.o(.text)
    __aeabi_ui2f                             0x10005481   Thumb Code    14  ffltui.o(.text)
    __aeabi_i2d                              0x10005491   Thumb Code    34  dflti.o(.text)
    __aeabi_ui2d                             0x100054b9   Thumb Code    24  dfltui.o(.text)
    __aeabi_d2uiz                            0x100054d5   Thumb Code    50  dfixui.o(.text)
    __aeabi_f2d                              0x10005511   Thumb Code    40  f2d.o(.text)
    __aeabi_uldivmod                         0x10005539   Thumb Code    96  uldiv.o(.text)
    __aeabi_llsl                             0x10005599   Thumb Code    32  llshl.o(.text)
    _ll_shift_l                              0x10005599   Thumb Code     0  llshl.o(.text)
    __aeabi_llsr                             0x100055b9   Thumb Code    34  llushr.o(.text)
    _ll_ushift_r                             0x100055b9   Thumb Code     0  llushr.o(.text)
    __aeabi_lasr                             0x100055db   Thumb Code    38  llsshr.o(.text)
    _ll_sshift_r                             0x100055db   Thumb Code     0  llsshr.o(.text)
    __I$use$fp                               0x10005601   Thumb Code     0  iusefp.o(.text)
    _float_round                             0x10005601   Thumb Code    16  fepilogue.o(.text)
    _float_epilogue                          0x10005611   Thumb Code   114  fepilogue.o(.text)
    _double_round                            0x10005683   Thumb Code    26  depilogue.o(.text)
    _double_epilogue                         0x1000569d   Thumb Code   164  depilogue.o(.text)
    __aeabi_d2ulz                            0x10005741   Thumb Code    54  dfixul.o(.text)
    __aeabi_cdrcmple                         0x10005781   Thumb Code    38  cdrcmple.o(.text)
    __scatterload                            0x100057a9   Thumb Code    28  init.o(.text)
    __scatterload_rt2                        0x100057a9   Thumb Code     0  init.o(.text)
    __decompress                             0x100057cd   Thumb Code     0  __dczerorl2.o(.text)
    __decompress1                            0x100057cd   Thumb Code    86  __dczerorl2.o(.text)
    __0sprintf                               0x10005825   Thumb Code    36  printfa.o(i.__0sprintf)
    __1sprintf                               0x10005825   Thumb Code     0  printfa.o(i.__0sprintf)
    __2sprintf                               0x10005825   Thumb Code     0  printfa.o(i.__0sprintf)
    __c89sprintf                             0x10005825   Thumb Code     0  printfa.o(i.__0sprintf)
    sprintf                                  0x10005825   Thumb Code     0  printfa.o(i.__0sprintf)
    __ARM_clz                                0x1000584d   Thumb Code    46  depilogue.o(i.__ARM_clz)
    __ARM_common_switch8                     0x1000587b   Thumb Code    26  main.o(i.__ARM_common_switch8)
    __scatterload_copy                       0x10005895   Thumb Code    14  handlers.o(i.__scatterload_copy)
    __scatterload_null                       0x100058a3   Thumb Code     2  handlers.o(i.__scatterload_null)
    __scatterload_zeroinit                   0x100058a5   Thumb Code    14  handlers.o(i.__scatterload_zeroinit)
    adv_chn_to_freq_idx                      0x1000617a   Data           3  main.o(.constdata)
    Region$$Table$$Base                      0x100061a4   Number         0  anon$$obj.o(Region$$Table)
    Region$$Table$$Limit                     0x100061c4   Number         0  anon$$obj.o(Region$$Table)
    connect_flag                             0x20003000   Data           1  main.o(.data)
    update_latency_mode                      0x20003002   Data           1  main.o(.data)
    ADV_DATA                                 0x2000300c   Data          27  main.o(.data)
    SCAN_DATA                                0x20003027   Data          20  main.o(.data)
    ota_state                                0x2000303c   Data           1  ota.o(.data)
    ota_writecnt                             0x2000303d   Data           1  ota.o(.data)
    ota_section_size                         0x2000303e   Data           2  ota.o(.data)
    ota_receive_size                         0x20003040   Data           2  ota.o(.data)
    ota_section_check                        0x20003042   Data           2  ota.o(.data)
    ota_receive_check                        0x20003044   Data           2  ota.o(.data)
    ota_section_offset                       0x20003048   Data           4  ota.o(.data)
    pevt                                     0x2000304c   Data           4  ota.o(.data)
    PIN_CONFIG                               0x20003058   Data           4  gpio.o(.data)
    GPIO_CTRL                                0x2000305c   Data           4  gpio.o(.data)
    GPO_CTRL                                 0x20003060   Data           4  gpio.o(.data)
    GPI_CTRL                                 0x20003064   Data           4  gpio.o(.data)
    GPIO_IRQ_CTRL                            0x20003068   Data           4  gpio.o(.data)
    syd_history_setting_str                  0x200030a8   Data           4  rtc_handler.o(.data)
    SystemCoreClock                          0x200030ac   Data           4  system_armcm0.o(.data)
    master_system                            0x200030b5   Data           1  main.o(.data)
    p_gett_db_hdr                            0x200030cc   Data           4  main.o(.data)
    Event_Num                                0x200030f0   Data           1  timer.o(.data)
    max_trigger_timer                        0x200030f8   Data           4  timer.o(.data)
    TIMER_EVT                                0x200030fc   Data           4  timer.o(.data)
    Timer_Evt_Trigger_Loop_now               0x20003100   Data           4  timer.o(.data)
    sys_timer_max_p                          0x20003104   Data           4  timer.o(.data)
    sys_timer_current_p                      0x20003108   Data           4  timer.o(.data)
    RTC_Event_Num                            0x2000310d   Data           1  rtc.o(.data)
    max_trigger_rtc                          0x20003110   Data           4  rtc.o(.data)
    RTC_EVT                                  0x20003114   Data           4  rtc.o(.data)
    RTC_RTCEVT_Trigger_Loop_now              0x20003118   Data           4  rtc.o(.data)
    RTC_second_now                           0x2000311c   Data           4  rtc.o(.data)
    sys_rtc_max_p                            0x20003120   Data           4  rtc.o(.data)
    sys_rtc_current_p                        0x20003124   Data           4  rtc.o(.data)
    RTCEVT_whole_minute_id                   0x20003128   Data           4  rtc.o(.data)
    RTC_second_last                          0x20003130   Data           4  rtc.o(.data)
    uart_rx_buf                              0x20003134   Data        1032  main.o(.bss)
    uart_tx_buf                              0x2000353c   Data        1160  main.o(.bss)
    ota_w                                    0x200039c4   Data          40  ota.o(.bss)
    syd_sysTimer                             0x200039ec   Data          48  timer_handler.o(.bss)
    syd_rtc                                  0x20003a1c   Data          24  rtc_handler.o(.bss)
    _SEGGER_RTT                              0x20003a34   Data          72  segger_rtt.o(.bss)
    __initial_sp                             0x20004300   Data           0  startup_armcm0.o(STACK)



==============================================================================

Memory Map of the image

  Image Entry point : 0x100000c1

  Load Region LR_IROM1 (Base: 0x10000000, Size: 0x000062f8, Max: 0x0003f000, ABSOLUTE, COMPRESSED[0x00006260])

    Execution Region ER_IROM1 (Exec base: 0x10000000, Load base: 0x10000000, Size: 0x000061c4, Max: 0x0003f000, ABSOLUTE)

    Exec Addr    Load Addr    Size         Type   Attr      Idx    E Section Name        Object

    0x10000000   0x10000000   0x000000c0   Data   RO          700    RESET               startup_armcm0.o
    0x100000c0   0x100000c0   0x00000000   Code   RO          941  * .ARM.Collect$$$$00000000  mc_p.l(entry.o)
    0x100000c0   0x100000c0   0x00000004   Code   RO         1250    .ARM.Collect$$$$00000001  mc_p.l(entry2.o)
    0x100000c4   0x100000c4   0x00000004   Code   RO         1253    .ARM.Collect$$$$00000004  mc_p.l(entry5.o)
    0x100000c8   0x100000c8   0x00000000   Code   RO         1255    .ARM.Collect$$$$00000008  mc_p.l(entry7b.o)
    0x100000c8   0x100000c8   0x00000000   Code   RO         1257    .ARM.Collect$$$$0000000A  mc_p.l(entry8b.o)
    0x100000c8   0x100000c8   0x00000008   Code   RO         1258    .ARM.Collect$$$$0000000B  mc_p.l(entry9a.o)
    0x100000d0   0x100000d0   0x00000000   Code   RO         1260    .ARM.Collect$$$$0000000D  mc_p.l(entry10a.o)
    0x100000d0   0x100000d0   0x00000000   Code   RO         1262    .ARM.Collect$$$$0000000F  mc_p.l(entry11a.o)
    0x100000d0   0x100000d0   0x00000004   Code   RO         1251    .ARM.Collect$$$$00002712  mc_p.l(entry2.o)
    0x100000d4   0x100000d4   0x00000ad8   Code   RO            3    .text               main.o
    0x10000bac   0x10000bac   0x0000005c   Code   RO          101    .text               uart_protocol.o
    0x10000c08   0x10000c08   0x00000020   Code   RO          128    .text               delay.o
    0x10000c28   0x10000c28   0x00000510   Code   RO          154    .text               ota.o
    0x10001138   0x10001138   0x0000034c   Code   RO          197    .text               gpio.o
    0x10001484   0x10001484   0x00000164   Code   RO          261    .text               uart.o
    0x100015e8   0x100015e8   0x0000004c   Code   RO          328    .text               timer_handler.o
    0x10001634   0x10001634   0x0000002c   Code   RO          361    .text               rtc_handler.o
    0x10001660   0x10001660   0x000001a4   Code   RO          389    .text               segger_rtt.o
    0x10001804   0x10001804   0x00000428   Code   RO          558    .text               segger_rtt_printf.o
    0x10001c2c   0x10001c2c   0x0000001c   Code   RO          701    .text               startup_armcm0.o
    0x10001c48   0x10001c48   0x00000010   Code   RO          708    .text               system_armcm0.o
    0x10001c58   0x10001c58   0x00002768   Code   RO          739    .text               syd8811_ble_lib.lib(main.o)
    0x100043c0   0x100043c0   0x00000634   Code   RO          838    .text               Syd8811_softtimer_lib.lib(timer.o)
    0x100049f4   0x100049f4   0x000005c8   Code   RO          906    .text               Syd8811_softtimer_lib.lib(rtc.o)
    0x10004fbc   0x10004fbc   0x0000002c   Code   RO          949    .text               mc_p.l(uidiv.o)
    0x10004fe8   0x10004fe8   0x00000028   Code   RO          951    .text               mc_p.l(idiv.o)
    0x10005010   0x10005010   0x00000024   Code   RO          953    .text               mc_p.l(memcpya.o)
    0x10005034   0x10005034   0x00000024   Code   RO          955    .text               mc_p.l(memseta.o)
    0x10005058   0x10005058   0x0000001a   Code   RO          961    .text               mc_p.l(memcmp.o)
    0x10005072   0x10005072   0x00000012   Code   RO          963    .text               mc_p.l(strcpy.o)
    0x10005084   0x10005084   0x00000014   Code   RO         1228    .text               mc_p.l(uread4.o)
    0x10005098   0x10005098   0x00000012   Code   RO         1230    .text               mc_p.l(uwrite4.o)
    0x100050aa   0x100050aa   0x000000b2   Code   RO         1232    .text               mf_p.l(fadd.o)
    0x1000515c   0x1000515c   0x00000164   Code   RO         1234    .text               mf_p.l(dadd.o)
    0x100052c0   0x100052c0   0x000000d0   Code   RO         1236    .text               mf_p.l(dmul.o)
    0x10005390   0x10005390   0x000000f0   Code   RO         1238    .text               mf_p.l(ddiv.o)
    0x10005480   0x10005480   0x0000000e   Code   RO         1240    .text               mf_p.l(ffltui.o)
    0x1000548e   0x1000548e   0x00000002   PAD
    0x10005490   0x10005490   0x00000028   Code   RO         1242    .text               mf_p.l(dflti.o)
    0x100054b8   0x100054b8   0x0000001c   Code   RO         1244    .text               mf_p.l(dfltui.o)
    0x100054d4   0x100054d4   0x0000003c   Code   RO         1246    .text               mf_p.l(dfixui.o)
    0x10005510   0x10005510   0x00000028   Code   RO         1248    .text               mf_p.l(f2d.o)
    0x10005538   0x10005538   0x00000060   Code   RO         1265    .text               mc_p.l(uldiv.o)
    0x10005598   0x10005598   0x00000020   Code   RO         1267    .text               mc_p.l(llshl.o)
    0x100055b8   0x100055b8   0x00000022   Code   RO         1269    .text               mc_p.l(llushr.o)
    0x100055da   0x100055da   0x00000026   Code   RO         1271    .text               mc_p.l(llsshr.o)
    0x10005600   0x10005600   0x00000000   Code   RO         1273    .text               mc_p.l(iusefp.o)
    0x10005600   0x10005600   0x00000082   Code   RO         1275    .text               mf_p.l(fepilogue.o)
    0x10005682   0x10005682   0x000000be   Code   RO         1277    .text               mf_p.l(depilogue.o)
    0x10005740   0x10005740   0x00000040   Code   RO         1281    .text               mf_p.l(dfixul.o)
    0x10005780   0x10005780   0x00000028   Code   RO         1283    .text               mf_p.l(cdrcmple.o)
    0x100057a8   0x100057a8   0x00000024   Code   RO         1285    .text               mc_p.l(init.o)
    0x100057cc   0x100057cc   0x00000056   Code   RO         1295    .text               mc_p.l(__dczerorl2.o)
    0x10005822   0x10005822   0x00000002   PAD
    0x10005824   0x10005824   0x00000028   Code   RO         1202    i.__0sprintf        mc_p.l(printfa.o)
    0x1000584c   0x1000584c   0x0000002e   Code   RO         1279    i.__ARM_clz         mf_p.l(depilogue.o)
    0x1000587a   0x1000587a   0x0000001a   Code   RO           23    i.__ARM_common_switch8  main.o
    0x10005894   0x10005894   0x0000000e   Code   RO         1289    i.__scatterload_copy  mc_p.l(handlers.o)
    0x100058a2   0x100058a2   0x00000002   Code   RO         1290    i.__scatterload_null  mc_p.l(handlers.o)
    0x100058a4   0x100058a4   0x0000000e   Code   RO         1291    i.__scatterload_zeroinit  mc_p.l(handlers.o)
    0x100058b2   0x100058b2   0x00000002   PAD
    0x100058b4   0x100058b4   0x00000174   Code   RO         1207    i._fp_digits        mc_p.l(printfa.o)
    0x10005a28   0x10005a28   0x000006ec   Code   RO         1208    i._printf_core      mc_p.l(printfa.o)
    0x10006114   0x10006114   0x00000020   Code   RO         1209    i._printf_post_padding  mc_p.l(printfa.o)
    0x10006134   0x10006134   0x0000002c   Code   RO         1210    i._printf_pre_padding  mc_p.l(printfa.o)
    0x10006160   0x10006160   0x0000000a   Code   RO         1212    i._sputc            mc_p.l(printfa.o)
    0x1000616a   0x1000616a   0x00000010   Data   RO          559    .constdata          segger_rtt_printf.o
    0x1000617a   0x1000617a   0x00000028   Data   RO          741    .constdata          syd8811_ble_lib.lib(main.o)
    0x100061a2   0x100061a2   0x00000002   PAD
    0x100061a4   0x100061a4   0x00000020   Data   RO         1287    Region$$Table       anon$$obj.o


    Execution Region RW_IRAM1 (Exec base: 0x20003000, Load base: 0x100061c4, Size: 0x00001300, Max: 0x00005000, ABSOLUTE, COMPRESSED[0x0000009c])

    Exec Addr    Load Addr    Size         Type   Attr      Idx    E Section Name        Object

    0x20003000   COMPRESSED   0x0000003b   Data   RW            5    .data               main.o
    0x2000303b   COMPRESSED   0x00000001   PAD
    0x2000303c   COMPRESSED   0x0000001c   Data   RW          156    .data               ota.o
    0x20003058   COMPRESSED   0x00000048   Data   RW          203    .data               gpio.o
    0x200030a0   COMPRESSED   0x00000008   Data   RW          268    .data               uart.o
    0x200030a8   COMPRESSED   0x00000004   Data   RW          363    .data               rtc_handler.o
    0x200030ac   COMPRESSED   0x00000004   Data   RW          709    .data               system_armcm0.o
    0x200030b0   COMPRESSED   0x00000040   Data   RW          742    .data               syd8811_ble_lib.lib(main.o)
    0x200030f0   COMPRESSED   0x0000001c   Data   RW          840    .data               Syd8811_softtimer_lib.lib(timer.o)
    0x2000310c   COMPRESSED   0x00000028   Data   RW          907    .data               Syd8811_softtimer_lib.lib(rtc.o)
    0x20003134        -       0x00000890   Zero   RW            4    .bss                main.o
    0x200039c4        -       0x00000028   Zero   RW          155    .bss                ota.o
    0x200039ec        -       0x00000030   Zero   RW          329    .bss                timer_handler.o
    0x20003a1c        -       0x00000018   Zero   RW          362    .bss                rtc_handler.o
    0x20003a34        -       0x00000458   Zero   RW          413    .bss                segger_rtt.o
    0x20003e8c        -       0x00000068   Zero   RW          740    .bss                syd8811_ble_lib.lib(main.o)
    0x20003ef4        -       0x0000000c   Zero   RW          839    .bss                Syd8811_softtimer_lib.lib(timer.o)
    0x20003f00        -       0x00000400   Zero   RW          698    STACK               startup_armcm0.o


==============================================================================

Image component sizes


      Code (inc. data)   RO Data    RW Data    ZI Data      Debug   Object Name

        32          6          0          0          0        635   delay.o
       844         12          0         72          0      11895   gpio.o
      2802        698          0         59       2192      52937   main.o
      1296        370          0         28         40      35545   ota.o
        44         10          0          4         24       3143   rtc_handler.o
       420         32          0          0       1112       7080   segger_rtt.o
      1064         32         16          0          0       6288   segger_rtt_printf.o
        28          8        192          0       1024        704   startup_armcm0.o
        16          8          0          4          0        839   system_armcm0.o
        76         12          0          0         48       3222   timer_handler.o
       356         12          0          8          0      10088   uart.o
        92          8          0          0          0       1351   uart_protocol.o

    ----------------------------------------------------------------------
      7070       1208        240        176       4440     133727   Object Totals
         0          0         32          0          0          0   (incl. Generated)
         0          0          0          1          0          0   (incl. Padding)

    ----------------------------------------------------------------------

      Code (inc. data)   RO Data    RW Data    ZI Data      Debug   Library Member Name

      1480         38          0         40          0      17091   rtc.o
      1588         38          0         28         12      45840   timer.o
        86          0          0          0          0          0   __dczerorl2.o
         0          0          0          0          0          0   entry.o
         0          0          0          0          0          0   entry10a.o
         0          0          0          0          0          0   entry11a.o
         8          4          0          0          0          0   entry2.o
         4          0          0          0          0          0   entry5.o
         0          0          0          0          0          0   entry7b.o
         0          0          0          0          0          0   entry8b.o
         8          4          0          0          0          0   entry9a.o
        30          0          0          0          0          0   handlers.o
        40          0          0          0          0         72   idiv.o
        36          8          0          0          0         68   init.o
         0          0          0          0          0          0   iusefp.o
        32          0          0          0          0         68   llshl.o
        38          0          0          0          0         68   llsshr.o
        34          0          0          0          0         68   llushr.o
        26          0          0          0          0         72   memcmp.o
        36          0          0          0          0         60   memcpya.o
        36          0          0          0          0        100   memseta.o
      2270         94          0          0          0        472   printfa.o
        18          0          0          0          0         60   strcpy.o
        44          0          0          0          0         72   uidiv.o
        96          0          0          0          0         84   uldiv.o
        20          0          0          0          0         60   uread4.o
        18          0          0          0          0         60   uwrite4.o
        40          2          0          0          0         68   cdrcmple.o
       356          4          0          0          0        140   dadd.o
       240          6          0          0          0         84   ddiv.o
       236          0          0          0          0        216   depilogue.o
        60         10          0          0          0         68   dfixui.o
        64         10          0          0          0         68   dfixul.o
        40          6          0          0          0         68   dflti.o
        28          4          0          0          0         68   dfltui.o
       208          6          0          0          0         88   dmul.o
        40          0          0          0          0         60   f2d.o
       178          0          0          0          0        108   fadd.o
       130          0          0          0          0        144   fepilogue.o
        14          0          0          0          0         68   ffltui.o
     10088        482         40         64        104     111373   main.o

    ----------------------------------------------------------------------
     17676        716         42        132        116     176936   Library Totals
         6          0          2          0          0          0   (incl. Padding)

    ----------------------------------------------------------------------

      Code (inc. data)   RO Data    RW Data    ZI Data      Debug   Library Name

      3068         76          0         68         12      62931   Syd8811_softtimer_lib.lib
      2880        110          0          0          0       1384   mc_p.l
      1634         48          0          0          0       1248   mf_p.l
     10088        482         40         64        104     111373   syd8811_ble_lib.lib

    ----------------------------------------------------------------------
     17676        716         42        132        116     176936   Library Totals

    ----------------------------------------------------------------------

==============================================================================


      Code (inc. data)   RO Data    RW Data    ZI Data      Debug   

     24746       1924        282        308       4556     308195   Grand Totals
     24746       1924        282        156       4556     308195   ELF Image Totals (compressed)
     24746       1924        282        156          0          0   ROM Totals

==============================================================================

    Total RO  Size (Code + RO Data)                25028 (  24.44kB)
    Total RW  Size (RW Data + ZI Data)              4864 (   4.75kB)
    Total ROM Size (Code + RO Data + RW Data)      25184 (  24.59kB)

==============================================================================

